******************************************************************************
                  TI ARM Linker PC v17.9.0                     
******************************************************************************
>> Linked Mon Apr 23 14:33:19 2018

OUTPUT FILE NAME:   <qei_mit_pwm.out>
ENTRY POINT SYMBOL: "_c_int00_noargs"  address: 0000415d


MEMORY CONFIGURATION

         name            origin    length      used     unused   attr    fill
----------------------  --------  ---------  --------  --------  ----  --------
  FLASH                 00000000   00040000  00004b88  0003b478  R  X
  SRAM                  20000000   00008000  000009a8  00007658  RW X


SEGMENT ALLOCATION MAP

run origin  load origin   length   init length attrs members
----------  ----------- ---------- ----------- ----- -------
00000000    00000000    00004b90   00004b90    r-x
  00000000    00000000    0000026c   0000026c    r-- .intvecs
  0000026c    0000026c    000043f8   000043f8    r-x .text
  00004668    00004668    000004bc   000004bc    r-- .const
  00004b28    00004b28    00000068   00000068    r-- .cinit
20000000    20000000    000009ac   00000000    rw-
  20000000    20000000    0000026c   00000000    rw- .vtable
  20000270    20000270    00000600   00000000    rw- .stack
  20000870    20000870    000000e0   00000000    rw- .data
  20000950    20000950    0000005c   00000000    rw- .bss


SECTION ALLOCATION MAP

 output                                  attributes/
section   page    origin      length       input sections
--------  ----  ----------  ----------   ----------------
.intvecs   0    00000000    0000026c     
                  00000000    0000026c     tm4c123gh6pm_startup_ccs.obj (.intvecs)

.text      0    0000026c    000043f8     
                  0000026c    000016c8     main.obj (.text)
                  00001934    00000a18     rtsv7M4_T_le_v4SPD16_eabi.lib : _scanfi.obj (.text)
                  0000234c    0000045c                                   : strtod.obj (.text)
                  000027a8    000001f4                                   : ull_div_t2.obj (.text)
                  0000299c    000001dc                                   : strtoll.obj (.text)
                  00002b78    000001b6                                   : fd_add_t2.obj (.text)
                  00002d2e    00000002                                   : i_div0.obj (.text)
                  00002d30    0000015c                                   : strtoull.obj (.text)
                  00002e8c    00000136                                   : fd_div_t2.obj (.text)
                  00002fc2    00000002     --HOLE-- [fill = 0]
                  00002fc4    00000134                                   : strtol.obj (.text)
                  000030f8    00000132     driverlib.lib : gpio.obj (.text:GPIOPadConfigSet)
                  0000322a    00000130                   : can.obj (.text:CANMessageSet)
                  0000335a    00000002     --HOLE-- [fill = 0]
                  0000335c    00000114     rtsv7M4_T_le_v4SPD16_eabi.lib : strtoul.obj (.text)
                  00003470    00000110     driverlib.lib : sysctl.obj (.text:SysCtlClockGet)
                  00003580    0000010e                   : can.obj (.text:CANMessageGet)
                  0000368e    000000fc     rtsv7M4_T_le_v4SPD16_eabi.lib : fd_mul_t2.obj (.text)
                  0000378a    00000002     --HOLE-- [fill = 0]
                  0000378c    000000f4     driverlib.lib : sysctl.obj (.text:SysCtlClockSet)
                  00003880    000000f4     rtsv7M4_T_le_v4SPD16_eabi.lib : s_scalbn.obj (.text)
                  00003974    000000cc                                   : sscanf.obj (.text)
                  00003a40    0000009c                                   : memcpy_t2.obj (.text)
                  00003adc    00000086                                   : fd_cmp_t2.obj (.text:__aeabi_cdcmple)
                  00003b62    0000007a                                   : memset_t2.obj (.text)
                  00003bdc    0000006e                                   : fd_tos_t2.obj (.text)
                  00003c4a    00000002     --HOLE-- [fill = 0]
                  00003c4c    0000006c     driverlib.lib : can.obj (.text:CANBitRateSet)
                  00003cb8    00000068                   : interrupt.obj (.text:IntEnable)
                  00003d20    00000068     rtsv7M4_T_le_v4SPD16_eabi.lib : copy_decompress_lzss.obj (.text:decompress:lzss)
                  00003d88    00000060     driverlib.lib : timer.obj (.text:TimerConfigure)
                  00003de8    00000058                   : gpio.obj (.text:GPIOIntTypeSet)
                  00003e40    0000004c                   : gpio.obj (.text:GPIOPinConfigure)
                  00003e8c    0000004c     rtsv7M4_T_le_v4SPD16_eabi.lib : atoi.obj (.text)
                  00003ed8    00000048                                   : fd_toi_t2.obj (.text)
                  00003f20    00000046     driverlib.lib : uart.obj (.text:UARTConfigSetExpClk)
                  00003f66    00000002     --HOLE-- [fill = 0]
                  00003f68    00000044     rtsv7M4_T_le_v4SPD16_eabi.lib : autoinit.obj (.text:__TI_auto_init_nobinit_nopinit)
                  00003fac    00000044                                   : fd_tou_t2.obj (.text)
                  00003ff0    00000040     driverlib.lib : can.obj (.text:CANStatusGet)
                  00004030    00000040                   : gpio.obj (.text:_GPIOIntNumberGet)
                  00004070    00000040     rtsv7M4_T_le_v4SPD16_eabi.lib : u_divt2.obj (.text)
                  000040b0    0000003a     driverlib.lib : can.obj (.text:CANInit)
                  000040ea    00000002     --HOLE-- [fill = 0]
                  000040ec    00000038                   : sysctl.obj (.text:SysCtlPeripheralPresent)
                  00004124    00000038                   : sysctl.obj (.text:SysCtlPeripheralReady)
                  0000415c    00000038     rtsv7M4_T_le_v4SPD16_eabi.lib : boot_cortex_m.obj (.text:_c_int00_noargs)
                  00004194    00000038                                   : fs_tod_t2.obj (.text)
                  000041cc    00000034     driverlib.lib : interrupt.obj (.text:IntRegister)
                  00004200    00000034                   : sysctl.obj (.text:SysCtlPeripheralEnable)
                  00004234    0000002c                   : gpio.obj (.text:GPIODirModeSet)
                  00004260    0000002a                   : can.obj (.text:_CANDataRegRead)
                  0000428a    00000024                   : can.obj (.text:_CANDataRegWrite)
                  000042ae    00000022                   : can.obj (.text:CANIntClear)
                  000042d0    00000022                   : pwm.obj (.text:PWMGenConfigure)
                  000042f2    00000020                   : can.obj (.text:CANIntStatus)
                  00004312    00000002     --HOLE-- [fill = 0]
                  00004314    00000020                   : uart.obj (.text:UARTDisable)
                  00004334    00000020     rtsv7M4_T_le_v4SPD16_eabi.lib : u_tofd_t2.obj (.text)
                  00004354    0000001e     driverlib.lib : pwm.obj (.text:PWMPulseWidthSet)
                  00004372    00000018                   : gpio.obj (.text:GPIOIntRegister)
                  0000438a    00000018                   : gpio.obj (.text:GPIOPinTypeGPIOOutput)
                  000043a2    00000018     rtsv7M4_T_le_v4SPD16_eabi.lib : ll_mul_t2.obj (.text)
                  000043ba    00000018                                   : strrchr.obj (.text)
                  000043d2    00000016     driverlib.lib : gpio.obj (.text:GPIOPinTypeCAN)
                  000043e8    00000016                   : gpio.obj (.text:GPIOPinTypeGPIOInput)
                  000043fe    00000016                   : gpio.obj (.text:GPIOPinTypePWM)
                  00004414    00000016                   : gpio.obj (.text:GPIOPinTypeQEI)
                  0000442a    00000016                   : gpio.obj (.text:GPIOPinTypeUART)
                  00004440    00000016     rtsv7M4_T_le_v4SPD16_eabi.lib : strchr.obj (.text)
                  00004456    00000002     --HOLE-- [fill = 0]
                  00004458    00000014     driverlib.lib : sysctl.obj (.text:SysCtlPWMClockSet)
                  0000446c    00000014                   : uart.obj (.text:UARTEnable)
                  00004480    00000014     rtsv7M4_T_le_v4SPD16_eabi.lib : s_copysign.obj (.text)
                  00004494    00000014                                   : strcpy.obj (.text)
                  000044a8    00000014                                   : strlen.obj (.text)
                  000044bc    00000012     driverlib.lib : pwm.obj (.text:PWMOutputState)
                  000044ce    00000012                   : timer.obj (.text:TimerLoadSet)
                  000044e0    00000012     rtsv7M4_T_le_v4SPD16_eabi.lib : copy_zero_init.obj (.text:decompress:ZI:__TI_zero_init_nomemset)
                  000044f2    00000002     --HOLE-- [fill = 0]
                  000044f4    00000010     driverlib.lib : fpu.obj (.text:FPUEnable)
                  00004504    00000010                   : fpu.obj (.text:FPULazyStackingEnable)
                  00004514    00000010                   : interrupt.obj (.text:IntMasterEnable)
                  00004524    00000010                   : pwm.obj (.text:PWMGenPeriodSet)
                  00004534    00000010                   : qei.obj (.text:QEIVelocityConfigure)
                  00004544    0000000e                   : gpio.obj (.text:GPIOIntDisable)
                  00004552    0000000e                   : gpio.obj (.text:GPIOIntStatus)
                  00004560    0000000e                   : qei.obj (.text:QEIConfigure)
                  0000456e    0000000e                   : timer.obj (.text:TimerEnable)
                  0000457c    0000000e                   : uart.obj (.text:UARTCharsAvail)
                  0000458a    0000000e     rtsv7M4_T_le_v4SPD16_eabi.lib : copy_decompress_none.obj (.text:decompress:none)
                  00004598    0000000c     driverlib.lib : cpu.obj (.text:CPUcpsie)
                  000045a4    0000000c                   : gpio.obj (.text:GPIOIntEnable)
                  000045b0    0000000c                   : pwm.obj (.text:PWMGenEnable)
                  000045bc    0000000c     tm4c123gh6pm_startup_ccs.obj (.text)
                  000045c8    0000000a     driverlib.lib : can.obj (.text:CANEnable)
                  000045d2    0000000a                   : qei.obj (.text:QEIDisable)
                  000045dc    0000000a                   : qei.obj (.text:QEIEnable)
                  000045e6    0000000a                   : qei.obj (.text:QEIIntDisable)
                  000045f0    0000000a                   : qei.obj (.text:QEIVelocityEnable)
                  000045fa    0000000a                   : uart.obj (.text:UARTCharGet)
                  00004604    0000000a                   : uart.obj (.text:UARTCharPut)
                  0000460e    0000000a                   : uart.obj (.text:UARTIntStatus)
                  00004618    00000008                   : can.obj (.text:CANIntEnable)
                  00004620    00000008                   : timer.obj (.text:TimerIntEnable)
                  00004628    00000008                   : uart.obj (.text:UARTIntEnable)
                  00004630    00000006                   : gpio.obj (.text:GPIOIntClear)
                  00004636    00000006                   : gpio.obj (.text:GPIOPinWrite)
                  0000463c    00000006                   : sysctl.obj (.text:SysCtlDelay)
                  00004642    00000006                   : uart.obj (.text:UARTClockSourceSet)
                  00004648    00000004                   : qei.obj (.text:QEIPositionGet)
                  0000464c    00000004                   : qei.obj (.text:QEIPositionSet)
                  00004650    00000004                   : qei.obj (.text:QEIVelocityGet)
                  00004654    00000004                   : timer.obj (.text:TimerIntClear)
                  00004658    00000004                   : uart.obj (.text:UARTIntClear)
                  0000465c    00000004     rtsv7M4_T_le_v4SPD16_eabi.lib : exit.obj (.text:abort)
                  00004660    00000004                                   : pre_init.obj (.text)

.const     0    00004668    000004bc     
                  00004668    00000101     rtsv7M4_T_le_v4SPD16_eabi.lib : ctype.obj (.const:.string:_ctypes_)
                  00004769    00000003     --HOLE-- [fill = 0]
                  0000476c    00000004     main.obj (.const)
                  00004770    000000c8     rtsv7M4_T_le_v4SPD16_eabi.lib : strtod.obj (.const:$O1$$)
                  00004838    000000c0     driverlib.lib : gpio.obj (.const:g_ppui32GPIOIntMapBlizzard)
                  000048f8    000000c0                   : gpio.obj (.const:g_ppui32GPIOIntMapSnowflake)
                  000049b8    00000090                   : gpio.obj (.const:g_pui32GPIOBaseAddrs)
                  00004a48    0000006c                   : sysctl.obj (.const:g_pui32Xtals)
                  00004ab4    00000020                   : can.obj (.const:g_ui16CANBitValues)
                  00004ad4    00000014                   : interrupt.obj (.const:g_pui32EnRegs)
                  00004ae8    00000012     main.obj (.const:.string)
                  00004afa    00000002     --HOLE-- [fill = 0]
                  00004afc    00000010     rtsv7M4_T_le_v4SPD16_eabi.lib : _scanfi.obj (.const:$O1$$)
                  00004b0c    0000000c     main.obj (.const:g_ui32UARTBase)
                  00004b18    0000000c     main.obj (.const:g_ui32UARTPeriph)

.cinit     0    00004b28    00000068     
                  00004b28    00000031     (.cinit..data.load) [load image, compression = lzss]
                  00004b59    00000003     --HOLE-- [fill = 0]
                  00004b5c    0000000c     (__TI_handler_table)
                  00004b68    00000008     (.cinit..bss.load) [load image, compression = zero_init]
                  00004b70    00000008     (.cinit..vtable.load) [load image, compression = zero_init]
                  00004b78    00000018     (__TI_cinit_table)

.init_array 
*          0    00000000    00000000     UNINITIALIZED

.vtable    0    20000000    0000026c     UNINITIALIZED
                  20000000    0000026c     driverlib.lib : interrupt.obj (.vtable)

.data      0    20000870    000000e0     UNINITIALIZED
                  20000870    000000d7     main.obj (.data)
                  20000947    00000001     --HOLE--
                  20000948    00000004     rtsv7M4_T_le_v4SPD16_eabi.lib : errno.obj (.data)
                  2000094c    00000004     main.obj (.data:stateTable)

.bss       0    20000950    0000005c     UNINITIALIZED
                  20000950    00000014     (.common:sCANMessageRX)
                  20000964    00000014     (.common:sCANMessageTX)
                  20000978    00000008     (.common:ui8MsgDataRX)
                  20000980    00000008     (.common:ui8MsgDataTX)
                  20000988    00000004     (.common:currMode)
                  2000098c    00000004     (.common:currPosition0)
                  20000990    00000004     (.common:currPosition1)
                  20000994    00000004     (.common:currVel0)
                  20000998    00000004     (.common:currVel1)
                  2000099c    00000004     (.common:desiredAngle1)
                  200009a0    00000004     (.common:desiredAngle2)
                  200009a4    00000004     (.common:pui8MsgDataRX)
                  200009a8    00000004     (.common:pui8MsgDataTX)

.stack     0    20000270    00000600     UNINITIALIZED
                  20000270    00000004     rtsv7M4_T_le_v4SPD16_eabi.lib : boot_cortex_m.obj (.stack)
                  20000274    000005fc     --HOLE--

MODULE SUMMARY

       Module                         code    ro data   rw data
       ------                         ----    -------   -------
    .\
       main.obj                       5832    46        311    
       tm4c123gh6pm_startup_ccs.obj   12      620       0      
    +--+------------------------------+-------+---------+---------+
       Total:                         5844    666       311    
                                                               
    C:/ti/TivaWare_C_Series-2.1.3.156/driverlib/ccs/Debug/driverlib.lib
       gpio.obj                       788     528       0      
       can.obj                        966     32        0      
       sysctl.obj                     706     108       0      
       interrupt.obj                  172     20        620    
       uart.obj                       184     0         0      
       timer.obj                      140     0         0      
       pwm.obj                        110     0         0      
       qei.obj                        82      0         0      
       fpu.obj                        32      0         0      
       cpu.obj                        12      0         0      
    +--+------------------------------+-------+---------+---------+
       Total:                         3192    688       620    
                                                               
    C:\ti\ccsv7\tools\compiler\ti-cgt-arm_17.9.0.STS\lib\rtsv7M4_T_le_v4SPD16_eabi.lib
       _scanfi.obj                    2584    16        0      
       strtod.obj                     1116    200       0      
       ull_div_t2.obj                 500     0         0      
       strtoll.obj                    476     0         0      
       fd_add_t2.obj                  438     0         0      
       strtoull.obj                   348     0         0      
       fd_div_t2.obj                  310     0         0      
       strtol.obj                     308     0         0      
       strtoul.obj                    276     0         0      
       ctype.obj                      0       257       0      
       fd_mul_t2.obj                  252     0         0      
       s_scalbn.obj                   244     0         0      
       sscanf.obj                     204     0         0      
       memcpy_t2.obj                  156     0         0      
       fd_cmp_t2.obj                  134     0         0      
       memset_t2.obj                  122     0         0      
       fd_tos_t2.obj                  110     0         0      
       copy_decompress_lzss.obj       104     0         0      
       atoi.obj                       76      0         0      
       fd_toi_t2.obj                  72      0         0      
       autoinit.obj                   68      0         0      
       fd_tou_t2.obj                  68      0         0      
       u_divt2.obj                    64      0         0      
       boot_cortex_m.obj              56      0         0      
       fs_tod_t2.obj                  56      0         0      
       u_tofd_t2.obj                  32      0         0      
       ll_mul_t2.obj                  24      0         0      
       strrchr.obj                    24      0         0      
       strchr.obj                     22      0         0      
       s_copysign.obj                 20      0         0      
       strcpy.obj                     20      0         0      
       strlen.obj                     20      0         0      
       copy_zero_init.obj             18      0         0      
       copy_decompress_none.obj       14      0         0      
       errno.obj                      0       0         4      
       exit.obj                       4       0         0      
       pre_init.obj                   4       0         0      
       i_div0.obj                     2       0         0      
    +--+------------------------------+-------+---------+---------+
       Total:                         8346    473       4      
                                                               
       Stack:                         0       0         1536   
       Linker Generated:              0       101       0      
    +--+------------------------------+-------+---------+---------+
       Grand Total:                   17382   1928      2471   


LINKER GENERATED COPY TABLES

__TI_cinit_table @ 00004b78 records: 3, size/record: 8, table size: 24
	.data: load addr=00004b28, load size=00000031 bytes, run addr=20000870, run size=000000e0 bytes, compression=lzss
	.bss: load addr=00004b68, load size=00000008 bytes, run addr=20000950, run size=0000005c bytes, compression=zero_init
	.vtable: load addr=00004b70, load size=00000008 bytes, run addr=20000000, run size=0000026c bytes, compression=zero_init


LINKER GENERATED HANDLER TABLE

__TI_handler_table @ 00004b5c records: 3, size/record: 4, table size: 12
	index: 0, handler: __TI_zero_init
	index: 1, handler: __TI_decompress_lzss
	index: 2, handler: __TI_decompress_none


GLOBAL SYMBOLS: SORTED ALPHABETICALLY BY Name 

address   name                          
-------   ----                          
0000465d  C$$EXIT                       
00003c4d  CANBitRateSet                 
000045c9  CANEnable                     
000040b1  CANInit                       
000042af  CANIntClear                   
00004619  CANIntEnable                  
00000727  CANIntHandler                 
000042f3  CANIntStatus                  
00003581  CANMessageGet                 
0000322b  CANMessageSet                 
00000c31  CANRXmsgconfig                
00003ff1  CANStatusGet                  
00000c69  CANTXmsgconfig                
00000cd9  CANconfig                     
00000ae9  CANget                        
00000bb9  CANsend                       
00004599  CPUcpsie                      
000044f5  FPUEnable                     
00004505  FPULazyStackingEnable         
00004235  GPIODirModeSet                
00004631  GPIOIntClear                  
00004545  GPIOIntDisable                
000045a5  GPIOIntEnable                 
00004373  GPIOIntRegister               
00004553  GPIOIntStatus                 
00003de9  GPIOIntTypeSet                
000030f9  GPIOPadConfigSet              
00003e41  GPIOPinConfigure              
000043d3  GPIOPinTypeCAN                
000043e9  GPIOPinTypeGPIOInput          
0000438b  GPIOPinTypeGPIOOutput         
000043ff  GPIOPinTypePWM                
00004415  GPIOPinTypeQEI                
0000442b  GPIOPinTypeUART               
00004637  GPIOPinWrite                  
00001801  GPIOconfig                    
00001855  InitConsole                   
00003cb9  IntEnable                     
00004515  IntMasterEnable               
000041cd  IntRegister                   
200008a0  Kd0                           
200008ac  Kd1                           
200008f0  Kdv0                          
200008fc  Kdv1                          
200008a4  Ki0                           
200008b0  Ki1                           
200008f4  Kiv0                          
20000900  Kiv1                          
2000089c  Kp0                           
200008a8  Kp1                           
200008ec  Kpv0                          
200008f8  Kpv1                          
0000116d  PIDPosupdate                  
00000e69  PIDVelupdate                  
000009ed  PULSEconfig                   
0000099d  PULSEorderconfig              
00000a51  PULSEsend                     
000042d1  PWMGenConfigure               
000045b1  PWMGenEnable                  
00004525  PWMGenPeriodSet               
000044bd  PWMOutputState                
00004355  PWMPulseWidthSet              
00001769  PWMconfig                     
000006f7  PortDIntHandler               
0000153d  QEI0angleGet                  
0000157b  QEI0posGet                    
0000159d  QEI0zero                      
000015c5  QEI1angleGet                  
0000160d  QEI1posGet                    
00001631  QEI1zero                      
00004561  QEIConfigure                  
000045d3  QEIDisable                    
000045dd  QEIEnable                     
000045e7  QEIIntDisable                 
00004649  QEIPositionGet                
0000464d  QEIPositionSet                
00004535  QEIVelocityConfigure          
000045f1  QEIVelocityEnable             
00004651  QEIVelocityGet                
0000164d  QEIconfig                     
00001715  QEIvelocityConfig             
000045bd  ResetISR                      
00003471  SysCtlClockGet                
0000378d  SysCtlClockSet                
0000463d  SysCtlDelay                   
00004459  SysCtlPWMClockSet             
00004201  SysCtlPeripheralEnable        
000040ed  SysCtlPeripheralPresent       
00004125  SysCtlPeripheralReady         
00001431  TIMERconfig                   
0000078f  Timer2IntHandler              
00003d89  TimerConfigure                
0000456f  TimerEnable                   
00004655  TimerIntClear                 
00004621  TimerIntEnable                
000044cf  TimerLoadSet                  
000045fb  UARTCharGet                   
00004605  UARTCharPut                   
0000457d  UARTCharsAvail                
00004643  UARTClockSourceSet            
00003f21  UARTConfigSetExpClk           
00004315  UARTDisable                   
0000446d  UARTEnable                    
00004659  UARTIntClear                  
00004629  UARTIntEnable                 
000007b3  UARTIntHandler                
0000460f  UARTIntStatus                 
0000026d  UARTStdioConfig               
000003b3  UARTgetc                      
000002f9  UARTgets                      
000006d3  UARTprintf                    
000003d9  UARTvprintf                   
000002b3  UARTwrite                     
20000870  __STACK_END                   
00000600  __STACK_SIZE                  
20000470  __STACK_TOP                   
00004b78  __TI_CINIT_Base               
00004b90  __TI_CINIT_Limit              
00004b5c  __TI_Handler_Table_Base       
00004b68  __TI_Handler_Table_Limit      
00003f69  __TI_auto_init_nobinit_nopinit
00003d21  __TI_decompress_lzss          
0000458b  __TI_decompress_none          
ffffffff  __TI_pprof_out_hndl           
ffffffff  __TI_prof_data_size           
ffffffff  __TI_prof_data_start          
00001935  __TI_scanfi                   
00000000  __TI_static_base__            
000044e1  __TI_zero_init_nomemset       
00003add  __aeabi_cdcmpeq               
00003add  __aeabi_cdcmple               
00003bdd  __aeabi_d2f                   
00003ed9  __aeabi_d2iz                  
00003fad  __aeabi_d2uiz                 
00002b83  __aeabi_dadd                  
00002e8d  __aeabi_ddiv                  
0000368f  __aeabi_dmul                  
00002b79  __aeabi_dsub                  
00004195  __aeabi_f2d                   
00002d2f  __aeabi_idiv0                 
000043a3  __aeabi_lmul                  
00003b63  __aeabi_memclr                
00003b63  __aeabi_memclr4               
00003b63  __aeabi_memclr8               
00003a41  __aeabi_memcpy                
00003a41  __aeabi_memcpy4               
00003a41  __aeabi_memcpy8               
00003b65  __aeabi_memset                
00003b65  __aeabi_memset4               
00003b65  __aeabi_memset8               
00004335  __aeabi_ui2d                  
00004071  __aeabi_uidiv                 
00004071  __aeabi_uidivmod              
000027a9  __aeabi_uldivmod              
ffffffff  __binit__                     
ffffffff  __c_args__                    
UNDEFED   __mpu_init                    
20000270  __stack                       
0000415d  _c_int00_noargs               
00004668  _ctypes_                      
UNDEFED   _system_post_cinit            
00004661  _system_pre_init              
0000465d  abort                         
000014d1  angleToPosition               
00003e8d  atoi                          
ffffffff  binit                         
2000093c  config_flag                   
200008c4  controlsig0                   
200008d8  controlsig1                   
20000914  controlsigv0                  
20000928  controlsigv1                  
00004481  copysign                      
00004481  copysignl                     
00000d41  counttoRPM                    
20000988  currMode                      
2000098c  currPosition0                 
20000990  currPosition1                 
20000994  currVel0                      
20000998  currVel1                      
2000099c  desiredAngle1                 
200009a0  desiredAngle2                 
20000878  desiredPos0                   
2000087c  desiredPos1                   
20000884  desiredVel0                   
20000888  desiredVel1                   
2000088c  dir0                          
20000894  dir1                          
200008dc  dirv0                         
200008e4  dirv1                         
200008bc  ediv0                         
200008d0  ediv1                         
2000090c  edivv0                        
20000920  edivv1                        
200008c0  eint0                         
200008d4  eint1                         
20000910  eintv0                        
20000924  eintv1                        
200008b8  eprev0                        
200008cc  eprev1                        
20000908  eprevv0                       
2000091c  eprevv1                       
20000948  errno                         
200008b4  error0                        
200008c8  error1                        
20000904  errorv0                       
20000918  errorv1                       
20000930  first_node_flag               
20000945  g_bErrFlag                    
20000944  g_bRXFlag                     
20000000  g_pfnRAMVectors               
00000000  g_pfnVectors                  
20000940  g_ui32MsgCount                
20000938  interrupt_counter             
00003881  ldexp                         
00003881  ldexpl                        
2000092c  ledFlag                       
00000839  main                          
00003a41  memcpy                        
00003b6b  memset                        
20000880  motornum                      
00001505  positionToAngle               
200009a4  pui8MsgDataRX                 
200009a8  pui8MsgDataTX                 
20000874  pwmSpeed                      
20000890  pwmout0                       
20000898  pwmout1                       
200008e0  pwmoutv0                      
200008e8  pwmoutv1                      
20000950  sCANMessageRX                 
20000964  sCANMessageTX                 
00003881  scalbn                        
00003881  scalbnl                       
00001481  setSpeed                      
00003987  sscanf                        
2000094c  stateTable                    
00004441  strchr                        
00004495  strcpy                        
000044a9  strlen                        
000043bb  strrchr                       
0000234d  strtod                        
00002fc5  strtol                        
0000234d  strtold                       
0000299d  strtoll                       
0000335d  strtoul                       
00002d31  strtoull                      
00000943  tellAngle                     
20000934  txID                          
20000978  ui8MsgDataRX                  
20000980  ui8MsgDataTX                  
00003975  vsscanf                       


GLOBAL SYMBOLS: SORTED BY Symbol Address 

address   name                          
-------   ----                          
00000000  __TI_static_base__            
00000000  g_pfnVectors                  
0000026d  UARTStdioConfig               
000002b3  UARTwrite                     
000002f9  UARTgets                      
000003b3  UARTgetc                      
000003d9  UARTvprintf                   
00000600  __STACK_SIZE                  
000006d3  UARTprintf                    
000006f7  PortDIntHandler               
00000727  CANIntHandler                 
0000078f  Timer2IntHandler              
000007b3  UARTIntHandler                
00000839  main                          
00000943  tellAngle                     
0000099d  PULSEorderconfig              
000009ed  PULSEconfig                   
00000a51  PULSEsend                     
00000ae9  CANget                        
00000bb9  CANsend                       
00000c31  CANRXmsgconfig                
00000c69  CANTXmsgconfig                
00000cd9  CANconfig                     
00000d41  counttoRPM                    
00000e69  PIDVelupdate                  
0000116d  PIDPosupdate                  
00001431  TIMERconfig                   
00001481  setSpeed                      
000014d1  angleToPosition               
00001505  positionToAngle               
0000153d  QEI0angleGet                  
0000157b  QEI0posGet                    
0000159d  QEI0zero                      
000015c5  QEI1angleGet                  
0000160d  QEI1posGet                    
00001631  QEI1zero                      
0000164d  QEIconfig                     
00001715  QEIvelocityConfig             
00001769  PWMconfig                     
00001801  GPIOconfig                    
00001855  InitConsole                   
00001935  __TI_scanfi                   
0000234d  strtod                        
0000234d  strtold                       
000027a9  __aeabi_uldivmod              
0000299d  strtoll                       
00002b79  __aeabi_dsub                  
00002b83  __aeabi_dadd                  
00002d2f  __aeabi_idiv0                 
00002d31  strtoull                      
00002e8d  __aeabi_ddiv                  
00002fc5  strtol                        
000030f9  GPIOPadConfigSet              
0000322b  CANMessageSet                 
0000335d  strtoul                       
00003471  SysCtlClockGet                
00003581  CANMessageGet                 
0000368f  __aeabi_dmul                  
0000378d  SysCtlClockSet                
00003881  ldexp                         
00003881  ldexpl                        
00003881  scalbn                        
00003881  scalbnl                       
00003975  vsscanf                       
00003987  sscanf                        
00003a41  __aeabi_memcpy                
00003a41  __aeabi_memcpy4               
00003a41  __aeabi_memcpy8               
00003a41  memcpy                        
00003add  __aeabi_cdcmpeq               
00003add  __aeabi_cdcmple               
00003b63  __aeabi_memclr                
00003b63  __aeabi_memclr4               
00003b63  __aeabi_memclr8               
00003b65  __aeabi_memset                
00003b65  __aeabi_memset4               
00003b65  __aeabi_memset8               
00003b6b  memset                        
00003bdd  __aeabi_d2f                   
00003c4d  CANBitRateSet                 
00003cb9  IntEnable                     
00003d21  __TI_decompress_lzss          
00003d89  TimerConfigure                
00003de9  GPIOIntTypeSet                
00003e41  GPIOPinConfigure              
00003e8d  atoi                          
00003ed9  __aeabi_d2iz                  
00003f21  UARTConfigSetExpClk           
00003f69  __TI_auto_init_nobinit_nopinit
00003fad  __aeabi_d2uiz                 
00003ff1  CANStatusGet                  
00004071  __aeabi_uidiv                 
00004071  __aeabi_uidivmod              
000040b1  CANInit                       
000040ed  SysCtlPeripheralPresent       
00004125  SysCtlPeripheralReady         
0000415d  _c_int00_noargs               
00004195  __aeabi_f2d                   
000041cd  IntRegister                   
00004201  SysCtlPeripheralEnable        
00004235  GPIODirModeSet                
000042af  CANIntClear                   
000042d1  PWMGenConfigure               
000042f3  CANIntStatus                  
00004315  UARTDisable                   
00004335  __aeabi_ui2d                  
00004355  PWMPulseWidthSet              
00004373  GPIOIntRegister               
0000438b  GPIOPinTypeGPIOOutput         
000043a3  __aeabi_lmul                  
000043bb  strrchr                       
000043d3  GPIOPinTypeCAN                
000043e9  GPIOPinTypeGPIOInput          
000043ff  GPIOPinTypePWM                
00004415  GPIOPinTypeQEI                
0000442b  GPIOPinTypeUART               
00004441  strchr                        
00004459  SysCtlPWMClockSet             
0000446d  UARTEnable                    
00004481  copysign                      
00004481  copysignl                     
00004495  strcpy                        
000044a9  strlen                        
000044bd  PWMOutputState                
000044cf  TimerLoadSet                  
000044e1  __TI_zero_init_nomemset       
000044f5  FPUEnable                     
00004505  FPULazyStackingEnable         
00004515  IntMasterEnable               
00004525  PWMGenPeriodSet               
00004535  QEIVelocityConfigure          
00004545  GPIOIntDisable                
00004553  GPIOIntStatus                 
00004561  QEIConfigure                  
0000456f  TimerEnable                   
0000457d  UARTCharsAvail                
0000458b  __TI_decompress_none          
00004599  CPUcpsie                      
000045a5  GPIOIntEnable                 
000045b1  PWMGenEnable                  
000045bd  ResetISR                      
000045c9  CANEnable                     
000045d3  QEIDisable                    
000045dd  QEIEnable                     
000045e7  QEIIntDisable                 
000045f1  QEIVelocityEnable             
000045fb  UARTCharGet                   
00004605  UARTCharPut                   
0000460f  UARTIntStatus                 
00004619  CANIntEnable                  
00004621  TimerIntEnable                
00004629  UARTIntEnable                 
00004631  GPIOIntClear                  
00004637  GPIOPinWrite                  
0000463d  SysCtlDelay                   
00004643  UARTClockSourceSet            
00004649  QEIPositionGet                
0000464d  QEIPositionSet                
00004651  QEIVelocityGet                
00004655  TimerIntClear                 
00004659  UARTIntClear                  
0000465d  C$$EXIT                       
0000465d  abort                         
00004661  _system_pre_init              
00004668  _ctypes_                      
00004b5c  __TI_Handler_Table_Base       
00004b68  __TI_Handler_Table_Limit      
00004b78  __TI_CINIT_Base               
00004b90  __TI_CINIT_Limit              
20000000  g_pfnRAMVectors               
20000270  __stack                       
20000470  __STACK_TOP                   
20000870  __STACK_END                   
20000874  pwmSpeed                      
20000878  desiredPos0                   
2000087c  desiredPos1                   
20000880  motornum                      
20000884  desiredVel0                   
20000888  desiredVel1                   
2000088c  dir0                          
20000890  pwmout0                       
20000894  dir1                          
20000898  pwmout1                       
2000089c  Kp0                           
200008a0  Kd0                           
200008a4  Ki0                           
200008a8  Kp1                           
200008ac  Kd1                           
200008b0  Ki1                           
200008b4  error0                        
200008b8  eprev0                        
200008bc  ediv0                         
200008c0  eint0                         
200008c4  controlsig0                   
200008c8  error1                        
200008cc  eprev1                        
200008d0  ediv1                         
200008d4  eint1                         
200008d8  controlsig1                   
200008dc  dirv0                         
200008e0  pwmoutv0                      
200008e4  dirv1                         
200008e8  pwmoutv1                      
200008ec  Kpv0                          
200008f0  Kdv0                          
200008f4  Kiv0                          
200008f8  Kpv1                          
200008fc  Kdv1                          
20000900  Kiv1                          
20000904  errorv0                       
20000908  eprevv0                       
2000090c  edivv0                        
20000910  eintv0                        
20000914  controlsigv0                  
20000918  errorv1                       
2000091c  eprevv1                       
20000920  edivv1                        
20000924  eintv1                        
20000928  controlsigv1                  
2000092c  ledFlag                       
20000930  first_node_flag               
20000934  txID                          
20000938  interrupt_counter             
2000093c  config_flag                   
20000940  g_ui32MsgCount                
20000944  g_bRXFlag                     
20000945  g_bErrFlag                    
20000948  errno                         
2000094c  stateTable                    
20000950  sCANMessageRX                 
20000964  sCANMessageTX                 
20000978  ui8MsgDataRX                  
20000980  ui8MsgDataTX                  
20000988  currMode                      
2000098c  currPosition0                 
20000990  currPosition1                 
20000994  currVel0                      
20000998  currVel1                      
2000099c  desiredAngle1                 
200009a0  desiredAngle2                 
200009a4  pui8MsgDataRX                 
200009a8  pui8MsgDataTX                 
ffffffff  __TI_pprof_out_hndl           
ffffffff  __TI_prof_data_size           
ffffffff  __TI_prof_data_start          
ffffffff  __binit__                     
ffffffff  __c_args__                    
ffffffff  binit                         
UNDEFED   __mpu_init                    
UNDEFED   _system_post_cinit            

[250 symbols]
