******************************************************************************
                  TI ARM Linker PC v17.9.0                     
******************************************************************************
>> Linked Wed Apr 11 10:46:00 2018

OUTPUT FILE NAME:   <qei_mit_pwm.out>
ENTRY POINT SYMBOL: "_c_int00_noargs"  address: 0000406d


MEMORY CONFIGURATION

         name            origin    length      used     unused   attr    fill
----------------------  --------  ---------  --------  --------  ----  --------
  FLASH                 00000000   00040000  00004a98  0003b568  R  X
  SRAM                  20000000   00008000  00000994  0000766c  RW X


SEGMENT ALLOCATION MAP

run origin  load origin   length   init length attrs members
----------  ----------- ---------- ----------- ----- -------
00000000    00000000    00004aa0   00004aa0    r-x
  00000000    00000000    0000026c   0000026c    r-- .intvecs
  0000026c    0000026c    00004308   00004308    r-x .text
  00004578    00004578    000004bc   000004bc    r-- .const
  00004a38    00004a38    00000068   00000068    r-- .cinit
20000000    20000000    00000998   00000000    rw-
  20000000    20000000    0000026c   00000000    rw- .vtable
  20000270    20000270    00000600   00000000    rw- .stack
  20000870    20000870    000000e0   00000000    rw- .data
  20000950    20000950    00000048   00000000    rw- .bss


SECTION ALLOCATION MAP

 output                                  attributes/
section   page    origin      length       input sections
--------  ----  ----------  ----------   ----------------
.intvecs   0    00000000    0000026c     
                  00000000    0000026c     tm4c123gh6pm_startup_ccs.obj (.intvecs)

.text      0    0000026c    00004308     
                  0000026c    000015d8     main.obj (.text)
                  00001844    00000a18     rtsv7M4_T_le_v4SPD16_eabi.lib : _scanfi.obj (.text)
                  0000225c    0000045c                                   : strtod.obj (.text)
                  000026b8    000001f4                                   : ull_div_t2.obj (.text)
                  000028ac    000001dc                                   : strtoll.obj (.text)
                  00002a88    000001b6                                   : fd_add_t2.obj (.text)
                  00002c3e    00000002                                   : i_div0.obj (.text)
                  00002c40    0000015c                                   : strtoull.obj (.text)
                  00002d9c    00000136                                   : fd_div_t2.obj (.text)
                  00002ed2    00000002     --HOLE-- [fill = 0]
                  00002ed4    00000134                                   : strtol.obj (.text)
                  00003008    00000132     driverlib.lib : gpio.obj (.text:GPIOPadConfigSet)
                  0000313a    00000130                   : can.obj (.text:CANMessageSet)
                  0000326a    00000002     --HOLE-- [fill = 0]
                  0000326c    00000114     rtsv7M4_T_le_v4SPD16_eabi.lib : strtoul.obj (.text)
                  00003380    00000110     driverlib.lib : sysctl.obj (.text:SysCtlClockGet)
                  00003490    0000010e                   : can.obj (.text:CANMessageGet)
                  0000359e    000000fc     rtsv7M4_T_le_v4SPD16_eabi.lib : fd_mul_t2.obj (.text)
                  0000369a    00000002     --HOLE-- [fill = 0]
                  0000369c    000000f4     driverlib.lib : sysctl.obj (.text:SysCtlClockSet)
                  00003790    000000f4     rtsv7M4_T_le_v4SPD16_eabi.lib : s_scalbn.obj (.text)
                  00003884    000000cc                                   : sscanf.obj (.text)
                  00003950    0000009c                                   : memcpy_t2.obj (.text)
                  000039ec    00000086                                   : fd_cmp_t2.obj (.text:__aeabi_cdcmple)
                  00003a72    0000007a                                   : memset_t2.obj (.text)
                  00003aec    0000006e                                   : fd_tos_t2.obj (.text)
                  00003b5a    00000002     --HOLE-- [fill = 0]
                  00003b5c    0000006c     driverlib.lib : can.obj (.text:CANBitRateSet)
                  00003bc8    00000068                   : interrupt.obj (.text:IntEnable)
                  00003c30    00000068     rtsv7M4_T_le_v4SPD16_eabi.lib : copy_decompress_lzss.obj (.text:decompress:lzss)
                  00003c98    00000060     driverlib.lib : timer.obj (.text:TimerConfigure)
                  00003cf8    00000058                   : gpio.obj (.text:GPIOIntTypeSet)
                  00003d50    0000004c                   : gpio.obj (.text:GPIOPinConfigure)
                  00003d9c    0000004c     rtsv7M4_T_le_v4SPD16_eabi.lib : atoi.obj (.text)
                  00003de8    00000048                                   : fd_toi_t2.obj (.text)
                  00003e30    00000046     driverlib.lib : uart.obj (.text:UARTConfigSetExpClk)
                  00003e76    00000002     --HOLE-- [fill = 0]
                  00003e78    00000044     rtsv7M4_T_le_v4SPD16_eabi.lib : autoinit.obj (.text:__TI_auto_init_nobinit_nopinit)
                  00003ebc    00000044                                   : fd_tou_t2.obj (.text)
                  00003f00    00000040     driverlib.lib : can.obj (.text:CANStatusGet)
                  00003f40    00000040                   : gpio.obj (.text:_GPIOIntNumberGet)
                  00003f80    00000040     rtsv7M4_T_le_v4SPD16_eabi.lib : u_divt2.obj (.text)
                  00003fc0    0000003a     driverlib.lib : can.obj (.text:CANInit)
                  00003ffa    00000002     --HOLE-- [fill = 0]
                  00003ffc    00000038                   : sysctl.obj (.text:SysCtlPeripheralPresent)
                  00004034    00000038                   : sysctl.obj (.text:SysCtlPeripheralReady)
                  0000406c    00000038     rtsv7M4_T_le_v4SPD16_eabi.lib : boot_cortex_m.obj (.text:_c_int00_noargs)
                  000040a4    00000038                                   : fs_tod_t2.obj (.text)
                  000040dc    00000034     driverlib.lib : interrupt.obj (.text:IntRegister)
                  00004110    00000034                   : sysctl.obj (.text:SysCtlPeripheralEnable)
                  00004144    0000002c                   : gpio.obj (.text:GPIODirModeSet)
                  00004170    0000002a                   : can.obj (.text:_CANDataRegRead)
                  0000419a    00000024                   : can.obj (.text:_CANDataRegWrite)
                  000041be    00000022                   : can.obj (.text:CANIntClear)
                  000041e0    00000022                   : pwm.obj (.text:PWMGenConfigure)
                  00004202    00000020                   : can.obj (.text:CANIntStatus)
                  00004222    00000002     --HOLE-- [fill = 0]
                  00004224    00000020                   : uart.obj (.text:UARTDisable)
                  00004244    00000020     rtsv7M4_T_le_v4SPD16_eabi.lib : u_tofd_t2.obj (.text)
                  00004264    0000001e     driverlib.lib : pwm.obj (.text:PWMPulseWidthSet)
                  00004282    00000018                   : gpio.obj (.text:GPIOIntRegister)
                  0000429a    00000018                   : gpio.obj (.text:GPIOPinTypeGPIOOutput)
                  000042b2    00000018     rtsv7M4_T_le_v4SPD16_eabi.lib : ll_mul_t2.obj (.text)
                  000042ca    00000018                                   : strrchr.obj (.text)
                  000042e2    00000016     driverlib.lib : gpio.obj (.text:GPIOPinTypeCAN)
                  000042f8    00000016                   : gpio.obj (.text:GPIOPinTypeGPIOInput)
                  0000430e    00000016                   : gpio.obj (.text:GPIOPinTypePWM)
                  00004324    00000016                   : gpio.obj (.text:GPIOPinTypeQEI)
                  0000433a    00000016                   : gpio.obj (.text:GPIOPinTypeUART)
                  00004350    00000016     rtsv7M4_T_le_v4SPD16_eabi.lib : strchr.obj (.text)
                  00004366    00000002     --HOLE-- [fill = 0]
                  00004368    00000014     driverlib.lib : sysctl.obj (.text:SysCtlPWMClockSet)
                  0000437c    00000014                   : uart.obj (.text:UARTEnable)
                  00004390    00000014     rtsv7M4_T_le_v4SPD16_eabi.lib : s_copysign.obj (.text)
                  000043a4    00000014                                   : strcpy.obj (.text)
                  000043b8    00000014                                   : strlen.obj (.text)
                  000043cc    00000012     driverlib.lib : pwm.obj (.text:PWMOutputState)
                  000043de    00000012                   : timer.obj (.text:TimerLoadSet)
                  000043f0    00000012     rtsv7M4_T_le_v4SPD16_eabi.lib : copy_zero_init.obj (.text:decompress:ZI:__TI_zero_init_nomemset)
                  00004402    00000002     --HOLE-- [fill = 0]
                  00004404    00000010     driverlib.lib : fpu.obj (.text:FPUEnable)
                  00004414    00000010                   : fpu.obj (.text:FPULazyStackingEnable)
                  00004424    00000010                   : interrupt.obj (.text:IntMasterEnable)
                  00004434    00000010                   : pwm.obj (.text:PWMGenPeriodSet)
                  00004444    00000010                   : qei.obj (.text:QEIVelocityConfigure)
                  00004454    0000000e                   : gpio.obj (.text:GPIOIntDisable)
                  00004462    0000000e                   : gpio.obj (.text:GPIOIntStatus)
                  00004470    0000000e                   : qei.obj (.text:QEIConfigure)
                  0000447e    0000000e                   : timer.obj (.text:TimerEnable)
                  0000448c    0000000e                   : uart.obj (.text:UARTCharsAvail)
                  0000449a    0000000e     rtsv7M4_T_le_v4SPD16_eabi.lib : copy_decompress_none.obj (.text:decompress:none)
                  000044a8    0000000c     driverlib.lib : cpu.obj (.text:CPUcpsie)
                  000044b4    0000000c                   : gpio.obj (.text:GPIOIntEnable)
                  000044c0    0000000c                   : pwm.obj (.text:PWMGenEnable)
                  000044cc    0000000c     tm4c123gh6pm_startup_ccs.obj (.text)
                  000044d8    0000000a     driverlib.lib : can.obj (.text:CANEnable)
                  000044e2    0000000a                   : qei.obj (.text:QEIDisable)
                  000044ec    0000000a                   : qei.obj (.text:QEIEnable)
                  000044f6    0000000a                   : qei.obj (.text:QEIIntDisable)
                  00004500    0000000a                   : qei.obj (.text:QEIVelocityEnable)
                  0000450a    0000000a                   : uart.obj (.text:UARTCharGet)
                  00004514    0000000a                   : uart.obj (.text:UARTCharPut)
                  0000451e    0000000a                   : uart.obj (.text:UARTIntStatus)
                  00004528    00000008                   : can.obj (.text:CANIntEnable)
                  00004530    00000008                   : timer.obj (.text:TimerIntEnable)
                  00004538    00000008                   : uart.obj (.text:UARTIntEnable)
                  00004540    00000006                   : gpio.obj (.text:GPIOIntClear)
                  00004546    00000006                   : gpio.obj (.text:GPIOPinWrite)
                  0000454c    00000006                   : sysctl.obj (.text:SysCtlDelay)
                  00004552    00000006                   : uart.obj (.text:UARTClockSourceSet)
                  00004558    00000004                   : qei.obj (.text:QEIPositionGet)
                  0000455c    00000004                   : qei.obj (.text:QEIPositionSet)
                  00004560    00000004                   : qei.obj (.text:QEIVelocityGet)
                  00004564    00000004                   : timer.obj (.text:TimerIntClear)
                  00004568    00000004                   : uart.obj (.text:UARTIntClear)
                  0000456c    00000004     rtsv7M4_T_le_v4SPD16_eabi.lib : exit.obj (.text:abort)
                  00004570    00000004                                   : pre_init.obj (.text)

.const     0    00004578    000004bc     
                  00004578    00000101     rtsv7M4_T_le_v4SPD16_eabi.lib : ctype.obj (.const:.string:_ctypes_)
                  00004679    00000003     --HOLE-- [fill = 0]
                  0000467c    00000004     main.obj (.const)
                  00004680    000000c8     rtsv7M4_T_le_v4SPD16_eabi.lib : strtod.obj (.const:$O1$$)
                  00004748    000000c0     driverlib.lib : gpio.obj (.const:g_ppui32GPIOIntMapBlizzard)
                  00004808    000000c0                   : gpio.obj (.const:g_ppui32GPIOIntMapSnowflake)
                  000048c8    00000090                   : gpio.obj (.const:g_pui32GPIOBaseAddrs)
                  00004958    0000006c                   : sysctl.obj (.const:g_pui32Xtals)
                  000049c4    00000020                   : can.obj (.const:g_ui16CANBitValues)
                  000049e4    00000014                   : interrupt.obj (.const:g_pui32EnRegs)
                  000049f8    00000012     main.obj (.const:.string)
                  00004a0a    00000002     --HOLE-- [fill = 0]
                  00004a0c    00000010     rtsv7M4_T_le_v4SPD16_eabi.lib : _scanfi.obj (.const:$O1$$)
                  00004a1c    0000000c     main.obj (.const:g_ui32UARTBase)
                  00004a28    0000000c     main.obj (.const:g_ui32UARTPeriph)

.cinit     0    00004a38    00000068     
                  00004a38    00000031     (.cinit..data.load) [load image, compression = lzss]
                  00004a69    00000003     --HOLE-- [fill = 0]
                  00004a6c    0000000c     (__TI_handler_table)
                  00004a78    00000008     (.cinit..bss.load) [load image, compression = zero_init]
                  00004a80    00000008     (.cinit..vtable.load) [load image, compression = zero_init]
                  00004a88    00000018     (__TI_cinit_table)

.init_array 
*          0    00000000    00000000     UNINITIALIZED

.vtable    0    20000000    0000026c     UNINITIALIZED
                  20000000    0000026c     driverlib.lib : interrupt.obj (.vtable)

.data      0    20000870    000000e0     UNINITIALIZED
                  20000870    000000d7     main.obj (.data)
                  20000947    00000001     --HOLE--
                  20000948    00000004     rtsv7M4_T_le_v4SPD16_eabi.lib : errno.obj (.data)
                  2000094c    00000004     main.obj (.data:stateTable)

.bss       0    20000950    00000048     UNINITIALIZED
                  20000950    00000014     (.common:sCANMessageRX)
                  20000964    00000014     (.common:sCANMessageTX)
                  20000978    00000004     (.common:currPosition0)
                  2000097c    00000004     (.common:currPosition1)
                  20000980    00000004     (.common:currVel0)
                  20000984    00000004     (.common:currVel1)
                  20000988    00000004     (.common:pui8MsgDataRX)
                  2000098c    00000004     (.common:pui8MsgDataTX)
                  20000990    00000004     (.common:ui32MsgDataRX)
                  20000994    00000004     (.common:ui32MsgDataTX)

.stack     0    20000270    00000600     UNINITIALIZED
                  20000270    00000004     rtsv7M4_T_le_v4SPD16_eabi.lib : boot_cortex_m.obj (.stack)
                  20000274    000005fc     --HOLE--

MODULE SUMMARY

       Module                         code    ro data   rw data
       ------                         ----    -------   -------
    .\
       main.obj                       5592    46        291    
       tm4c123gh6pm_startup_ccs.obj   12      620       0      
    +--+------------------------------+-------+---------+---------+
       Total:                         5604    666       291    
                                                               
    C:/ti/TivaWare_C_Series-2.1.3.156/driverlib/ccs/Debug/driverlib.lib
       gpio.obj                       788     528       0      
       can.obj                        966     32        0      
       sysctl.obj                     706     108       0      
       interrupt.obj                  172     20        620    
       uart.obj                       184     0         0      
       timer.obj                      140     0         0      
       pwm.obj                        110     0         0      
       qei.obj                        82      0         0      
       fpu.obj                        32      0         0      
       cpu.obj                        12      0         0      
    +--+------------------------------+-------+---------+---------+
       Total:                         3192    688       620    
                                                               
    C:\ti\ccsv7\tools\compiler\ti-cgt-arm_17.9.0.STS\lib\rtsv7M4_T_le_v4SPD16_eabi.lib
       _scanfi.obj                    2584    16        0      
       strtod.obj                     1116    200       0      
       ull_div_t2.obj                 500     0         0      
       strtoll.obj                    476     0         0      
       fd_add_t2.obj                  438     0         0      
       strtoull.obj                   348     0         0      
       fd_div_t2.obj                  310     0         0      
       strtol.obj                     308     0         0      
       strtoul.obj                    276     0         0      
       ctype.obj                      0       257       0      
       fd_mul_t2.obj                  252     0         0      
       s_scalbn.obj                   244     0         0      
       sscanf.obj                     204     0         0      
       memcpy_t2.obj                  156     0         0      
       fd_cmp_t2.obj                  134     0         0      
       memset_t2.obj                  122     0         0      
       fd_tos_t2.obj                  110     0         0      
       copy_decompress_lzss.obj       104     0         0      
       atoi.obj                       76      0         0      
       fd_toi_t2.obj                  72      0         0      
       autoinit.obj                   68      0         0      
       fd_tou_t2.obj                  68      0         0      
       u_divt2.obj                    64      0         0      
       boot_cortex_m.obj              56      0         0      
       fs_tod_t2.obj                  56      0         0      
       u_tofd_t2.obj                  32      0         0      
       ll_mul_t2.obj                  24      0         0      
       strrchr.obj                    24      0         0      
       strchr.obj                     22      0         0      
       s_copysign.obj                 20      0         0      
       strcpy.obj                     20      0         0      
       strlen.obj                     20      0         0      
       copy_zero_init.obj             18      0         0      
       copy_decompress_none.obj       14      0         0      
       errno.obj                      0       0         4      
       exit.obj                       4       0         0      
       pre_init.obj                   4       0         0      
       i_div0.obj                     2       0         0      
    +--+------------------------------+-------+---------+---------+
       Total:                         8346    473       4      
                                                               
       Stack:                         0       0         1536   
       Linker Generated:              0       101       0      
    +--+------------------------------+-------+---------+---------+
       Grand Total:                   17142   1928      2451   


LINKER GENERATED COPY TABLES

__TI_cinit_table @ 00004a88 records: 3, size/record: 8, table size: 24
	.data: load addr=00004a38, load size=00000031 bytes, run addr=20000870, run size=000000e0 bytes, compression=lzss
	.bss: load addr=00004a78, load size=00000008 bytes, run addr=20000950, run size=00000048 bytes, compression=zero_init
	.vtable: load addr=00004a80, load size=00000008 bytes, run addr=20000000, run size=0000026c bytes, compression=zero_init


LINKER GENERATED HANDLER TABLE

__TI_handler_table @ 00004a6c records: 3, size/record: 4, table size: 12
	index: 0, handler: __TI_zero_init
	index: 1, handler: __TI_decompress_lzss
	index: 2, handler: __TI_decompress_none


GLOBAL SYMBOLS: SORTED ALPHABETICALLY BY Name 

address   name                          
-------   ----                          
0000456d  C$$EXIT                       
00003b5d  CANBitRateSet                 
000044d9  CANEnable                     
00003fc1  CANInit                       
000041bf  CANIntClear                   
00004529  CANIntEnable                  
00000727  CANIntHandler                 
00004203  CANIntStatus                  
00003491  CANMessageGet                 
0000313b  CANMessageSet                 
00000b6f  CANRXmsgconfig                
00003f01  CANStatusGet                  
00000ba7  CANTXmsgconfig                
00000bed  CANconfig                     
00000ab5  CANget                        
00000b29  CANsend                       
000044a9  CPUcpsie                      
00004405  FPUEnable                     
00004415  FPULazyStackingEnable         
00004145  GPIODirModeSet                
00004541  GPIOIntClear                  
00004455  GPIOIntDisable                
000044b5  GPIOIntEnable                 
00004283  GPIOIntRegister               
00004463  GPIOIntStatus                 
00003cf9  GPIOIntTypeSet                
00003009  GPIOPadConfigSet              
00003d51  GPIOPinConfigure              
000042e3  GPIOPinTypeCAN                
000042f9  GPIOPinTypeGPIOInput          
0000429b  GPIOPinTypeGPIOOutput         
0000430f  GPIOPinTypePWM                
00004325  GPIOPinTypeQEI                
0000433b  GPIOPinTypeUART               
00004547  GPIOPinWrite                  
00001739  GPIOconfig                    
0000176d  InitConsole                   
00003bc9  IntEnable                     
00004425  IntMasterEnable               
000040dd  IntRegister                   
200008a0  Kd0                           
200008ac  Kd1                           
200008f0  Kdv0                          
200008fc  Kdv1                          
200008a4  Ki0                           
200008b0  Ki1                           
200008f4  Kiv0                          
20000900  Kiv1                          
2000089c  Kp0                           
200008a8  Kp1                           
200008ec  Kpv0                          
200008f8  Kpv1                          
000010a1  PIDPosupdate                  
00000d9d  PIDVelupdate                  
00000987  PULSEconfig                   
00000943  PULSEorderconfig              
000009d5  PULSEsend                     
000041e1  PWMGenConfigure               
000044c1  PWMGenEnable                  
00004435  PWMGenPeriodSet               
000043cd  PWMOutputState                
00004265  PWMPulseWidthSet              
000016a9  PWMconfig                     
000006f7  PortDIntHandler               
00001479  QEI0angleGet                  
000014b7  QEI0posGet                    
000014d9  QEI0zero                      
00001501  QEI1angleGet                  
0000154d  QEI1posGet                    
0000156b  QEI1zero                      
00004471  QEIConfigure                  
000044e3  QEIDisable                    
000044ed  QEIEnable                     
000044f7  QEIIntDisable                 
00004559  QEIPositionGet                
0000455d  QEIPositionSet                
00004445  QEIVelocityConfigure          
00004501  QEIVelocityEnable             
00004561  QEIVelocityGet                
00001589  QEIconfig                     
00001651  QEIvelocityConfig             
000044cd  ResetISR                      
00003381  SysCtlClockGet                
0000369d  SysCtlClockSet                
0000454d  SysCtlDelay                   
00004369  SysCtlPWMClockSet             
00004111  SysCtlPeripheralEnable        
00003ffd  SysCtlPeripheralPresent       
00004035  SysCtlPeripheralReady         
00001365  TIMERconfig                   
0000078f  Timer0IntHandler              
00003c99  TimerConfigure                
0000447f  TimerEnable                   
00004565  TimerIntClear                 
00004531  TimerIntEnable                
000043df  TimerLoadSet                  
0000450b  UARTCharGet                   
00004515  UARTCharPut                   
0000448d  UARTCharsAvail                
00004553  UARTClockSourceSet            
00003e31  UARTConfigSetExpClk           
00004225  UARTDisable                   
0000437d  UARTEnable                    
00004569  UARTIntClear                  
00004539  UARTIntEnable                 
000007b7  UARTIntHandler                
0000451f  UARTIntStatus                 
0000026d  UARTStdioConfig               
000003b3  UARTgetc                      
000002f9  UARTgets                      
000006d3  UARTprintf                    
000003d9  UARTvprintf                   
000002b3  UARTwrite                     
00000a55  WIREconfig                    
00000a4b  WIREread                      
00000a49  WIREwrite                     
20000870  __STACK_END                   
00000600  __STACK_SIZE                  
20000470  __STACK_TOP                   
00004a88  __TI_CINIT_Base               
00004aa0  __TI_CINIT_Limit              
00004a6c  __TI_Handler_Table_Base       
00004a78  __TI_Handler_Table_Limit      
00003e79  __TI_auto_init_nobinit_nopinit
00003c31  __TI_decompress_lzss          
0000449b  __TI_decompress_none          
ffffffff  __TI_pprof_out_hndl           
ffffffff  __TI_prof_data_size           
ffffffff  __TI_prof_data_start          
00001845  __TI_scanfi                   
00000000  __TI_static_base__            
000043f1  __TI_zero_init_nomemset       
000039ed  __aeabi_cdcmpeq               
000039ed  __aeabi_cdcmple               
00003aed  __aeabi_d2f                   
00003de9  __aeabi_d2iz                  
00003ebd  __aeabi_d2uiz                 
00002a93  __aeabi_dadd                  
00002d9d  __aeabi_ddiv                  
0000359f  __aeabi_dmul                  
00002a89  __aeabi_dsub                  
000040a5  __aeabi_f2d                   
00002c3f  __aeabi_idiv0                 
000042b3  __aeabi_lmul                  
00003a73  __aeabi_memclr                
00003a73  __aeabi_memclr4               
00003a73  __aeabi_memclr8               
00003951  __aeabi_memcpy                
00003951  __aeabi_memcpy4               
00003951  __aeabi_memcpy8               
00003a75  __aeabi_memset                
00003a75  __aeabi_memset4               
00003a75  __aeabi_memset8               
00004245  __aeabi_ui2d                  
00003f81  __aeabi_uidiv                 
00003f81  __aeabi_uidivmod              
000026b9  __aeabi_uldivmod              
ffffffff  __binit__                     
ffffffff  __c_args__                    
UNDEFED   __mpu_init                    
20000270  __stack                       
0000406d  _c_int00_noargs               
00004578  _ctypes_                      
UNDEFED   _system_post_cinit            
00004571  _system_pre_init              
0000456d  abort                         
0000140d  angleToPosition               
00003d9d  atoi                          
ffffffff  binit                         
2000093c  config_flag                   
200008c4  controlsig0                   
200008d8  controlsig1                   
20000914  controlsigv0                  
20000928  controlsigv1                  
00004391  copysign                      
00004391  copysignl                     
00000c6d  counttoRPM                    
20000978  currPosition0                 
2000097c  currPosition1                 
20000980  currVel0                      
20000984  currVel1                      
20000878  desiredPos0                   
2000087c  desiredPos1                   
20000884  desiredVel0                   
20000888  desiredVel1                   
2000088c  dir0                          
20000894  dir1                          
200008dc  dirv0                         
200008e4  dirv1                         
200008bc  ediv0                         
200008d0  ediv1                         
2000090c  edivv0                        
20000920  edivv1                        
200008c0  eint0                         
200008d4  eint1                         
20000910  eintv0                        
20000924  eintv1                        
200008b8  eprev0                        
200008cc  eprev1                        
20000908  eprevv0                       
2000091c  eprevv1                       
20000948  errno                         
200008b4  error0                        
200008c8  error1                        
20000904  errorv0                       
20000918  errorv1                       
20000930  first_node_flag               
20000945  g_bErrFlag                    
20000944  g_bRXFlag                     
20000000  g_pfnRAMVectors               
00000000  g_pfnVectors                  
20000940  g_ui32MsgCount                
20000938  interrupt_counter             
00003791  ldexp                         
00003791  ldexpl                        
2000092c  ledFlag                       
00000837  main                          
00003951  memcpy                        
00003a7b  memset                        
20000880  motornum                      
00001441  positionToAngle               
20000988  pui8MsgDataRX                 
2000098c  pui8MsgDataTX                 
20000874  pwmSpeed                      
20000890  pwmout0                       
20000898  pwmout1                       
200008e0  pwmoutv0                      
200008e8  pwmoutv1                      
20000950  sCANMessageRX                 
20000964  sCANMessageTX                 
00003791  scalbn                        
00003791  scalbnl                       
000013bd  setSpeed                      
00003897  sscanf                        
2000094c  stateTable                    
00004351  strchr                        
000043a5  strcpy                        
000043b9  strlen                        
000042cb  strrchr                       
0000225d  strtod                        
00002ed5  strtol                        
0000225d  strtold                       
000028ad  strtoll                       
0000326d  strtoul                       
00002c41  strtoull                      
000008fb  tellMasterAngle               
000008b9  tellSlaveAngle                
20000934  txID                          
20000990  ui32MsgDataRX                 
20000994  ui32MsgDataTX                 
00003885  vsscanf                       


GLOBAL SYMBOLS: SORTED BY Symbol Address 

address   name                          
-------   ----                          
00000000  __TI_static_base__            
00000000  g_pfnVectors                  
0000026d  UARTStdioConfig               
000002b3  UARTwrite                     
000002f9  UARTgets                      
000003b3  UARTgetc                      
000003d9  UARTvprintf                   
00000600  __STACK_SIZE                  
000006d3  UARTprintf                    
000006f7  PortDIntHandler               
00000727  CANIntHandler                 
0000078f  Timer0IntHandler              
000007b7  UARTIntHandler                
00000837  main                          
000008b9  tellSlaveAngle                
000008fb  tellMasterAngle               
00000943  PULSEorderconfig              
00000987  PULSEconfig                   
000009d5  PULSEsend                     
00000a49  WIREwrite                     
00000a4b  WIREread                      
00000a55  WIREconfig                    
00000ab5  CANget                        
00000b29  CANsend                       
00000b6f  CANRXmsgconfig                
00000ba7  CANTXmsgconfig                
00000bed  CANconfig                     
00000c6d  counttoRPM                    
00000d9d  PIDVelupdate                  
000010a1  PIDPosupdate                  
00001365  TIMERconfig                   
000013bd  setSpeed                      
0000140d  angleToPosition               
00001441  positionToAngle               
00001479  QEI0angleGet                  
000014b7  QEI0posGet                    
000014d9  QEI0zero                      
00001501  QEI1angleGet                  
0000154d  QEI1posGet                    
0000156b  QEI1zero                      
00001589  QEIconfig                     
00001651  QEIvelocityConfig             
000016a9  PWMconfig                     
00001739  GPIOconfig                    
0000176d  InitConsole                   
00001845  __TI_scanfi                   
0000225d  strtod                        
0000225d  strtold                       
000026b9  __aeabi_uldivmod              
000028ad  strtoll                       
00002a89  __aeabi_dsub                  
00002a93  __aeabi_dadd                  
00002c3f  __aeabi_idiv0                 
00002c41  strtoull                      
00002d9d  __aeabi_ddiv                  
00002ed5  strtol                        
00003009  GPIOPadConfigSet              
0000313b  CANMessageSet                 
0000326d  strtoul                       
00003381  SysCtlClockGet                
00003491  CANMessageGet                 
0000359f  __aeabi_dmul                  
0000369d  SysCtlClockSet                
00003791  ldexp                         
00003791  ldexpl                        
00003791  scalbn                        
00003791  scalbnl                       
00003885  vsscanf                       
00003897  sscanf                        
00003951  __aeabi_memcpy                
00003951  __aeabi_memcpy4               
00003951  __aeabi_memcpy8               
00003951  memcpy                        
000039ed  __aeabi_cdcmpeq               
000039ed  __aeabi_cdcmple               
00003a73  __aeabi_memclr                
00003a73  __aeabi_memclr4               
00003a73  __aeabi_memclr8               
00003a75  __aeabi_memset                
00003a75  __aeabi_memset4               
00003a75  __aeabi_memset8               
00003a7b  memset                        
00003aed  __aeabi_d2f                   
00003b5d  CANBitRateSet                 
00003bc9  IntEnable                     
00003c31  __TI_decompress_lzss          
00003c99  TimerConfigure                
00003cf9  GPIOIntTypeSet                
00003d51  GPIOPinConfigure              
00003d9d  atoi                          
00003de9  __aeabi_d2iz                  
00003e31  UARTConfigSetExpClk           
00003e79  __TI_auto_init_nobinit_nopinit
00003ebd  __aeabi_d2uiz                 
00003f01  CANStatusGet                  
00003f81  __aeabi_uidiv                 
00003f81  __aeabi_uidivmod              
00003fc1  CANInit                       
00003ffd  SysCtlPeripheralPresent       
00004035  SysCtlPeripheralReady         
0000406d  _c_int00_noargs               
000040a5  __aeabi_f2d                   
000040dd  IntRegister                   
00004111  SysCtlPeripheralEnable        
00004145  GPIODirModeSet                
000041bf  CANIntClear                   
000041e1  PWMGenConfigure               
00004203  CANIntStatus                  
00004225  UARTDisable                   
00004245  __aeabi_ui2d                  
00004265  PWMPulseWidthSet              
00004283  GPIOIntRegister               
0000429b  GPIOPinTypeGPIOOutput         
000042b3  __aeabi_lmul                  
000042cb  strrchr                       
000042e3  GPIOPinTypeCAN                
000042f9  GPIOPinTypeGPIOInput          
0000430f  GPIOPinTypePWM                
00004325  GPIOPinTypeQEI                
0000433b  GPIOPinTypeUART               
00004351  strchr                        
00004369  SysCtlPWMClockSet             
0000437d  UARTEnable                    
00004391  copysign                      
00004391  copysignl                     
000043a5  strcpy                        
000043b9  strlen                        
000043cd  PWMOutputState                
000043df  TimerLoadSet                  
000043f1  __TI_zero_init_nomemset       
00004405  FPUEnable                     
00004415  FPULazyStackingEnable         
00004425  IntMasterEnable               
00004435  PWMGenPeriodSet               
00004445  QEIVelocityConfigure          
00004455  GPIOIntDisable                
00004463  GPIOIntStatus                 
00004471  QEIConfigure                  
0000447f  TimerEnable                   
0000448d  UARTCharsAvail                
0000449b  __TI_decompress_none          
000044a9  CPUcpsie                      
000044b5  GPIOIntEnable                 
000044c1  PWMGenEnable                  
000044cd  ResetISR                      
000044d9  CANEnable                     
000044e3  QEIDisable                    
000044ed  QEIEnable                     
000044f7  QEIIntDisable                 
00004501  QEIVelocityEnable             
0000450b  UARTCharGet                   
00004515  UARTCharPut                   
0000451f  UARTIntStatus                 
00004529  CANIntEnable                  
00004531  TimerIntEnable                
00004539  UARTIntEnable                 
00004541  GPIOIntClear                  
00004547  GPIOPinWrite                  
0000454d  SysCtlDelay                   
00004553  UARTClockSourceSet            
00004559  QEIPositionGet                
0000455d  QEIPositionSet                
00004561  QEIVelocityGet                
00004565  TimerIntClear                 
00004569  UARTIntClear                  
0000456d  C$$EXIT                       
0000456d  abort                         
00004571  _system_pre_init              
00004578  _ctypes_                      
00004a6c  __TI_Handler_Table_Base       
00004a78  __TI_Handler_Table_Limit      
00004a88  __TI_CINIT_Base               
00004aa0  __TI_CINIT_Limit              
20000000  g_pfnRAMVectors               
20000270  __stack                       
20000470  __STACK_TOP                   
20000870  __STACK_END                   
20000874  pwmSpeed                      
20000878  desiredPos0                   
2000087c  desiredPos1                   
20000880  motornum                      
20000884  desiredVel0                   
20000888  desiredVel1                   
2000088c  dir0                          
20000890  pwmout0                       
20000894  dir1                          
20000898  pwmout1                       
2000089c  Kp0                           
200008a0  Kd0                           
200008a4  Ki0                           
200008a8  Kp1                           
200008ac  Kd1                           
200008b0  Ki1                           
200008b4  error0                        
200008b8  eprev0                        
200008bc  ediv0                         
200008c0  eint0                         
200008c4  controlsig0                   
200008c8  error1                        
200008cc  eprev1                        
200008d0  ediv1                         
200008d4  eint1                         
200008d8  controlsig1                   
200008dc  dirv0                         
200008e0  pwmoutv0                      
200008e4  dirv1                         
200008e8  pwmoutv1                      
200008ec  Kpv0                          
200008f0  Kdv0                          
200008f4  Kiv0                          
200008f8  Kpv1                          
200008fc  Kdv1                          
20000900  Kiv1                          
20000904  errorv0                       
20000908  eprevv0                       
2000090c  edivv0                        
20000910  eintv0                        
20000914  controlsigv0                  
20000918  errorv1                       
2000091c  eprevv1                       
20000920  edivv1                        
20000924  eintv1                        
20000928  controlsigv1                  
2000092c  ledFlag                       
20000930  first_node_flag               
20000934  txID                          
20000938  interrupt_counter             
2000093c  config_flag                   
20000940  g_ui32MsgCount                
20000944  g_bRXFlag                     
20000945  g_bErrFlag                    
20000948  errno                         
2000094c  stateTable                    
20000950  sCANMessageRX                 
20000964  sCANMessageTX                 
20000978  currPosition0                 
2000097c  currPosition1                 
20000980  currVel0                      
20000984  currVel1                      
20000988  pui8MsgDataRX                 
2000098c  pui8MsgDataTX                 
20000990  ui32MsgDataRX                 
20000994  ui32MsgDataTX                 
ffffffff  __TI_pprof_out_hndl           
ffffffff  __TI_prof_data_size           
ffffffff  __TI_prof_data_start          
ffffffff  __binit__                     
ffffffff  __c_args__                    
ffffffff  binit                         
UNDEFED   __mpu_init                    
UNDEFED   _system_post_cinit            

[251 symbols]
