******************************************************************************
                  TI ARM Linker PC v17.9.0                     
******************************************************************************
>> Linked Sat Apr 21 11:19:37 2018

OUTPUT FILE NAME:   <qei_mit_pwm.out>
ENTRY POINT SYMBOL: "_c_int00_noargs"  address: 00004091


MEMORY CONFIGURATION

         name            origin    length      used     unused   attr    fill
----------------------  --------  ---------  --------  --------  ----  --------
  FLASH                 00000000   00040000  00004abc  0003b544  R  X
  SRAM                  20000000   00008000  00000994  0000766c  RW X


SEGMENT ALLOCATION MAP

run origin  load origin   length   init length attrs members
----------  ----------- ---------- ----------- ----- -------
00000000    00000000    00004ac0   00004ac0    r-x
  00000000    00000000    0000026c   0000026c    r-- .intvecs
  0000026c    0000026c    0000432c   0000432c    r-x .text
  00004598    00004598    000004bc   000004bc    r-- .const
  00004a58    00004a58    00000068   00000068    r-- .cinit
20000000    20000000    00000998   00000000    rw-
  20000000    20000000    0000026c   00000000    rw- .vtable
  20000270    20000270    00000600   00000000    rw- .stack
  20000870    20000870    000000e0   00000000    rw- .data
  20000950    20000950    00000048   00000000    rw- .bss


SECTION ALLOCATION MAP

 output                                  attributes/
section   page    origin      length       input sections
--------  ----  ----------  ----------   ----------------
.intvecs   0    00000000    0000026c     
                  00000000    0000026c     tm4c123gh6pm_startup_ccs.obj (.intvecs)

.text      0    0000026c    0000432c     
                  0000026c    000015fc     main.obj (.text)
                  00001868    00000a18     rtsv7M4_T_le_v4SPD16_eabi.lib : _scanfi.obj (.text)
                  00002280    0000045c                                   : strtod.obj (.text)
                  000026dc    000001f4                                   : ull_div_t2.obj (.text)
                  000028d0    000001dc                                   : strtoll.obj (.text)
                  00002aac    000001b6                                   : fd_add_t2.obj (.text)
                  00002c62    00000002                                   : i_div0.obj (.text)
                  00002c64    0000015c                                   : strtoull.obj (.text)
                  00002dc0    00000136                                   : fd_div_t2.obj (.text)
                  00002ef6    00000002     --HOLE-- [fill = 0]
                  00002ef8    00000134                                   : strtol.obj (.text)
                  0000302c    00000132     driverlib.lib : gpio.obj (.text:GPIOPadConfigSet)
                  0000315e    00000130                   : can.obj (.text:CANMessageSet)
                  0000328e    00000002     --HOLE-- [fill = 0]
                  00003290    00000114     rtsv7M4_T_le_v4SPD16_eabi.lib : strtoul.obj (.text)
                  000033a4    00000110     driverlib.lib : sysctl.obj (.text:SysCtlClockGet)
                  000034b4    0000010e                   : can.obj (.text:CANMessageGet)
                  000035c2    000000fc     rtsv7M4_T_le_v4SPD16_eabi.lib : fd_mul_t2.obj (.text)
                  000036be    00000002     --HOLE-- [fill = 0]
                  000036c0    000000f4     driverlib.lib : sysctl.obj (.text:SysCtlClockSet)
                  000037b4    000000f4     rtsv7M4_T_le_v4SPD16_eabi.lib : s_scalbn.obj (.text)
                  000038a8    000000cc                                   : sscanf.obj (.text)
                  00003974    0000009c                                   : memcpy_t2.obj (.text)
                  00003a10    00000086                                   : fd_cmp_t2.obj (.text:__aeabi_cdcmple)
                  00003a96    0000007a                                   : memset_t2.obj (.text)
                  00003b10    0000006e                                   : fd_tos_t2.obj (.text)
                  00003b7e    00000002     --HOLE-- [fill = 0]
                  00003b80    0000006c     driverlib.lib : can.obj (.text:CANBitRateSet)
                  00003bec    00000068                   : interrupt.obj (.text:IntEnable)
                  00003c54    00000068     rtsv7M4_T_le_v4SPD16_eabi.lib : copy_decompress_lzss.obj (.text:decompress:lzss)
                  00003cbc    00000060     driverlib.lib : timer.obj (.text:TimerConfigure)
                  00003d1c    00000058                   : gpio.obj (.text:GPIOIntTypeSet)
                  00003d74    0000004c                   : gpio.obj (.text:GPIOPinConfigure)
                  00003dc0    0000004c     rtsv7M4_T_le_v4SPD16_eabi.lib : atoi.obj (.text)
                  00003e0c    00000048                                   : fd_toi_t2.obj (.text)
                  00003e54    00000046     driverlib.lib : uart.obj (.text:UARTConfigSetExpClk)
                  00003e9a    00000002     --HOLE-- [fill = 0]
                  00003e9c    00000044     rtsv7M4_T_le_v4SPD16_eabi.lib : autoinit.obj (.text:__TI_auto_init_nobinit_nopinit)
                  00003ee0    00000044                                   : fd_tou_t2.obj (.text)
                  00003f24    00000040     driverlib.lib : can.obj (.text:CANStatusGet)
                  00003f64    00000040                   : gpio.obj (.text:_GPIOIntNumberGet)
                  00003fa4    00000040     rtsv7M4_T_le_v4SPD16_eabi.lib : u_divt2.obj (.text)
                  00003fe4    0000003a     driverlib.lib : can.obj (.text:CANInit)
                  0000401e    00000002     --HOLE-- [fill = 0]
                  00004020    00000038                   : sysctl.obj (.text:SysCtlPeripheralPresent)
                  00004058    00000038                   : sysctl.obj (.text:SysCtlPeripheralReady)
                  00004090    00000038     rtsv7M4_T_le_v4SPD16_eabi.lib : boot_cortex_m.obj (.text:_c_int00_noargs)
                  000040c8    00000038                                   : fs_tod_t2.obj (.text)
                  00004100    00000034     driverlib.lib : interrupt.obj (.text:IntRegister)
                  00004134    00000034                   : sysctl.obj (.text:SysCtlPeripheralEnable)
                  00004168    0000002c                   : gpio.obj (.text:GPIODirModeSet)
                  00004194    0000002a                   : can.obj (.text:_CANDataRegRead)
                  000041be    00000024                   : can.obj (.text:_CANDataRegWrite)
                  000041e2    00000022                   : can.obj (.text:CANIntClear)
                  00004204    00000022                   : pwm.obj (.text:PWMGenConfigure)
                  00004226    00000020                   : can.obj (.text:CANIntStatus)
                  00004246    00000002     --HOLE-- [fill = 0]
                  00004248    00000020                   : uart.obj (.text:UARTDisable)
                  00004268    00000020     rtsv7M4_T_le_v4SPD16_eabi.lib : u_tofd_t2.obj (.text)
                  00004288    0000001e     driverlib.lib : pwm.obj (.text:PWMPulseWidthSet)
                  000042a6    00000018                   : gpio.obj (.text:GPIOIntRegister)
                  000042be    00000018                   : gpio.obj (.text:GPIOPinTypeGPIOOutput)
                  000042d6    00000018     rtsv7M4_T_le_v4SPD16_eabi.lib : ll_mul_t2.obj (.text)
                  000042ee    00000018                                   : strrchr.obj (.text)
                  00004306    00000016     driverlib.lib : gpio.obj (.text:GPIOPinTypeCAN)
                  0000431c    00000016                   : gpio.obj (.text:GPIOPinTypeGPIOInput)
                  00004332    00000016                   : gpio.obj (.text:GPIOPinTypePWM)
                  00004348    00000016                   : gpio.obj (.text:GPIOPinTypeQEI)
                  0000435e    00000016                   : gpio.obj (.text:GPIOPinTypeUART)
                  00004374    00000016     rtsv7M4_T_le_v4SPD16_eabi.lib : strchr.obj (.text)
                  0000438a    00000002     --HOLE-- [fill = 0]
                  0000438c    00000014     driverlib.lib : sysctl.obj (.text:SysCtlPWMClockSet)
                  000043a0    00000014                   : uart.obj (.text:UARTEnable)
                  000043b4    00000014     rtsv7M4_T_le_v4SPD16_eabi.lib : s_copysign.obj (.text)
                  000043c8    00000014                                   : strcpy.obj (.text)
                  000043dc    00000014                                   : strlen.obj (.text)
                  000043f0    00000012     driverlib.lib : pwm.obj (.text:PWMOutputState)
                  00004402    00000012                   : timer.obj (.text:TimerLoadSet)
                  00004414    00000012     rtsv7M4_T_le_v4SPD16_eabi.lib : copy_zero_init.obj (.text:decompress:ZI:__TI_zero_init_nomemset)
                  00004426    00000002     --HOLE-- [fill = 0]
                  00004428    00000010     driverlib.lib : fpu.obj (.text:FPUEnable)
                  00004438    00000010                   : fpu.obj (.text:FPULazyStackingEnable)
                  00004448    00000010                   : interrupt.obj (.text:IntMasterEnable)
                  00004458    00000010                   : pwm.obj (.text:PWMGenPeriodSet)
                  00004468    00000010                   : qei.obj (.text:QEIVelocityConfigure)
                  00004478    0000000e                   : gpio.obj (.text:GPIOIntDisable)
                  00004486    0000000e                   : gpio.obj (.text:GPIOIntStatus)
                  00004494    0000000e                   : qei.obj (.text:QEIConfigure)
                  000044a2    0000000e                   : timer.obj (.text:TimerEnable)
                  000044b0    0000000e                   : uart.obj (.text:UARTCharsAvail)
                  000044be    0000000e     rtsv7M4_T_le_v4SPD16_eabi.lib : copy_decompress_none.obj (.text:decompress:none)
                  000044cc    0000000c     driverlib.lib : cpu.obj (.text:CPUcpsie)
                  000044d8    0000000c                   : gpio.obj (.text:GPIOIntEnable)
                  000044e4    0000000c                   : pwm.obj (.text:PWMGenEnable)
                  000044f0    0000000c     tm4c123gh6pm_startup_ccs.obj (.text)
                  000044fc    0000000a     driverlib.lib : can.obj (.text:CANEnable)
                  00004506    0000000a                   : qei.obj (.text:QEIDisable)
                  00004510    0000000a                   : qei.obj (.text:QEIEnable)
                  0000451a    0000000a                   : qei.obj (.text:QEIIntDisable)
                  00004524    0000000a                   : qei.obj (.text:QEIVelocityEnable)
                  0000452e    0000000a                   : uart.obj (.text:UARTCharGet)
                  00004538    0000000a                   : uart.obj (.text:UARTCharPut)
                  00004542    0000000a                   : uart.obj (.text:UARTIntStatus)
                  0000454c    00000008                   : can.obj (.text:CANIntEnable)
                  00004554    00000008                   : timer.obj (.text:TimerIntEnable)
                  0000455c    00000008                   : uart.obj (.text:UARTIntEnable)
                  00004564    00000006                   : gpio.obj (.text:GPIOIntClear)
                  0000456a    00000006                   : gpio.obj (.text:GPIOPinWrite)
                  00004570    00000006                   : sysctl.obj (.text:SysCtlDelay)
                  00004576    00000006                   : uart.obj (.text:UARTClockSourceSet)
                  0000457c    00000004                   : qei.obj (.text:QEIPositionGet)
                  00004580    00000004                   : qei.obj (.text:QEIPositionSet)
                  00004584    00000004                   : qei.obj (.text:QEIVelocityGet)
                  00004588    00000004                   : timer.obj (.text:TimerIntClear)
                  0000458c    00000004                   : uart.obj (.text:UARTIntClear)
                  00004590    00000004     rtsv7M4_T_le_v4SPD16_eabi.lib : exit.obj (.text:abort)
                  00004594    00000004                                   : pre_init.obj (.text)

.const     0    00004598    000004bc     
                  00004598    00000101     rtsv7M4_T_le_v4SPD16_eabi.lib : ctype.obj (.const:.string:_ctypes_)
                  00004699    00000003     --HOLE-- [fill = 0]
                  0000469c    00000004     main.obj (.const)
                  000046a0    000000c8     rtsv7M4_T_le_v4SPD16_eabi.lib : strtod.obj (.const:$O1$$)
                  00004768    000000c0     driverlib.lib : gpio.obj (.const:g_ppui32GPIOIntMapBlizzard)
                  00004828    000000c0                   : gpio.obj (.const:g_ppui32GPIOIntMapSnowflake)
                  000048e8    00000090                   : gpio.obj (.const:g_pui32GPIOBaseAddrs)
                  00004978    0000006c                   : sysctl.obj (.const:g_pui32Xtals)
                  000049e4    00000020                   : can.obj (.const:g_ui16CANBitValues)
                  00004a04    00000014                   : interrupt.obj (.const:g_pui32EnRegs)
                  00004a18    00000012     main.obj (.const:.string)
                  00004a2a    00000002     --HOLE-- [fill = 0]
                  00004a2c    00000010     rtsv7M4_T_le_v4SPD16_eabi.lib : _scanfi.obj (.const:$O1$$)
                  00004a3c    0000000c     main.obj (.const:g_ui32UARTBase)
                  00004a48    0000000c     main.obj (.const:g_ui32UARTPeriph)

.cinit     0    00004a58    00000068     
                  00004a58    00000031     (.cinit..data.load) [load image, compression = lzss]
                  00004a89    00000003     --HOLE-- [fill = 0]
                  00004a8c    0000000c     (__TI_handler_table)
                  00004a98    00000008     (.cinit..bss.load) [load image, compression = zero_init]
                  00004aa0    00000008     (.cinit..vtable.load) [load image, compression = zero_init]
                  00004aa8    00000018     (__TI_cinit_table)

.init_array 
*          0    00000000    00000000     UNINITIALIZED

.vtable    0    20000000    0000026c     UNINITIALIZED
                  20000000    0000026c     driverlib.lib : interrupt.obj (.vtable)

.data      0    20000870    000000e0     UNINITIALIZED
                  20000870    000000d7     main.obj (.data)
                  20000947    00000001     --HOLE--
                  20000948    00000004     rtsv7M4_T_le_v4SPD16_eabi.lib : errno.obj (.data)
                  2000094c    00000004     main.obj (.data:stateTable)

.bss       0    20000950    00000048     UNINITIALIZED
                  20000950    00000014     (.common:sCANMessageRX)
                  20000964    00000014     (.common:sCANMessageTX)
                  20000978    00000004     (.common:currPosition0)
                  2000097c    00000004     (.common:currPosition1)
                  20000980    00000004     (.common:currVel0)
                  20000984    00000004     (.common:currVel1)
                  20000988    00000004     (.common:pui8MsgDataRX)
                  2000098c    00000004     (.common:pui8MsgDataTX)
                  20000990    00000004     (.common:ui32MsgDataRX)
                  20000994    00000004     (.common:ui32MsgDataTX)

.stack     0    20000270    00000600     UNINITIALIZED
                  20000270    00000004     rtsv7M4_T_le_v4SPD16_eabi.lib : boot_cortex_m.obj (.stack)
                  20000274    000005fc     --HOLE--

MODULE SUMMARY

       Module                         code    ro data   rw data
       ------                         ----    -------   -------
    .\
       main.obj                       5628    46        291    
       tm4c123gh6pm_startup_ccs.obj   12      620       0      
    +--+------------------------------+-------+---------+---------+
       Total:                         5640    666       291    
                                                               
    C:/ti/TivaWare_C_Series-2.1.3.156/driverlib/ccs/Debug/driverlib.lib
       gpio.obj                       788     528       0      
       can.obj                        966     32        0      
       sysctl.obj                     706     108       0      
       interrupt.obj                  172     20        620    
       uart.obj                       184     0         0      
       timer.obj                      140     0         0      
       pwm.obj                        110     0         0      
       qei.obj                        82      0         0      
       fpu.obj                        32      0         0      
       cpu.obj                        12      0         0      
    +--+------------------------------+-------+---------+---------+
       Total:                         3192    688       620    
                                                               
    C:\ti\ccsv7\tools\compiler\ti-cgt-arm_17.9.0.STS\lib\rtsv7M4_T_le_v4SPD16_eabi.lib
       _scanfi.obj                    2584    16        0      
       strtod.obj                     1116    200       0      
       ull_div_t2.obj                 500     0         0      
       strtoll.obj                    476     0         0      
       fd_add_t2.obj                  438     0         0      
       strtoull.obj                   348     0         0      
       fd_div_t2.obj                  310     0         0      
       strtol.obj                     308     0         0      
       strtoul.obj                    276     0         0      
       ctype.obj                      0       257       0      
       fd_mul_t2.obj                  252     0         0      
       s_scalbn.obj                   244     0         0      
       sscanf.obj                     204     0         0      
       memcpy_t2.obj                  156     0         0      
       fd_cmp_t2.obj                  134     0         0      
       memset_t2.obj                  122     0         0      
       fd_tos_t2.obj                  110     0         0      
       copy_decompress_lzss.obj       104     0         0      
       atoi.obj                       76      0         0      
       fd_toi_t2.obj                  72      0         0      
       autoinit.obj                   68      0         0      
       fd_tou_t2.obj                  68      0         0      
       u_divt2.obj                    64      0         0      
       boot_cortex_m.obj              56      0         0      
       fs_tod_t2.obj                  56      0         0      
       u_tofd_t2.obj                  32      0         0      
       ll_mul_t2.obj                  24      0         0      
       strrchr.obj                    24      0         0      
       strchr.obj                     22      0         0      
       s_copysign.obj                 20      0         0      
       strcpy.obj                     20      0         0      
       strlen.obj                     20      0         0      
       copy_zero_init.obj             18      0         0      
       copy_decompress_none.obj       14      0         0      
       errno.obj                      0       0         4      
       exit.obj                       4       0         0      
       pre_init.obj                   4       0         0      
       i_div0.obj                     2       0         0      
    +--+------------------------------+-------+---------+---------+
       Total:                         8346    473       4      
                                                               
       Stack:                         0       0         1536   
       Linker Generated:              0       101       0      
    +--+------------------------------+-------+---------+---------+
       Grand Total:                   17178   1928      2451   


LINKER GENERATED COPY TABLES

__TI_cinit_table @ 00004aa8 records: 3, size/record: 8, table size: 24
	.data: load addr=00004a58, load size=00000031 bytes, run addr=20000870, run size=000000e0 bytes, compression=lzss
	.bss: load addr=00004a98, load size=00000008 bytes, run addr=20000950, run size=00000048 bytes, compression=zero_init
	.vtable: load addr=00004aa0, load size=00000008 bytes, run addr=20000000, run size=0000026c bytes, compression=zero_init


LINKER GENERATED HANDLER TABLE

__TI_handler_table @ 00004a8c records: 3, size/record: 4, table size: 12
	index: 0, handler: __TI_zero_init
	index: 1, handler: __TI_decompress_lzss
	index: 2, handler: __TI_decompress_none


GLOBAL SYMBOLS: SORTED ALPHABETICALLY BY Name 

address   name                          
-------   ----                          
00004591  C$$EXIT                       
00003b81  CANBitRateSet                 
000044fd  CANEnable                     
00003fe5  CANInit                       
000041e3  CANIntClear                   
0000454d  CANIntEnable                  
00000727  CANIntHandler                 
00004227  CANIntStatus                  
000034b5  CANMessageGet                 
0000315f  CANMessageSet                 
00000b6f  CANRXmsgconfig                
00003f25  CANStatusGet                  
00000ba7  CANTXmsgconfig                
00000bf1  CANconfig                     
00000ab5  CANget                        
00000b29  CANsend                       
000044cd  CPUcpsie                      
00004429  FPUEnable                     
00004439  FPULazyStackingEnable         
00004169  GPIODirModeSet                
00004565  GPIOIntClear                  
00004479  GPIOIntDisable                
000044d9  GPIOIntEnable                 
000042a7  GPIOIntRegister               
00004487  GPIOIntStatus                 
00003d1d  GPIOIntTypeSet                
0000302d  GPIOPadConfigSet              
00003d75  GPIOPinConfigure              
00004307  GPIOPinTypeCAN                
0000431d  GPIOPinTypeGPIOInput          
000042bf  GPIOPinTypeGPIOOutput         
00004333  GPIOPinTypePWM                
00004349  GPIOPinTypeQEI                
0000435f  GPIOPinTypeUART               
0000456b  GPIOPinWrite                  
0000173d  GPIOconfig                    
00001789  InitConsole                   
00003bed  IntEnable                     
00004449  IntMasterEnable               
00004101  IntRegister                   
200008a0  Kd0                           
200008ac  Kd1                           
200008f0  Kdv0                          
200008fc  Kdv1                          
200008a4  Ki0                           
200008b0  Ki1                           
200008f4  Kiv0                          
20000900  Kiv1                          
2000089c  Kp0                           
200008a8  Kp1                           
200008ec  Kpv0                          
200008f8  Kpv1                          
0000109d  PIDPosupdate                  
00000d99  PIDVelupdate                  
00000983  PULSEconfig                   
0000093f  PULSEorderconfig              
000009cd  PULSEsend                     
00004205  PWMGenConfigure               
000044e5  PWMGenEnable                  
00004459  PWMGenPeriodSet               
000043f1  PWMOutputState                
00004289  PWMPulseWidthSet              
00001699  PWMconfig                     
000006f7  PortDIntHandler               
0000146d  QEI0angleGet                  
000014ab  QEI0posGet                    
000014cd  QEI0zero                      
000014f5  QEI1angleGet                  
0000153d  QEI1posGet                    
00001561  QEI1zero                      
00004495  QEIConfigure                  
00004507  QEIDisable                    
00004511  QEIEnable                     
0000451b  QEIIntDisable                 
0000457d  QEIPositionGet                
00004581  QEIPositionSet                
00004469  QEIVelocityConfigure          
00004525  QEIVelocityEnable             
00004585  QEIVelocityGet                
0000157d  QEIconfig                     
00001645  QEIvelocityConfig             
000044f1  ResetISR                      
000033a5  SysCtlClockGet                
000036c1  SysCtlClockSet                
00004571  SysCtlDelay                   
0000438d  SysCtlPWMClockSet             
00004135  SysCtlPeripheralEnable        
00004021  SysCtlPeripheralPresent       
00004059  SysCtlPeripheralReady         
00001361  TIMERconfig                   
0000078f  Timer0IntHandler              
00003cbd  TimerConfigure                
000044a3  TimerEnable                   
00004589  TimerIntClear                 
00004555  TimerIntEnable                
00004403  TimerLoadSet                  
0000452f  UARTCharGet                   
00004539  UARTCharPut                   
000044b1  UARTCharsAvail                
00004577  UARTClockSourceSet            
00003e55  UARTConfigSetExpClk           
00004249  UARTDisable                   
000043a1  UARTEnable                    
0000458d  UARTIntClear                  
0000455d  UARTIntEnable                 
000007b3  UARTIntHandler                
00004543  UARTIntStatus                 
0000026d  UARTStdioConfig               
000003b3  UARTgetc                      
000002f9  UARTgets                      
000006d3  UARTprintf                    
000003d9  UARTvprintf                   
000002b3  UARTwrite                     
00000a55  WIREconfig                    
00000a49  WIREread                      
00000a41  WIREwrite                     
20000870  __STACK_END                   
00000600  __STACK_SIZE                  
20000470  __STACK_TOP                   
00004aa8  __TI_CINIT_Base               
00004ac0  __TI_CINIT_Limit              
00004a8c  __TI_Handler_Table_Base       
00004a98  __TI_Handler_Table_Limit      
00003e9d  __TI_auto_init_nobinit_nopinit
00003c55  __TI_decompress_lzss          
000044bf  __TI_decompress_none          
ffffffff  __TI_pprof_out_hndl           
ffffffff  __TI_prof_data_size           
ffffffff  __TI_prof_data_start          
00001869  __TI_scanfi                   
00000000  __TI_static_base__            
00004415  __TI_zero_init_nomemset       
00003a11  __aeabi_cdcmpeq               
00003a11  __aeabi_cdcmple               
00003b11  __aeabi_d2f                   
00003e0d  __aeabi_d2iz                  
00003ee1  __aeabi_d2uiz                 
00002ab7  __aeabi_dadd                  
00002dc1  __aeabi_ddiv                  
000035c3  __aeabi_dmul                  
00002aad  __aeabi_dsub                  
000040c9  __aeabi_f2d                   
00002c63  __aeabi_idiv0                 
000042d7  __aeabi_lmul                  
00003a97  __aeabi_memclr                
00003a97  __aeabi_memclr4               
00003a97  __aeabi_memclr8               
00003975  __aeabi_memcpy                
00003975  __aeabi_memcpy4               
00003975  __aeabi_memcpy8               
00003a99  __aeabi_memset                
00003a99  __aeabi_memset4               
00003a99  __aeabi_memset8               
00004269  __aeabi_ui2d                  
00003fa5  __aeabi_uidiv                 
00003fa5  __aeabi_uidivmod              
000026dd  __aeabi_uldivmod              
ffffffff  __binit__                     
ffffffff  __c_args__                    
UNDEFED   __mpu_init                    
20000270  __stack                       
00004091  _c_int00_noargs               
00004598  _ctypes_                      
UNDEFED   _system_post_cinit            
00004595  _system_pre_init              
00004591  abort                         
00001401  angleToPosition               
00003dc1  atoi                          
ffffffff  binit                         
2000093c  config_flag                   
200008c4  controlsig0                   
200008d8  controlsig1                   
20000914  controlsigv0                  
20000928  controlsigv1                  
000043b5  copysign                      
000043b5  copysignl                     
00000c6b  counttoRPM                    
20000978  currPosition0                 
2000097c  currPosition1                 
20000980  currVel0                      
20000984  currVel1                      
20000878  desiredPos0                   
2000087c  desiredPos1                   
20000884  desiredVel0                   
20000888  desiredVel1                   
2000088c  dir0                          
20000894  dir1                          
200008dc  dirv0                         
200008e4  dirv1                         
200008bc  ediv0                         
200008d0  ediv1                         
2000090c  edivv0                        
20000920  edivv1                        
200008c0  eint0                         
200008d4  eint1                         
20000910  eintv0                        
20000924  eintv1                        
200008b8  eprev0                        
200008cc  eprev1                        
20000908  eprevv0                       
2000091c  eprevv1                       
20000948  errno                         
200008b4  error0                        
200008c8  error1                        
20000904  errorv0                       
20000918  errorv1                       
20000930  first_node_flag               
20000945  g_bErrFlag                    
20000944  g_bRXFlag                     
20000000  g_pfnRAMVectors               
00000000  g_pfnVectors                  
20000940  g_ui32MsgCount                
20000938  interrupt_counter             
000037b5  ldexp                         
000037b5  ldexpl                        
2000092c  ledFlag                       
00000833  main                          
00003975  memcpy                        
00003a9f  memset                        
20000880  motornum                      
00001431  positionToAngle               
20000988  pui8MsgDataRX                 
2000098c  pui8MsgDataTX                 
20000874  pwmSpeed                      
20000890  pwmout0                       
20000898  pwmout1                       
200008e0  pwmoutv0                      
200008e8  pwmoutv1                      
20000950  sCANMessageRX                 
20000964  sCANMessageTX                 
000037b5  scalbn                        
000037b5  scalbnl                       
000013b1  setSpeed                      
000038bb  sscanf                        
2000094c  stateTable                    
00004375  strchr                        
000043c9  strcpy                        
000043dd  strlen                        
000042ef  strrchr                       
00002281  strtod                        
00002ef9  strtol                        
00002281  strtold                       
000028d1  strtoll                       
00003291  strtoul                       
00002c65  strtoull                      
000008f7  tellMasterAngle               
000008b5  tellSlaveAngle                
20000934  txID                          
20000990  ui32MsgDataRX                 
20000994  ui32MsgDataTX                 
000038a9  vsscanf                       


GLOBAL SYMBOLS: SORTED BY Symbol Address 

address   name                          
-------   ----                          
00000000  __TI_static_base__            
00000000  g_pfnVectors                  
0000026d  UARTStdioConfig               
000002b3  UARTwrite                     
000002f9  UARTgets                      
000003b3  UARTgetc                      
000003d9  UARTvprintf                   
00000600  __STACK_SIZE                  
000006d3  UARTprintf                    
000006f7  PortDIntHandler               
00000727  CANIntHandler                 
0000078f  Timer0IntHandler              
000007b3  UARTIntHandler                
00000833  main                          
000008b5  tellSlaveAngle                
000008f7  tellMasterAngle               
0000093f  PULSEorderconfig              
00000983  PULSEconfig                   
000009cd  PULSEsend                     
00000a41  WIREwrite                     
00000a49  WIREread                      
00000a55  WIREconfig                    
00000ab5  CANget                        
00000b29  CANsend                       
00000b6f  CANRXmsgconfig                
00000ba7  CANTXmsgconfig                
00000bf1  CANconfig                     
00000c6b  counttoRPM                    
00000d99  PIDVelupdate                  
0000109d  PIDPosupdate                  
00001361  TIMERconfig                   
000013b1  setSpeed                      
00001401  angleToPosition               
00001431  positionToAngle               
0000146d  QEI0angleGet                  
000014ab  QEI0posGet                    
000014cd  QEI0zero                      
000014f5  QEI1angleGet                  
0000153d  QEI1posGet                    
00001561  QEI1zero                      
0000157d  QEIconfig                     
00001645  QEIvelocityConfig             
00001699  PWMconfig                     
0000173d  GPIOconfig                    
00001789  InitConsole                   
00001869  __TI_scanfi                   
00002281  strtod                        
00002281  strtold                       
000026dd  __aeabi_uldivmod              
000028d1  strtoll                       
00002aad  __aeabi_dsub                  
00002ab7  __aeabi_dadd                  
00002c63  __aeabi_idiv0                 
00002c65  strtoull                      
00002dc1  __aeabi_ddiv                  
00002ef9  strtol                        
0000302d  GPIOPadConfigSet              
0000315f  CANMessageSet                 
00003291  strtoul                       
000033a5  SysCtlClockGet                
000034b5  CANMessageGet                 
000035c3  __aeabi_dmul                  
000036c1  SysCtlClockSet                
000037b5  ldexp                         
000037b5  ldexpl                        
000037b5  scalbn                        
000037b5  scalbnl                       
000038a9  vsscanf                       
000038bb  sscanf                        
00003975  __aeabi_memcpy                
00003975  __aeabi_memcpy4               
00003975  __aeabi_memcpy8               
00003975  memcpy                        
00003a11  __aeabi_cdcmpeq               
00003a11  __aeabi_cdcmple               
00003a97  __aeabi_memclr                
00003a97  __aeabi_memclr4               
00003a97  __aeabi_memclr8               
00003a99  __aeabi_memset                
00003a99  __aeabi_memset4               
00003a99  __aeabi_memset8               
00003a9f  memset                        
00003b11  __aeabi_d2f                   
00003b81  CANBitRateSet                 
00003bed  IntEnable                     
00003c55  __TI_decompress_lzss          
00003cbd  TimerConfigure                
00003d1d  GPIOIntTypeSet                
00003d75  GPIOPinConfigure              
00003dc1  atoi                          
00003e0d  __aeabi_d2iz                  
00003e55  UARTConfigSetExpClk           
00003e9d  __TI_auto_init_nobinit_nopinit
00003ee1  __aeabi_d2uiz                 
00003f25  CANStatusGet                  
00003fa5  __aeabi_uidiv                 
00003fa5  __aeabi_uidivmod              
00003fe5  CANInit                       
00004021  SysCtlPeripheralPresent       
00004059  SysCtlPeripheralReady         
00004091  _c_int00_noargs               
000040c9  __aeabi_f2d                   
00004101  IntRegister                   
00004135  SysCtlPeripheralEnable        
00004169  GPIODirModeSet                
000041e3  CANIntClear                   
00004205  PWMGenConfigure               
00004227  CANIntStatus                  
00004249  UARTDisable                   
00004269  __aeabi_ui2d                  
00004289  PWMPulseWidthSet              
000042a7  GPIOIntRegister               
000042bf  GPIOPinTypeGPIOOutput         
000042d7  __aeabi_lmul                  
000042ef  strrchr                       
00004307  GPIOPinTypeCAN                
0000431d  GPIOPinTypeGPIOInput          
00004333  GPIOPinTypePWM                
00004349  GPIOPinTypeQEI                
0000435f  GPIOPinTypeUART               
00004375  strchr                        
0000438d  SysCtlPWMClockSet             
000043a1  UARTEnable                    
000043b5  copysign                      
000043b5  copysignl                     
000043c9  strcpy                        
000043dd  strlen                        
000043f1  PWMOutputState                
00004403  TimerLoadSet                  
00004415  __TI_zero_init_nomemset       
00004429  FPUEnable                     
00004439  FPULazyStackingEnable         
00004449  IntMasterEnable               
00004459  PWMGenPeriodSet               
00004469  QEIVelocityConfigure          
00004479  GPIOIntDisable                
00004487  GPIOIntStatus                 
00004495  QEIConfigure                  
000044a3  TimerEnable                   
000044b1  UARTCharsAvail                
000044bf  __TI_decompress_none          
000044cd  CPUcpsie                      
000044d9  GPIOIntEnable                 
000044e5  PWMGenEnable                  
000044f1  ResetISR                      
000044fd  CANEnable                     
00004507  QEIDisable                    
00004511  QEIEnable                     
0000451b  QEIIntDisable                 
00004525  QEIVelocityEnable             
0000452f  UARTCharGet                   
00004539  UARTCharPut                   
00004543  UARTIntStatus                 
0000454d  CANIntEnable                  
00004555  TimerIntEnable                
0000455d  UARTIntEnable                 
00004565  GPIOIntClear                  
0000456b  GPIOPinWrite                  
00004571  SysCtlDelay                   
00004577  UARTClockSourceSet            
0000457d  QEIPositionGet                
00004581  QEIPositionSet                
00004585  QEIVelocityGet                
00004589  TimerIntClear                 
0000458d  UARTIntClear                  
00004591  C$$EXIT                       
00004591  abort                         
00004595  _system_pre_init              
00004598  _ctypes_                      
00004a8c  __TI_Handler_Table_Base       
00004a98  __TI_Handler_Table_Limit      
00004aa8  __TI_CINIT_Base               
00004ac0  __TI_CINIT_Limit              
20000000  g_pfnRAMVectors               
20000270  __stack                       
20000470  __STACK_TOP                   
20000870  __STACK_END                   
20000874  pwmSpeed                      
20000878  desiredPos0                   
2000087c  desiredPos1                   
20000880  motornum                      
20000884  desiredVel0                   
20000888  desiredVel1                   
2000088c  dir0                          
20000890  pwmout0                       
20000894  dir1                          
20000898  pwmout1                       
2000089c  Kp0                           
200008a0  Kd0                           
200008a4  Ki0                           
200008a8  Kp1                           
200008ac  Kd1                           
200008b0  Ki1                           
200008b4  error0                        
200008b8  eprev0                        
200008bc  ediv0                         
200008c0  eint0                         
200008c4  controlsig0                   
200008c8  error1                        
200008cc  eprev1                        
200008d0  ediv1                         
200008d4  eint1                         
200008d8  controlsig1                   
200008dc  dirv0                         
200008e0  pwmoutv0                      
200008e4  dirv1                         
200008e8  pwmoutv1                      
200008ec  Kpv0                          
200008f0  Kdv0                          
200008f4  Kiv0                          
200008f8  Kpv1                          
200008fc  Kdv1                          
20000900  Kiv1                          
20000904  errorv0                       
20000908  eprevv0                       
2000090c  edivv0                        
20000910  eintv0                        
20000914  controlsigv0                  
20000918  errorv1                       
2000091c  eprevv1                       
20000920  edivv1                        
20000924  eintv1                        
20000928  controlsigv1                  
2000092c  ledFlag                       
20000930  first_node_flag               
20000934  txID                          
20000938  interrupt_counter             
2000093c  config_flag                   
20000940  g_ui32MsgCount                
20000944  g_bRXFlag                     
20000945  g_bErrFlag                    
20000948  errno                         
2000094c  stateTable                    
20000950  sCANMessageRX                 
20000964  sCANMessageTX                 
20000978  currPosition0                 
2000097c  currPosition1                 
20000980  currVel0                      
20000984  currVel1                      
20000988  pui8MsgDataRX                 
2000098c  pui8MsgDataTX                 
20000990  ui32MsgDataRX                 
20000994  ui32MsgDataTX                 
ffffffff  __TI_pprof_out_hndl           
ffffffff  __TI_prof_data_size           
ffffffff  __TI_prof_data_start          
ffffffff  __binit__                     
ffffffff  __c_args__                    
ffffffff  binit                         
UNDEFED   __mpu_init                    
UNDEFED   _system_post_cinit            

[251 symbols]
