******************************************************************************
                  TI ARM Linker PC v17.9.0                     
******************************************************************************
>> Linked Mon Apr 23 12:02:40 2018

OUTPUT FILE NAME:   <qei_mit_pwm.out>
ENTRY POINT SYMBOL: "_c_int00_noargs"  address: 000040f1


MEMORY CONFIGURATION

         name            origin    length      used     unused   attr    fill
----------------------  --------  ---------  --------  --------  ----  --------
  FLASH                 00000000   00040000  00004b1c  0003b4e4  R  X
  SRAM                  20000000   00008000  00000994  0000766c  RW X


SEGMENT ALLOCATION MAP

run origin  load origin   length   init length attrs members
----------  ----------- ---------- ----------- ----- -------
00000000    00000000    00004b20   00004b20    r-x
  00000000    00000000    0000026c   0000026c    r-- .intvecs
  0000026c    0000026c    0000438c   0000438c    r-x .text
  000045f8    000045f8    000004bc   000004bc    r-- .const
  00004ab8    00004ab8    00000068   00000068    r-- .cinit
20000000    20000000    00000998   00000000    rw-
  20000000    20000000    0000026c   00000000    rw- .vtable
  20000270    20000270    00000600   00000000    rw- .stack
  20000870    20000870    000000e0   00000000    rw- .data
  20000950    20000950    00000048   00000000    rw- .bss


SECTION ALLOCATION MAP

 output                                  attributes/
section   page    origin      length       input sections
--------  ----  ----------  ----------   ----------------
.intvecs   0    00000000    0000026c     
                  00000000    0000026c     tm4c123gh6pm_startup_ccs.obj (.intvecs)

.text      0    0000026c    0000438c     
                  0000026c    0000165c     main.obj (.text)
                  000018c8    00000a18     rtsv7M4_T_le_v4SPD16_eabi.lib : _scanfi.obj (.text)
                  000022e0    0000045c                                   : strtod.obj (.text)
                  0000273c    000001f4                                   : ull_div_t2.obj (.text)
                  00002930    000001dc                                   : strtoll.obj (.text)
                  00002b0c    000001b6                                   : fd_add_t2.obj (.text)
                  00002cc2    00000002                                   : i_div0.obj (.text)
                  00002cc4    0000015c                                   : strtoull.obj (.text)
                  00002e20    00000136                                   : fd_div_t2.obj (.text)
                  00002f56    00000002     --HOLE-- [fill = 0]
                  00002f58    00000134                                   : strtol.obj (.text)
                  0000308c    00000132     driverlib.lib : gpio.obj (.text:GPIOPadConfigSet)
                  000031be    00000130                   : can.obj (.text:CANMessageSet)
                  000032ee    00000002     --HOLE-- [fill = 0]
                  000032f0    00000114     rtsv7M4_T_le_v4SPD16_eabi.lib : strtoul.obj (.text)
                  00003404    00000110     driverlib.lib : sysctl.obj (.text:SysCtlClockGet)
                  00003514    0000010e                   : can.obj (.text:CANMessageGet)
                  00003622    000000fc     rtsv7M4_T_le_v4SPD16_eabi.lib : fd_mul_t2.obj (.text)
                  0000371e    00000002     --HOLE-- [fill = 0]
                  00003720    000000f4     driverlib.lib : sysctl.obj (.text:SysCtlClockSet)
                  00003814    000000f4     rtsv7M4_T_le_v4SPD16_eabi.lib : s_scalbn.obj (.text)
                  00003908    000000cc                                   : sscanf.obj (.text)
                  000039d4    0000009c                                   : memcpy_t2.obj (.text)
                  00003a70    00000086                                   : fd_cmp_t2.obj (.text:__aeabi_cdcmple)
                  00003af6    0000007a                                   : memset_t2.obj (.text)
                  00003b70    0000006e                                   : fd_tos_t2.obj (.text)
                  00003bde    00000002     --HOLE-- [fill = 0]
                  00003be0    0000006c     driverlib.lib : can.obj (.text:CANBitRateSet)
                  00003c4c    00000068                   : interrupt.obj (.text:IntEnable)
                  00003cb4    00000068     rtsv7M4_T_le_v4SPD16_eabi.lib : copy_decompress_lzss.obj (.text:decompress:lzss)
                  00003d1c    00000060     driverlib.lib : timer.obj (.text:TimerConfigure)
                  00003d7c    00000058                   : gpio.obj (.text:GPIOIntTypeSet)
                  00003dd4    0000004c                   : gpio.obj (.text:GPIOPinConfigure)
                  00003e20    0000004c     rtsv7M4_T_le_v4SPD16_eabi.lib : atoi.obj (.text)
                  00003e6c    00000048                                   : fd_toi_t2.obj (.text)
                  00003eb4    00000046     driverlib.lib : uart.obj (.text:UARTConfigSetExpClk)
                  00003efa    00000002     --HOLE-- [fill = 0]
                  00003efc    00000044     rtsv7M4_T_le_v4SPD16_eabi.lib : autoinit.obj (.text:__TI_auto_init_nobinit_nopinit)
                  00003f40    00000044                                   : fd_tou_t2.obj (.text)
                  00003f84    00000040     driverlib.lib : can.obj (.text:CANStatusGet)
                  00003fc4    00000040                   : gpio.obj (.text:_GPIOIntNumberGet)
                  00004004    00000040     rtsv7M4_T_le_v4SPD16_eabi.lib : u_divt2.obj (.text)
                  00004044    0000003a     driverlib.lib : can.obj (.text:CANInit)
                  0000407e    00000002     --HOLE-- [fill = 0]
                  00004080    00000038                   : sysctl.obj (.text:SysCtlPeripheralPresent)
                  000040b8    00000038                   : sysctl.obj (.text:SysCtlPeripheralReady)
                  000040f0    00000038     rtsv7M4_T_le_v4SPD16_eabi.lib : boot_cortex_m.obj (.text:_c_int00_noargs)
                  00004128    00000038                                   : fs_tod_t2.obj (.text)
                  00004160    00000034     driverlib.lib : interrupt.obj (.text:IntRegister)
                  00004194    00000034                   : sysctl.obj (.text:SysCtlPeripheralEnable)
                  000041c8    0000002c                   : gpio.obj (.text:GPIODirModeSet)
                  000041f4    0000002a                   : can.obj (.text:_CANDataRegRead)
                  0000421e    00000024                   : can.obj (.text:_CANDataRegWrite)
                  00004242    00000022                   : can.obj (.text:CANIntClear)
                  00004264    00000022                   : pwm.obj (.text:PWMGenConfigure)
                  00004286    00000020                   : can.obj (.text:CANIntStatus)
                  000042a6    00000002     --HOLE-- [fill = 0]
                  000042a8    00000020                   : uart.obj (.text:UARTDisable)
                  000042c8    00000020     rtsv7M4_T_le_v4SPD16_eabi.lib : u_tofd_t2.obj (.text)
                  000042e8    0000001e     driverlib.lib : pwm.obj (.text:PWMPulseWidthSet)
                  00004306    00000018                   : gpio.obj (.text:GPIOIntRegister)
                  0000431e    00000018                   : gpio.obj (.text:GPIOPinTypeGPIOOutput)
                  00004336    00000018     rtsv7M4_T_le_v4SPD16_eabi.lib : ll_mul_t2.obj (.text)
                  0000434e    00000018                                   : strrchr.obj (.text)
                  00004366    00000016     driverlib.lib : gpio.obj (.text:GPIOPinTypeCAN)
                  0000437c    00000016                   : gpio.obj (.text:GPIOPinTypeGPIOInput)
                  00004392    00000016                   : gpio.obj (.text:GPIOPinTypePWM)
                  000043a8    00000016                   : gpio.obj (.text:GPIOPinTypeQEI)
                  000043be    00000016                   : gpio.obj (.text:GPIOPinTypeUART)
                  000043d4    00000016     rtsv7M4_T_le_v4SPD16_eabi.lib : strchr.obj (.text)
                  000043ea    00000002     --HOLE-- [fill = 0]
                  000043ec    00000014     driverlib.lib : sysctl.obj (.text:SysCtlPWMClockSet)
                  00004400    00000014                   : uart.obj (.text:UARTEnable)
                  00004414    00000014     rtsv7M4_T_le_v4SPD16_eabi.lib : s_copysign.obj (.text)
                  00004428    00000014                                   : strcpy.obj (.text)
                  0000443c    00000014                                   : strlen.obj (.text)
                  00004450    00000012     driverlib.lib : pwm.obj (.text:PWMOutputState)
                  00004462    00000012                   : timer.obj (.text:TimerLoadSet)
                  00004474    00000012     rtsv7M4_T_le_v4SPD16_eabi.lib : copy_zero_init.obj (.text:decompress:ZI:__TI_zero_init_nomemset)
                  00004486    00000002     --HOLE-- [fill = 0]
                  00004488    00000010     driverlib.lib : fpu.obj (.text:FPUEnable)
                  00004498    00000010                   : fpu.obj (.text:FPULazyStackingEnable)
                  000044a8    00000010                   : interrupt.obj (.text:IntMasterEnable)
                  000044b8    00000010                   : pwm.obj (.text:PWMGenPeriodSet)
                  000044c8    00000010                   : qei.obj (.text:QEIVelocityConfigure)
                  000044d8    0000000e                   : gpio.obj (.text:GPIOIntDisable)
                  000044e6    0000000e                   : gpio.obj (.text:GPIOIntStatus)
                  000044f4    0000000e                   : qei.obj (.text:QEIConfigure)
                  00004502    0000000e                   : timer.obj (.text:TimerEnable)
                  00004510    0000000e                   : uart.obj (.text:UARTCharsAvail)
                  0000451e    0000000e     rtsv7M4_T_le_v4SPD16_eabi.lib : copy_decompress_none.obj (.text:decompress:none)
                  0000452c    0000000c     driverlib.lib : cpu.obj (.text:CPUcpsie)
                  00004538    0000000c                   : gpio.obj (.text:GPIOIntEnable)
                  00004544    0000000c                   : pwm.obj (.text:PWMGenEnable)
                  00004550    0000000c     tm4c123gh6pm_startup_ccs.obj (.text)
                  0000455c    0000000a     driverlib.lib : can.obj (.text:CANEnable)
                  00004566    0000000a                   : qei.obj (.text:QEIDisable)
                  00004570    0000000a                   : qei.obj (.text:QEIEnable)
                  0000457a    0000000a                   : qei.obj (.text:QEIIntDisable)
                  00004584    0000000a                   : qei.obj (.text:QEIVelocityEnable)
                  0000458e    0000000a                   : uart.obj (.text:UARTCharGet)
                  00004598    0000000a                   : uart.obj (.text:UARTCharPut)
                  000045a2    0000000a                   : uart.obj (.text:UARTIntStatus)
                  000045ac    00000008                   : can.obj (.text:CANIntEnable)
                  000045b4    00000008                   : timer.obj (.text:TimerIntEnable)
                  000045bc    00000008                   : uart.obj (.text:UARTIntEnable)
                  000045c4    00000006                   : gpio.obj (.text:GPIOIntClear)
                  000045ca    00000006                   : gpio.obj (.text:GPIOPinWrite)
                  000045d0    00000006                   : sysctl.obj (.text:SysCtlDelay)
                  000045d6    00000006                   : uart.obj (.text:UARTClockSourceSet)
                  000045dc    00000004                   : qei.obj (.text:QEIPositionGet)
                  000045e0    00000004                   : qei.obj (.text:QEIPositionSet)
                  000045e4    00000004                   : qei.obj (.text:QEIVelocityGet)
                  000045e8    00000004                   : timer.obj (.text:TimerIntClear)
                  000045ec    00000004                   : uart.obj (.text:UARTIntClear)
                  000045f0    00000004     rtsv7M4_T_le_v4SPD16_eabi.lib : exit.obj (.text:abort)
                  000045f4    00000004                                   : pre_init.obj (.text)

.const     0    000045f8    000004bc     
                  000045f8    00000101     rtsv7M4_T_le_v4SPD16_eabi.lib : ctype.obj (.const:.string:_ctypes_)
                  000046f9    00000003     --HOLE-- [fill = 0]
                  000046fc    00000004     main.obj (.const)
                  00004700    000000c8     rtsv7M4_T_le_v4SPD16_eabi.lib : strtod.obj (.const:$O1$$)
                  000047c8    000000c0     driverlib.lib : gpio.obj (.const:g_ppui32GPIOIntMapBlizzard)
                  00004888    000000c0                   : gpio.obj (.const:g_ppui32GPIOIntMapSnowflake)
                  00004948    00000090                   : gpio.obj (.const:g_pui32GPIOBaseAddrs)
                  000049d8    0000006c                   : sysctl.obj (.const:g_pui32Xtals)
                  00004a44    00000020                   : can.obj (.const:g_ui16CANBitValues)
                  00004a64    00000014                   : interrupt.obj (.const:g_pui32EnRegs)
                  00004a78    00000012     main.obj (.const:.string)
                  00004a8a    00000002     --HOLE-- [fill = 0]
                  00004a8c    00000010     rtsv7M4_T_le_v4SPD16_eabi.lib : _scanfi.obj (.const:$O1$$)
                  00004a9c    0000000c     main.obj (.const:g_ui32UARTBase)
                  00004aa8    0000000c     main.obj (.const:g_ui32UARTPeriph)

.cinit     0    00004ab8    00000068     
                  00004ab8    00000031     (.cinit..data.load) [load image, compression = lzss]
                  00004ae9    00000003     --HOLE-- [fill = 0]
                  00004aec    0000000c     (__TI_handler_table)
                  00004af8    00000008     (.cinit..bss.load) [load image, compression = zero_init]
                  00004b00    00000008     (.cinit..vtable.load) [load image, compression = zero_init]
                  00004b08    00000018     (__TI_cinit_table)

.init_array 
*          0    00000000    00000000     UNINITIALIZED

.vtable    0    20000000    0000026c     UNINITIALIZED
                  20000000    0000026c     driverlib.lib : interrupt.obj (.vtable)

.data      0    20000870    000000e0     UNINITIALIZED
                  20000870    000000d7     main.obj (.data)
                  20000947    00000001     --HOLE--
                  20000948    00000004     rtsv7M4_T_le_v4SPD16_eabi.lib : errno.obj (.data)
                  2000094c    00000004     main.obj (.data:stateTable)

.bss       0    20000950    00000048     UNINITIALIZED
                  20000950    00000014     (.common:sCANMessageRX)
                  20000964    00000014     (.common:sCANMessageTX)
                  20000978    00000004     (.common:currPosition0)
                  2000097c    00000004     (.common:currPosition1)
                  20000980    00000004     (.common:currVel0)
                  20000984    00000004     (.common:currVel1)
                  20000988    00000004     (.common:pui8MsgDataRX)
                  2000098c    00000004     (.common:pui8MsgDataTX)
                  20000990    00000004     (.common:ui32MsgDataRX)
                  20000994    00000004     (.common:ui32MsgDataTX)

.stack     0    20000270    00000600     UNINITIALIZED
                  20000270    00000004     rtsv7M4_T_le_v4SPD16_eabi.lib : boot_cortex_m.obj (.stack)
                  20000274    000005fc     --HOLE--

MODULE SUMMARY

       Module                         code    ro data   rw data
       ------                         ----    -------   -------
    .\
       main.obj                       5724    46        291    
       tm4c123gh6pm_startup_ccs.obj   12      620       0      
    +--+------------------------------+-------+---------+---------+
       Total:                         5736    666       291    
                                                               
    C:/ti/TivaWare_C_Series-2.1.3.156/driverlib/ccs/Debug/driverlib.lib
       gpio.obj                       788     528       0      
       can.obj                        966     32        0      
       sysctl.obj                     706     108       0      
       interrupt.obj                  172     20        620    
       uart.obj                       184     0         0      
       timer.obj                      140     0         0      
       pwm.obj                        110     0         0      
       qei.obj                        82      0         0      
       fpu.obj                        32      0         0      
       cpu.obj                        12      0         0      
    +--+------------------------------+-------+---------+---------+
       Total:                         3192    688       620    
                                                               
    C:\ti\ccsv7\tools\compiler\ti-cgt-arm_17.9.0.STS\lib\rtsv7M4_T_le_v4SPD16_eabi.lib
       _scanfi.obj                    2584    16        0      
       strtod.obj                     1116    200       0      
       ull_div_t2.obj                 500     0         0      
       strtoll.obj                    476     0         0      
       fd_add_t2.obj                  438     0         0      
       strtoull.obj                   348     0         0      
       fd_div_t2.obj                  310     0         0      
       strtol.obj                     308     0         0      
       strtoul.obj                    276     0         0      
       ctype.obj                      0       257       0      
       fd_mul_t2.obj                  252     0         0      
       s_scalbn.obj                   244     0         0      
       sscanf.obj                     204     0         0      
       memcpy_t2.obj                  156     0         0      
       fd_cmp_t2.obj                  134     0         0      
       memset_t2.obj                  122     0         0      
       fd_tos_t2.obj                  110     0         0      
       copy_decompress_lzss.obj       104     0         0      
       atoi.obj                       76      0         0      
       fd_toi_t2.obj                  72      0         0      
       autoinit.obj                   68      0         0      
       fd_tou_t2.obj                  68      0         0      
       u_divt2.obj                    64      0         0      
       boot_cortex_m.obj              56      0         0      
       fs_tod_t2.obj                  56      0         0      
       u_tofd_t2.obj                  32      0         0      
       ll_mul_t2.obj                  24      0         0      
       strrchr.obj                    24      0         0      
       strchr.obj                     22      0         0      
       s_copysign.obj                 20      0         0      
       strcpy.obj                     20      0         0      
       strlen.obj                     20      0         0      
       copy_zero_init.obj             18      0         0      
       copy_decompress_none.obj       14      0         0      
       errno.obj                      0       0         4      
       exit.obj                       4       0         0      
       pre_init.obj                   4       0         0      
       i_div0.obj                     2       0         0      
    +--+------------------------------+-------+---------+---------+
       Total:                         8346    473       4      
                                                               
       Stack:                         0       0         1536   
       Linker Generated:              0       101       0      
    +--+------------------------------+-------+---------+---------+
       Grand Total:                   17274   1928      2451   


LINKER GENERATED COPY TABLES

__TI_cinit_table @ 00004b08 records: 3, size/record: 8, table size: 24
	.data: load addr=00004ab8, load size=00000031 bytes, run addr=20000870, run size=000000e0 bytes, compression=lzss
	.bss: load addr=00004af8, load size=00000008 bytes, run addr=20000950, run size=00000048 bytes, compression=zero_init
	.vtable: load addr=00004b00, load size=00000008 bytes, run addr=20000000, run size=0000026c bytes, compression=zero_init


LINKER GENERATED HANDLER TABLE

__TI_handler_table @ 00004aec records: 3, size/record: 4, table size: 12
	index: 0, handler: __TI_zero_init
	index: 1, handler: __TI_decompress_lzss
	index: 2, handler: __TI_decompress_none


GLOBAL SYMBOLS: SORTED ALPHABETICALLY BY Name 

address   name                          
-------   ----                          
000045f1  C$$EXIT                       
00003be1  CANBitRateSet                 
0000455d  CANEnable                     
00004045  CANInit                       
00004243  CANIntClear                   
000045ad  CANIntEnable                  
00000727  CANIntHandler                 
00004287  CANIntStatus                  
00003515  CANMessageGet                 
000031bf  CANMessageSet                 
00000ba7  CANRXmsgconfig                
00003f85  CANStatusGet                  
00000be5  CANTXmsgconfig                
00000c2d  CANconfig                     
00000aa9  CANget                        
00000b5d  CANsend                       
0000452d  CPUcpsie                      
00004489  FPUEnable                     
00004499  FPULazyStackingEnable         
000041c9  GPIODirModeSet                
000045c5  GPIOIntClear                  
000044d9  GPIOIntDisable                
00004539  GPIOIntEnable                 
00004307  GPIOIntRegister               
000044e7  GPIOIntStatus                 
00003d7d  GPIOIntTypeSet                
0000308d  GPIOPadConfigSet              
00003dd5  GPIOPinConfigure              
00004367  GPIOPinTypeCAN                
0000437d  GPIOPinTypeGPIOInput          
0000431f  GPIOPinTypeGPIOOutput         
00004393  GPIOPinTypePWM                
000043a9  GPIOPinTypeQEI                
000043bf  GPIOPinTypeUART               
000045cb  GPIOPinWrite                  
0000179d  GPIOconfig                    
000017e9  InitConsole                   
00003c4d  IntEnable                     
000044a9  IntMasterEnable               
00004161  IntRegister                   
200008a0  Kd0                           
200008ac  Kd1                           
200008f0  Kdv0                          
200008fc  Kdv1                          
200008a4  Ki0                           
200008b0  Ki1                           
200008f4  Kiv0                          
20000900  Kiv1                          
2000089c  Kp0                           
200008a8  Kp1                           
200008ec  Kpv0                          
200008f8  Kpv1                          
000010fd  PIDPosupdate                  
00000df9  PIDVelupdate                  
000009a5  PULSEconfig                   
0000095b  PULSEorderconfig              
000009f5  PULSEsend                     
00004265  PWMGenConfigure               
00004545  PWMGenEnable                  
000044b9  PWMGenPeriodSet               
00004451  PWMOutputState                
000042e9  PWMPulseWidthSet              
000016f9  PWMconfig                     
000006f7  PortDIntHandler               
000014cd  QEI0angleGet                  
0000150b  QEI0posGet                    
0000152d  QEI0zero                      
00001555  QEI1angleGet                  
0000159d  QEI1posGet                    
000015c1  QEI1zero                      
000044f5  QEIConfigure                  
00004567  QEIDisable                    
00004571  QEIEnable                     
0000457b  QEIIntDisable                 
000045dd  QEIPositionGet                
000045e1  QEIPositionSet                
000044c9  QEIVelocityConfigure          
00004585  QEIVelocityEnable             
000045e5  QEIVelocityGet                
000015dd  QEIconfig                     
000016a5  QEIvelocityConfig             
00004551  ResetISR                      
00003405  SysCtlClockGet                
00003721  SysCtlClockSet                
000045d1  SysCtlDelay                   
000043ed  SysCtlPWMClockSet             
00004195  SysCtlPeripheralEnable        
00004081  SysCtlPeripheralPresent       
000040b9  SysCtlPeripheralReady         
000013c1  TIMERconfig                   
0000078f  Timer2IntHandler              
00003d1d  TimerConfigure                
00004503  TimerEnable                   
000045e9  TimerIntClear                 
000045b5  TimerIntEnable                
00004463  TimerLoadSet                  
0000458f  UARTCharGet                   
00004599  UARTCharPut                   
00004511  UARTCharsAvail                
000045d7  UARTClockSourceSet            
00003eb5  UARTConfigSetExpClk           
000042a9  UARTDisable                   
00004401  UARTEnable                    
000045ed  UARTIntClear                  
000045bd  UARTIntEnable                 
000007b3  UARTIntHandler                
000045a3  UARTIntStatus                 
0000026d  UARTStdioConfig               
000003b3  UARTgetc                      
000002f9  UARTgets                      
000006d3  UARTprintf                    
000003d9  UARTvprintf                   
000002b3  UARTwrite                     
20000870  __STACK_END                   
00000600  __STACK_SIZE                  
20000470  __STACK_TOP                   
00004b08  __TI_CINIT_Base               
00004b20  __TI_CINIT_Limit              
00004aec  __TI_Handler_Table_Base       
00004af8  __TI_Handler_Table_Limit      
00003efd  __TI_auto_init_nobinit_nopinit
00003cb5  __TI_decompress_lzss          
0000451f  __TI_decompress_none          
ffffffff  __TI_pprof_out_hndl           
ffffffff  __TI_prof_data_size           
ffffffff  __TI_prof_data_start          
000018c9  __TI_scanfi                   
00000000  __TI_static_base__            
00004475  __TI_zero_init_nomemset       
00003a71  __aeabi_cdcmpeq               
00003a71  __aeabi_cdcmple               
00003b71  __aeabi_d2f                   
00003e6d  __aeabi_d2iz                  
00003f41  __aeabi_d2uiz                 
00002b17  __aeabi_dadd                  
00002e21  __aeabi_ddiv                  
00003623  __aeabi_dmul                  
00002b0d  __aeabi_dsub                  
00004129  __aeabi_f2d                   
00002cc3  __aeabi_idiv0                 
00004337  __aeabi_lmul                  
00003af7  __aeabi_memclr                
00003af7  __aeabi_memclr4               
00003af7  __aeabi_memclr8               
000039d5  __aeabi_memcpy                
000039d5  __aeabi_memcpy4               
000039d5  __aeabi_memcpy8               
00003af9  __aeabi_memset                
00003af9  __aeabi_memset4               
00003af9  __aeabi_memset8               
000042c9  __aeabi_ui2d                  
00004005  __aeabi_uidiv                 
00004005  __aeabi_uidivmod              
0000273d  __aeabi_uldivmod              
ffffffff  __binit__                     
ffffffff  __c_args__                    
UNDEFED   __mpu_init                    
20000270  __stack                       
000040f1  _c_int00_noargs               
000045f8  _ctypes_                      
UNDEFED   _system_post_cinit            
000045f5  _system_pre_init              
000045f1  abort                         
00001461  angleToPosition               
00003e21  atoi                          
ffffffff  binit                         
2000093c  config_flag                   
200008c4  controlsig0                   
200008d8  controlsig1                   
20000914  controlsigv0                  
20000928  controlsigv1                  
00004415  copysign                      
00004415  copysignl                     
00000cc9  counttoRPM                    
20000978  currPosition0                 
2000097c  currPosition1                 
20000980  currVel0                      
20000984  currVel1                      
20000878  desiredPos0                   
2000087c  desiredPos1                   
20000884  desiredVel0                   
20000888  desiredVel1                   
2000088c  dir0                          
20000894  dir1                          
200008dc  dirv0                         
200008e4  dirv1                         
200008bc  ediv0                         
200008d0  ediv1                         
2000090c  edivv0                        
20000920  edivv1                        
200008c0  eint0                         
200008d4  eint1                         
20000910  eintv0                        
20000924  eintv1                        
200008b8  eprev0                        
200008cc  eprev1                        
20000908  eprevv0                       
2000091c  eprevv1                       
20000948  errno                         
200008b4  error0                        
200008c8  error1                        
20000904  errorv0                       
20000918  errorv1                       
20000930  first_node_flag               
20000945  g_bErrFlag                    
20000944  g_bRXFlag                     
20000000  g_pfnRAMVectors               
00000000  g_pfnVectors                  
20000940  g_ui32MsgCount                
20000938  interrupt_counter             
00003815  ldexp                         
00003815  ldexpl                        
2000092c  ledFlag                       
00000833  main                          
000039d5  memcpy                        
00003aff  memset                        
20000880  motornum                      
00001491  positionToAngle               
20000988  pui8MsgDataRX                 
2000098c  pui8MsgDataTX                 
20000874  pwmSpeed                      
20000890  pwmout0                       
20000898  pwmout1                       
200008e0  pwmoutv0                      
200008e8  pwmoutv1                      
20000950  sCANMessageRX                 
20000964  sCANMessageTX                 
00003815  scalbn                        
00003815  scalbnl                       
00001411  setSpeed                      
0000391b  sscanf                        
2000094c  stateTable                    
000043d5  strchr                        
00004429  strcpy                        
0000443d  strlen                        
0000434f  strrchr                       
000022e1  strtod                        
00002f59  strtol                        
000022e1  strtold                       
00002931  strtoll                       
000032f1  strtoul                       
00002cc5  strtoull                      
0000090b  tellMasterAngle               
000008b5  tellSlaveAngle                
20000934  txID                          
20000990  ui32MsgDataRX                 
20000994  ui32MsgDataTX                 
00003909  vsscanf                       


GLOBAL SYMBOLS: SORTED BY Symbol Address 

address   name                          
-------   ----                          
00000000  __TI_static_base__            
00000000  g_pfnVectors                  
0000026d  UARTStdioConfig               
000002b3  UARTwrite                     
000002f9  UARTgets                      
000003b3  UARTgetc                      
000003d9  UARTvprintf                   
00000600  __STACK_SIZE                  
000006d3  UARTprintf                    
000006f7  PortDIntHandler               
00000727  CANIntHandler                 
0000078f  Timer2IntHandler              
000007b3  UARTIntHandler                
00000833  main                          
000008b5  tellSlaveAngle                
0000090b  tellMasterAngle               
0000095b  PULSEorderconfig              
000009a5  PULSEconfig                   
000009f5  PULSEsend                     
00000aa9  CANget                        
00000b5d  CANsend                       
00000ba7  CANRXmsgconfig                
00000be5  CANTXmsgconfig                
00000c2d  CANconfig                     
00000cc9  counttoRPM                    
00000df9  PIDVelupdate                  
000010fd  PIDPosupdate                  
000013c1  TIMERconfig                   
00001411  setSpeed                      
00001461  angleToPosition               
00001491  positionToAngle               
000014cd  QEI0angleGet                  
0000150b  QEI0posGet                    
0000152d  QEI0zero                      
00001555  QEI1angleGet                  
0000159d  QEI1posGet                    
000015c1  QEI1zero                      
000015dd  QEIconfig                     
000016a5  QEIvelocityConfig             
000016f9  PWMconfig                     
0000179d  GPIOconfig                    
000017e9  InitConsole                   
000018c9  __TI_scanfi                   
000022e1  strtod                        
000022e1  strtold                       
0000273d  __aeabi_uldivmod              
00002931  strtoll                       
00002b0d  __aeabi_dsub                  
00002b17  __aeabi_dadd                  
00002cc3  __aeabi_idiv0                 
00002cc5  strtoull                      
00002e21  __aeabi_ddiv                  
00002f59  strtol                        
0000308d  GPIOPadConfigSet              
000031bf  CANMessageSet                 
000032f1  strtoul                       
00003405  SysCtlClockGet                
00003515  CANMessageGet                 
00003623  __aeabi_dmul                  
00003721  SysCtlClockSet                
00003815  ldexp                         
00003815  ldexpl                        
00003815  scalbn                        
00003815  scalbnl                       
00003909  vsscanf                       
0000391b  sscanf                        
000039d5  __aeabi_memcpy                
000039d5  __aeabi_memcpy4               
000039d5  __aeabi_memcpy8               
000039d5  memcpy                        
00003a71  __aeabi_cdcmpeq               
00003a71  __aeabi_cdcmple               
00003af7  __aeabi_memclr                
00003af7  __aeabi_memclr4               
00003af7  __aeabi_memclr8               
00003af9  __aeabi_memset                
00003af9  __aeabi_memset4               
00003af9  __aeabi_memset8               
00003aff  memset                        
00003b71  __aeabi_d2f                   
00003be1  CANBitRateSet                 
00003c4d  IntEnable                     
00003cb5  __TI_decompress_lzss          
00003d1d  TimerConfigure                
00003d7d  GPIOIntTypeSet                
00003dd5  GPIOPinConfigure              
00003e21  atoi                          
00003e6d  __aeabi_d2iz                  
00003eb5  UARTConfigSetExpClk           
00003efd  __TI_auto_init_nobinit_nopinit
00003f41  __aeabi_d2uiz                 
00003f85  CANStatusGet                  
00004005  __aeabi_uidiv                 
00004005  __aeabi_uidivmod              
00004045  CANInit                       
00004081  SysCtlPeripheralPresent       
000040b9  SysCtlPeripheralReady         
000040f1  _c_int00_noargs               
00004129  __aeabi_f2d                   
00004161  IntRegister                   
00004195  SysCtlPeripheralEnable        
000041c9  GPIODirModeSet                
00004243  CANIntClear                   
00004265  PWMGenConfigure               
00004287  CANIntStatus                  
000042a9  UARTDisable                   
000042c9  __aeabi_ui2d                  
000042e9  PWMPulseWidthSet              
00004307  GPIOIntRegister               
0000431f  GPIOPinTypeGPIOOutput         
00004337  __aeabi_lmul                  
0000434f  strrchr                       
00004367  GPIOPinTypeCAN                
0000437d  GPIOPinTypeGPIOInput          
00004393  GPIOPinTypePWM                
000043a9  GPIOPinTypeQEI                
000043bf  GPIOPinTypeUART               
000043d5  strchr                        
000043ed  SysCtlPWMClockSet             
00004401  UARTEnable                    
00004415  copysign                      
00004415  copysignl                     
00004429  strcpy                        
0000443d  strlen                        
00004451  PWMOutputState                
00004463  TimerLoadSet                  
00004475  __TI_zero_init_nomemset       
00004489  FPUEnable                     
00004499  FPULazyStackingEnable         
000044a9  IntMasterEnable               
000044b9  PWMGenPeriodSet               
000044c9  QEIVelocityConfigure          
000044d9  GPIOIntDisable                
000044e7  GPIOIntStatus                 
000044f5  QEIConfigure                  
00004503  TimerEnable                   
00004511  UARTCharsAvail                
0000451f  __TI_decompress_none          
0000452d  CPUcpsie                      
00004539  GPIOIntEnable                 
00004545  PWMGenEnable                  
00004551  ResetISR                      
0000455d  CANEnable                     
00004567  QEIDisable                    
00004571  QEIEnable                     
0000457b  QEIIntDisable                 
00004585  QEIVelocityEnable             
0000458f  UARTCharGet                   
00004599  UARTCharPut                   
000045a3  UARTIntStatus                 
000045ad  CANIntEnable                  
000045b5  TimerIntEnable                
000045bd  UARTIntEnable                 
000045c5  GPIOIntClear                  
000045cb  GPIOPinWrite                  
000045d1  SysCtlDelay                   
000045d7  UARTClockSourceSet            
000045dd  QEIPositionGet                
000045e1  QEIPositionSet                
000045e5  QEIVelocityGet                
000045e9  TimerIntClear                 
000045ed  UARTIntClear                  
000045f1  C$$EXIT                       
000045f1  abort                         
000045f5  _system_pre_init              
000045f8  _ctypes_                      
00004aec  __TI_Handler_Table_Base       
00004af8  __TI_Handler_Table_Limit      
00004b08  __TI_CINIT_Base               
00004b20  __TI_CINIT_Limit              
20000000  g_pfnRAMVectors               
20000270  __stack                       
20000470  __STACK_TOP                   
20000870  __STACK_END                   
20000874  pwmSpeed                      
20000878  desiredPos0                   
2000087c  desiredPos1                   
20000880  motornum                      
20000884  desiredVel0                   
20000888  desiredVel1                   
2000088c  dir0                          
20000890  pwmout0                       
20000894  dir1                          
20000898  pwmout1                       
2000089c  Kp0                           
200008a0  Kd0                           
200008a4  Ki0                           
200008a8  Kp1                           
200008ac  Kd1                           
200008b0  Ki1                           
200008b4  error0                        
200008b8  eprev0                        
200008bc  ediv0                         
200008c0  eint0                         
200008c4  controlsig0                   
200008c8  error1                        
200008cc  eprev1                        
200008d0  ediv1                         
200008d4  eint1                         
200008d8  controlsig1                   
200008dc  dirv0                         
200008e0  pwmoutv0                      
200008e4  dirv1                         
200008e8  pwmoutv1                      
200008ec  Kpv0                          
200008f0  Kdv0                          
200008f4  Kiv0                          
200008f8  Kpv1                          
200008fc  Kdv1                          
20000900  Kiv1                          
20000904  errorv0                       
20000908  eprevv0                       
2000090c  edivv0                        
20000910  eintv0                        
20000914  controlsigv0                  
20000918  errorv1                       
2000091c  eprevv1                       
20000920  edivv1                        
20000924  eintv1                        
20000928  controlsigv1                  
2000092c  ledFlag                       
20000930  first_node_flag               
20000934  txID                          
20000938  interrupt_counter             
2000093c  config_flag                   
20000940  g_ui32MsgCount                
20000944  g_bRXFlag                     
20000945  g_bErrFlag                    
20000948  errno                         
2000094c  stateTable                    
20000950  sCANMessageRX                 
20000964  sCANMessageTX                 
20000978  currPosition0                 
2000097c  currPosition1                 
20000980  currVel0                      
20000984  currVel1                      
20000988  pui8MsgDataRX                 
2000098c  pui8MsgDataTX                 
20000990  ui32MsgDataRX                 
20000994  ui32MsgDataTX                 
ffffffff  __TI_pprof_out_hndl           
ffffffff  __TI_prof_data_size           
ffffffff  __TI_prof_data_start          
ffffffff  __binit__                     
ffffffff  __c_args__                    
ffffffff  binit                         
UNDEFED   __mpu_init                    
UNDEFED   _system_post_cinit            

[248 symbols]
