******************************************************************************
                  TI ARM Linker PC v17.9.0                     
******************************************************************************
>> Linked Mon Apr  9 22:22:42 2018

OUTPUT FILE NAME:   <qei_mit_pwm.out>
ENTRY POINT SYMBOL: "_c_int00_noargs"  address: 00003d45


MEMORY CONFIGURATION

         name            origin    length      used     unused   attr    fill
----------------------  --------  ---------  --------  --------  ----  --------
  FLASH                 00000000   00040000  00004546  0003baba  R  X
  SRAM                  20000000   00008000  00000718  000078e8  RW X


SEGMENT ALLOCATION MAP

run origin  load origin   length   init length attrs members
----------  ----------- ---------- ----------- ----- -------
00000000    00000000    00004550   00004550    r-x
  00000000    00000000    0000026c   0000026c    r-- .intvecs
  0000026c    0000026c    00003f4e   00003f4e    r-x .text
  000041c0    000041c0    0000033c   0000033c    r-- .const
  00004500    00004500    00000050   00000050    r-- .cinit
20000000    20000000    00000718   00000000    rw-
  20000000    20000000    00000600   00000000    rw- .stack
  20000600    20000600    000000d0   00000000    rw- .data
  200006d0    200006d0    00000048   00000000    rw- .bss


SECTION ALLOCATION MAP

 output                                  attributes/
section   page    origin      length       input sections
--------  ----  ----------  ----------   ----------------
.intvecs   0    00000000    0000026c     
                  00000000    0000026c     tm4c123gh6pm_startup_ccs.obj (.intvecs)

.text      0    0000026c    00003f4e     
                  0000026c    00001348     main.obj (.text)
                  000015b4    00000a18     rtsv7M4_T_le_v4SPD16_eabi.lib : _scanfi.obj (.text)
                  00001fcc    0000045c                                   : strtod.obj (.text)
                  00002428    000001f4                                   : ull_div_t2.obj (.text)
                  0000261c    000001dc                                   : strtoll.obj (.text)
                  000027f8    000001b6                                   : fd_add_t2.obj (.text)
                  000029ae    00000002                                   : i_div0.obj (.text)
                  000029b0    0000015c                                   : strtoull.obj (.text)
                  00002b0c    00000136                                   : fd_div_t2.obj (.text)
                  00002c42    00000002     --HOLE-- [fill = 0]
                  00002c44    00000134                                   : strtol.obj (.text)
                  00002d78    00000132     driverlib.lib : gpio.obj (.text:GPIOPadConfigSet)
                  00002eaa    00000130                   : can.obj (.text:CANMessageSet)
                  00002fda    00000002     --HOLE-- [fill = 0]
                  00002fdc    00000114     rtsv7M4_T_le_v4SPD16_eabi.lib : strtoul.obj (.text)
                  000030f0    00000110     driverlib.lib : sysctl.obj (.text:SysCtlClockGet)
                  00003200    0000010e                   : can.obj (.text:CANMessageGet)
                  0000330e    000000fc     rtsv7M4_T_le_v4SPD16_eabi.lib : fd_mul_t2.obj (.text)
                  0000340a    00000002     --HOLE-- [fill = 0]
                  0000340c    000000f4     driverlib.lib : sysctl.obj (.text:SysCtlClockSet)
                  00003500    000000f4     rtsv7M4_T_le_v4SPD16_eabi.lib : s_scalbn.obj (.text)
                  000035f4    000000cc                                   : sscanf.obj (.text)
                  000036c0    0000009c                                   : memcpy_t2.obj (.text)
                  0000375c    00000086                                   : fd_cmp_t2.obj (.text:__aeabi_cdcmple)
                  000037e2    0000007a                                   : memset_t2.obj (.text)
                  0000385c    0000006e                                   : fd_tos_t2.obj (.text)
                  000038ca    00000002     --HOLE-- [fill = 0]
                  000038cc    0000006c     driverlib.lib : can.obj (.text:CANBitRateSet)
                  00003938    00000068                   : interrupt.obj (.text:IntEnable)
                  000039a0    00000068     rtsv7M4_T_le_v4SPD16_eabi.lib : copy_decompress_lzss.obj (.text:decompress:lzss)
                  00003a08    00000060     driverlib.lib : timer.obj (.text:TimerConfigure)
                  00003a68    0000004c                   : gpio.obj (.text:GPIOPinConfigure)
                  00003ab4    0000004c     rtsv7M4_T_le_v4SPD16_eabi.lib : atoi.obj (.text)
                  00003b00    00000048                                   : fd_toi_t2.obj (.text)
                  00003b48    00000046     driverlib.lib : uart.obj (.text:UARTConfigSetExpClk)
                  00003b8e    00000002     --HOLE-- [fill = 0]
                  00003b90    00000044     rtsv7M4_T_le_v4SPD16_eabi.lib : autoinit.obj (.text:__TI_auto_init_nobinit_nopinit)
                  00003bd4    00000044                                   : fd_tou_t2.obj (.text)
                  00003c18    00000040     driverlib.lib : can.obj (.text:CANStatusGet)
                  00003c58    00000040     rtsv7M4_T_le_v4SPD16_eabi.lib : u_divt2.obj (.text)
                  00003c98    0000003a     driverlib.lib : can.obj (.text:CANInit)
                  00003cd2    00000002     --HOLE-- [fill = 0]
                  00003cd4    00000038                   : sysctl.obj (.text:SysCtlPeripheralPresent)
                  00003d0c    00000038                   : sysctl.obj (.text:SysCtlPeripheralReady)
                  00003d44    00000038     rtsv7M4_T_le_v4SPD16_eabi.lib : boot_cortex_m.obj (.text:_c_int00_noargs)
                  00003d7c    00000038                                   : fs_tod_t2.obj (.text)
                  00003db4    00000034     driverlib.lib : sysctl.obj (.text:SysCtlPeripheralEnable)
                  00003de8    0000002c                   : gpio.obj (.text:GPIODirModeSet)
                  00003e14    0000002a                   : can.obj (.text:_CANDataRegRead)
                  00003e3e    00000024                   : can.obj (.text:_CANDataRegWrite)
                  00003e62    00000022                   : can.obj (.text:CANIntClear)
                  00003e84    00000022                   : pwm.obj (.text:PWMGenConfigure)
                  00003ea6    00000020                   : can.obj (.text:CANIntStatus)
                  00003ec6    00000002     --HOLE-- [fill = 0]
                  00003ec8    00000020                   : uart.obj (.text:UARTDisable)
                  00003ee8    00000020     rtsv7M4_T_le_v4SPD16_eabi.lib : u_tofd_t2.obj (.text)
                  00003f08    0000001e     driverlib.lib : pwm.obj (.text:PWMPulseWidthSet)
                  00003f26    00000018                   : gpio.obj (.text:GPIOPinTypeGPIOOutput)
                  00003f3e    00000018     rtsv7M4_T_le_v4SPD16_eabi.lib : ll_mul_t2.obj (.text)
                  00003f56    00000018                                   : strrchr.obj (.text)
                  00003f6e    00000016     driverlib.lib : gpio.obj (.text:GPIOPinTypeCAN)
                  00003f84    00000016                   : gpio.obj (.text:GPIOPinTypePWM)
                  00003f9a    00000016                   : gpio.obj (.text:GPIOPinTypeQEI)
                  00003fb0    00000016                   : gpio.obj (.text:GPIOPinTypeUART)
                  00003fc6    00000016     rtsv7M4_T_le_v4SPD16_eabi.lib : strchr.obj (.text)
                  00003fdc    00000014     driverlib.lib : sysctl.obj (.text:SysCtlPWMClockSet)
                  00003ff0    00000014                   : uart.obj (.text:UARTEnable)
                  00004004    00000014     rtsv7M4_T_le_v4SPD16_eabi.lib : s_copysign.obj (.text)
                  00004018    00000014                                   : strcpy.obj (.text)
                  0000402c    00000014                                   : strlen.obj (.text)
                  00004040    00000012     driverlib.lib : pwm.obj (.text:PWMOutputState)
                  00004052    00000012                   : timer.obj (.text:TimerLoadSet)
                  00004064    00000012     rtsv7M4_T_le_v4SPD16_eabi.lib : copy_zero_init.obj (.text:decompress:ZI:__TI_zero_init_nomemset)
                  00004076    00000002     --HOLE-- [fill = 0]
                  00004078    00000010     driverlib.lib : fpu.obj (.text:FPUEnable)
                  00004088    00000010                   : fpu.obj (.text:FPULazyStackingEnable)
                  00004098    00000010                   : interrupt.obj (.text:IntMasterEnable)
                  000040a8    00000010                   : pwm.obj (.text:PWMGenPeriodSet)
                  000040b8    00000010                   : qei.obj (.text:QEIVelocityConfigure)
                  000040c8    0000000e                   : qei.obj (.text:QEIConfigure)
                  000040d6    0000000e                   : timer.obj (.text:TimerEnable)
                  000040e4    0000000e                   : uart.obj (.text:UARTCharsAvail)
                  000040f2    0000000e     rtsv7M4_T_le_v4SPD16_eabi.lib : copy_decompress_none.obj (.text:decompress:none)
                  00004100    0000000c     driverlib.lib : cpu.obj (.text:CPUcpsie)
                  0000410c    0000000c                   : pwm.obj (.text:PWMGenEnable)
                  00004118    0000000c     tm4c123gh6pm_startup_ccs.obj (.text)
                  00004124    0000000a     driverlib.lib : can.obj (.text:CANEnable)
                  0000412e    0000000a                   : qei.obj (.text:QEIDisable)
                  00004138    0000000a                   : qei.obj (.text:QEIEnable)
                  00004142    0000000a                   : qei.obj (.text:QEIIntDisable)
                  0000414c    0000000a                   : qei.obj (.text:QEIVelocityEnable)
                  00004156    0000000a                   : uart.obj (.text:UARTCharGet)
                  00004160    0000000a                   : uart.obj (.text:UARTCharPut)
                  0000416a    0000000a                   : uart.obj (.text:UARTIntStatus)
                  00004174    00000008                   : can.obj (.text:CANIntEnable)
                  0000417c    00000008                   : timer.obj (.text:TimerIntEnable)
                  00004184    00000008                   : uart.obj (.text:UARTIntEnable)
                  0000418c    00000006                   : gpio.obj (.text:GPIOPinWrite)
                  00004192    00000006                   : sysctl.obj (.text:SysCtlDelay)
                  00004198    00000006                   : uart.obj (.text:UARTClockSourceSet)
                  0000419e    00000004                   : qei.obj (.text:QEIPositionGet)
                  000041a2    00000004                   : qei.obj (.text:QEIPositionSet)
                  000041a6    00000004                   : qei.obj (.text:QEIVelocityGet)
                  000041aa    00000004                   : timer.obj (.text:TimerIntClear)
                  000041ae    00000004                   : uart.obj (.text:UARTIntClear)
                  000041b2    00000004     rtsv7M4_T_le_v4SPD16_eabi.lib : exit.obj (.text:abort)
                  000041b6    00000004                                   : pre_init.obj (.text)

.const     0    000041c0    0000033c     
                  000041c0    00000101     rtsv7M4_T_le_v4SPD16_eabi.lib : ctype.obj (.const:.string:_ctypes_)
                  000042c1    00000003     --HOLE-- [fill = 0]
                  000042c4    00000004     main.obj (.const)
                  000042c8    000000c8     rtsv7M4_T_le_v4SPD16_eabi.lib : strtod.obj (.const:$O1$$)
                  00004390    00000090     driverlib.lib : gpio.obj (.const:g_pui32GPIOBaseAddrs)
                  00004420    0000006c                   : sysctl.obj (.const:g_pui32Xtals)
                  0000448c    00000020                   : can.obj (.const:g_ui16CANBitValues)
                  000044ac    00000014                   : interrupt.obj (.const:g_pui32EnRegs)
                  000044c0    00000012     main.obj (.const:.string)
                  000044d2    00000002     --HOLE-- [fill = 0]
                  000044d4    00000010     rtsv7M4_T_le_v4SPD16_eabi.lib : _scanfi.obj (.const:$O1$$)
                  000044e4    0000000c     main.obj (.const:g_ui32UARTBase)
                  000044f0    0000000c     main.obj (.const:g_ui32UARTPeriph)

.cinit     0    00004500    00000050     
                  00004500    0000002b     (.cinit..data.load) [load image, compression = lzss]
                  0000452b    00000001     --HOLE-- [fill = 0]
                  0000452c    0000000c     (__TI_handler_table)
                  00004538    00000008     (.cinit..bss.load) [load image, compression = zero_init]
                  00004540    00000010     (__TI_cinit_table)

.init_array 
*          0    00000000    00000000     UNINITIALIZED

.data      0    20000600    000000d0     UNINITIALIZED
                  20000600    000000c7     main.obj (.data)
                  200006c7    00000001     --HOLE--
                  200006c8    00000004     rtsv7M4_T_le_v4SPD16_eabi.lib : errno.obj (.data)
                  200006cc    00000004     main.obj (.data:stateTable)

.bss       0    200006d0    00000048     UNINITIALIZED
                  200006d0    00000014     (.common:sCANMessageRX)
                  200006e4    00000014     (.common:sCANMessageTX)
                  200006f8    00000004     (.common:currPosition0)
                  200006fc    00000004     (.common:currPosition1)
                  20000700    00000004     (.common:currVel0)
                  20000704    00000004     (.common:currVel1)
                  20000708    00000004     (.common:pui8MsgDataRX)
                  2000070c    00000004     (.common:pui8MsgDataTX)
                  20000710    00000004     (.common:ui32MsgDataRX)
                  20000714    00000004     (.common:ui32MsgDataTX)

.stack     0    20000000    00000600     UNINITIALIZED
                  20000000    00000004     rtsv7M4_T_le_v4SPD16_eabi.lib : boot_cortex_m.obj (.stack)
                  20000004    000005fc     --HOLE--

MODULE SUMMARY

       Module                         code    ro data   rw data
       ------                         ----    -------   -------
    .\
       main.obj                       4936    46        275    
       tm4c123gh6pm_startup_ccs.obj   12      620       0      
    +--+------------------------------+-------+---------+---------+
       Total:                         4948    666       275    
                                                               
    C:/ti/TivaWare_C_Series-2.1.3.156/driverlib/ccs/Debug/driverlib.lib
       can.obj                        966     32        0      
       sysctl.obj                     706     108       0      
       gpio.obj                       544     144       0      
       uart.obj                       184     0         0      
       interrupt.obj                  120     20        0      
       timer.obj                      140     0         0      
       pwm.obj                        110     0         0      
       qei.obj                        82      0         0      
       fpu.obj                        32      0         0      
       cpu.obj                        12      0         0      
    +--+------------------------------+-------+---------+---------+
       Total:                         2896    304       0      
                                                               
    C:\ti\ccsv7\tools\compiler\ti-cgt-arm_17.9.0.STS\lib\rtsv7M4_T_le_v4SPD16_eabi.lib
       _scanfi.obj                    2584    16        0      
       strtod.obj                     1116    200       0      
       ull_div_t2.obj                 500     0         0      
       strtoll.obj                    476     0         0      
       fd_add_t2.obj                  438     0         0      
       strtoull.obj                   348     0         0      
       fd_div_t2.obj                  310     0         0      
       strtol.obj                     308     0         0      
       strtoul.obj                    276     0         0      
       ctype.obj                      0       257       0      
       fd_mul_t2.obj                  252     0         0      
       s_scalbn.obj                   244     0         0      
       sscanf.obj                     204     0         0      
       memcpy_t2.obj                  156     0         0      
       fd_cmp_t2.obj                  134     0         0      
       memset_t2.obj                  122     0         0      
       fd_tos_t2.obj                  110     0         0      
       copy_decompress_lzss.obj       104     0         0      
       atoi.obj                       76      0         0      
       fd_toi_t2.obj                  72      0         0      
       autoinit.obj                   68      0         0      
       fd_tou_t2.obj                  68      0         0      
       u_divt2.obj                    64      0         0      
       boot_cortex_m.obj              56      0         0      
       fs_tod_t2.obj                  56      0         0      
       u_tofd_t2.obj                  32      0         0      
       ll_mul_t2.obj                  24      0         0      
       strrchr.obj                    24      0         0      
       strchr.obj                     22      0         0      
       s_copysign.obj                 20      0         0      
       strcpy.obj                     20      0         0      
       strlen.obj                     20      0         0      
       copy_zero_init.obj             18      0         0      
       copy_decompress_none.obj       14      0         0      
       errno.obj                      0       0         4      
       exit.obj                       4       0         0      
       pre_init.obj                   4       0         0      
       i_div0.obj                     2       0         0      
    +--+------------------------------+-------+---------+---------+
       Total:                         8346    473       4      
                                                               
       Stack:                         0       0         1536   
       Linker Generated:              0       79        0      
    +--+------------------------------+-------+---------+---------+
       Grand Total:                   16190   1522      1815   


LINKER GENERATED COPY TABLES

__TI_cinit_table @ 00004540 records: 2, size/record: 8, table size: 16
	.data: load addr=00004500, load size=0000002b bytes, run addr=20000600, run size=000000d0 bytes, compression=lzss
	.bss: load addr=00004538, load size=00000008 bytes, run addr=200006d0, run size=00000048 bytes, compression=zero_init


LINKER GENERATED HANDLER TABLE

__TI_handler_table @ 0000452c records: 3, size/record: 4, table size: 12
	index: 0, handler: __TI_decompress_lzss
	index: 1, handler: __TI_decompress_none
	index: 2, handler: __TI_zero_init


GLOBAL SYMBOLS: SORTED ALPHABETICALLY BY Name 

address   name                          
-------   ----                          
000041b3  C$$EXIT                       
000038cd  CANBitRateSet                 
00004125  CANEnable                     
00003c99  CANInit                       
00003e63  CANIntClear                   
00004175  CANIntEnable                  
000006f7  CANIntHandler                 
00003ea7  CANIntStatus                  
00003201  CANMessageGet                 
00002eab  CANMessageSet                 
0000090d  CANRXmsgconfig                
00003c19  CANStatusGet                  
0000093b  CANTXmsgconfig                
00000975  CANconfig                     
00000879  CANget                        
000008e9  CANsend                       
00004101  CPUcpsie                      
00004079  FPUEnable                     
00004089  FPULazyStackingEnable         
00003de9  GPIODirModeSet                
00002d79  GPIOPadConfigSet              
00003a69  GPIOPinConfigure              
00003f6f  GPIOPinTypeCAN                
00003f27  GPIOPinTypeGPIOOutput         
00003f85  GPIOPinTypePWM                
00003f9b  GPIOPinTypeQEI                
00003fb1  GPIOPinTypeUART               
0000418d  GPIOPinWrite                  
000014a9  GPIOconfig                    
000014dd  InitConsole                   
00003939  IntEnable                     
00004099  IntMasterEnable               
20000630  Kd0                           
2000063c  Kd1                           
20000680  Kdv0                          
2000068c  Kdv1                          
20000634  Ki0                           
20000640  Ki1                           
20000684  Kiv0                          
20000690  Kiv1                          
2000062c  Kp0                           
20000638  Kp1                           
2000067c  Kpv0                          
20000688  Kpv1                          
00000e11  PIDPosupdate                  
00000b0d  PIDVelupdate                  
00003e85  PWMGenConfigure               
0000410d  PWMGenEnable                  
000040a9  PWMGenPeriodSet               
00004041  PWMOutputState                
00003f09  PWMPulseWidthSet              
00001419  PWMconfig                     
000011e9  QEI0angleGet                  
00001227  QEI0posGet                    
00001249  QEI0zero                      
00001271  QEI1angleGet                  
000012bd  QEI1posGet                    
000012db  QEI1zero                      
000040c9  QEIConfigure                  
0000412f  QEIDisable                    
00004139  QEIEnable                     
00004143  QEIIntDisable                 
0000419f  QEIPositionGet                
000041a3  QEIPositionSet                
000040b9  QEIVelocityConfigure          
0000414d  QEIVelocityEnable             
000041a7  QEIVelocityGet                
000012f9  QEIconfig                     
000013c1  QEIvelocityConfig             
00004119  ResetISR                      
000030f1  SysCtlClockGet                
0000340d  SysCtlClockSet                
00004193  SysCtlDelay                   
00003fdd  SysCtlPWMClockSet             
00003db5  SysCtlPeripheralEnable        
00003cd5  SysCtlPeripheralPresent       
00003d0d  SysCtlPeripheralReady         
000010cd  TIMERconfig                   
0000076f  Timer0IntHandler              
00003a09  TimerConfigure                
000040d7  TimerEnable                   
000041ab  TimerIntClear                 
0000417d  TimerIntEnable                
00004053  TimerLoadSet                  
00004157  UARTCharGet                   
00004161  UARTCharPut                   
000040e5  UARTCharsAvail                
00004199  UARTClockSourceSet            
00003b49  UARTConfigSetExpClk           
00003ec9  UARTDisable                   
00003ff1  UARTEnable                    
000041af  UARTIntClear                  
00004185  UARTIntEnable                 
00000797  UARTIntHandler                
0000416b  UARTIntStatus                 
0000026d  UARTStdioConfig               
000003b3  UARTgetc                      
000002f9  UARTgets                      
000006d3  UARTprintf                    
000003d9  UARTvprintf                   
000002b3  UARTwrite                     
20000600  __STACK_END                   
00000600  __STACK_SIZE                  
20000200  __STACK_TOP                   
00004540  __TI_CINIT_Base               
00004550  __TI_CINIT_Limit              
0000452c  __TI_Handler_Table_Base       
00004538  __TI_Handler_Table_Limit      
00003b91  __TI_auto_init_nobinit_nopinit
000039a1  __TI_decompress_lzss          
000040f3  __TI_decompress_none          
ffffffff  __TI_pprof_out_hndl           
ffffffff  __TI_prof_data_size           
ffffffff  __TI_prof_data_start          
000015b5  __TI_scanfi                   
00000000  __TI_static_base__            
00004065  __TI_zero_init_nomemset       
0000375d  __aeabi_cdcmpeq               
0000375d  __aeabi_cdcmple               
0000385d  __aeabi_d2f                   
00003b01  __aeabi_d2iz                  
00003bd5  __aeabi_d2uiz                 
00002803  __aeabi_dadd                  
00002b0d  __aeabi_ddiv                  
0000330f  __aeabi_dmul                  
000027f9  __aeabi_dsub                  
00003d7d  __aeabi_f2d                   
000029af  __aeabi_idiv0                 
00003f3f  __aeabi_lmul                  
000037e3  __aeabi_memclr                
000037e3  __aeabi_memclr4               
000037e3  __aeabi_memclr8               
000036c1  __aeabi_memcpy                
000036c1  __aeabi_memcpy4               
000036c1  __aeabi_memcpy8               
000037e5  __aeabi_memset                
000037e5  __aeabi_memset4               
000037e5  __aeabi_memset8               
00003ee9  __aeabi_ui2d                  
00003c59  __aeabi_uidiv                 
00003c59  __aeabi_uidivmod              
00002429  __aeabi_uldivmod              
ffffffff  __binit__                     
ffffffff  __c_args__                    
UNDEFED   __mpu_init                    
20000000  __stack                       
00003d45  _c_int00_noargs               
000041c0  _ctypes_                      
UNDEFED   _system_post_cinit            
000041b7  _system_pre_init              
000041b3  abort                         
0000117d  angleToPosition               
00003ab5  atoi                          
ffffffff  binit                         
20000654  controlsig0                   
20000668  controlsig1                   
200006a4  controlsigv0                  
200006b8  controlsigv1                  
00004005  copysign                      
00004005  copysignl                     
000009dd  counttoRPM                    
200006f8  currPosition0                 
200006fc  currPosition1                 
20000700  currVel0                      
20000704  currVel1                      
20000608  desiredPos0                   
2000060c  desiredPos1                   
20000614  desiredVel0                   
20000618  desiredVel1                   
2000061c  dir0                          
20000624  dir1                          
2000066c  dirv0                         
20000674  dirv1                         
2000064c  ediv0                         
20000660  ediv1                         
2000069c  edivv0                        
200006b0  edivv1                        
20000650  eint0                         
20000664  eint1                         
200006a0  eintv0                        
200006b4  eintv1                        
20000648  eprev0                        
2000065c  eprev1                        
20000698  eprevv0                       
200006ac  eprevv1                       
200006c8  errno                         
20000644  error0                        
20000658  error1                        
20000694  errorv0                       
200006a8  errorv1                       
200006c5  g_bErrFlag                    
200006c4  g_bRXFlag                     
00000000  g_pfnVectors                  
200006c0  g_ui32MsgCount                
00003501  ldexp                         
00003501  ldexpl                        
200006bc  ledFlag                       
00000809  main                          
000036c1  memcpy                        
000037eb  memset                        
20000610  motornum                      
000011b1  positionToAngle               
20000708  pui8MsgDataRX                 
2000070c  pui8MsgDataTX                 
20000604  pwmSpeed                      
20000620  pwmout0                       
20000628  pwmout1                       
20000670  pwmoutv0                      
20000678  pwmoutv1                      
200006d0  sCANMessageRX                 
200006e4  sCANMessageTX                 
00003501  scalbn                        
00003501  scalbnl                       
0000112d  setSpeed                      
00003607  sscanf                        
200006cc  stateTable                    
00003fc7  strchr                        
00004019  strcpy                        
0000402d  strlen                        
00003f57  strrchr                       
00001fcd  strtod                        
00002c45  strtol                        
00001fcd  strtold                       
0000261d  strtoll                       
00002fdd  strtoul                       
000029b1  strtoull                      
20000710  ui32MsgDataRX                 
20000714  ui32MsgDataTX                 
000035f5  vsscanf                       


GLOBAL SYMBOLS: SORTED BY Symbol Address 

address   name                          
-------   ----                          
00000000  __TI_static_base__            
00000000  g_pfnVectors                  
0000026d  UARTStdioConfig               
000002b3  UARTwrite                     
000002f9  UARTgets                      
000003b3  UARTgetc                      
000003d9  UARTvprintf                   
00000600  __STACK_SIZE                  
000006d3  UARTprintf                    
000006f7  CANIntHandler                 
0000076f  Timer0IntHandler              
00000797  UARTIntHandler                
00000809  main                          
00000879  CANget                        
000008e9  CANsend                       
0000090d  CANRXmsgconfig                
0000093b  CANTXmsgconfig                
00000975  CANconfig                     
000009dd  counttoRPM                    
00000b0d  PIDVelupdate                  
00000e11  PIDPosupdate                  
000010cd  TIMERconfig                   
0000112d  setSpeed                      
0000117d  angleToPosition               
000011b1  positionToAngle               
000011e9  QEI0angleGet                  
00001227  QEI0posGet                    
00001249  QEI0zero                      
00001271  QEI1angleGet                  
000012bd  QEI1posGet                    
000012db  QEI1zero                      
000012f9  QEIconfig                     
000013c1  QEIvelocityConfig             
00001419  PWMconfig                     
000014a9  GPIOconfig                    
000014dd  InitConsole                   
000015b5  __TI_scanfi                   
00001fcd  strtod                        
00001fcd  strtold                       
00002429  __aeabi_uldivmod              
0000261d  strtoll                       
000027f9  __aeabi_dsub                  
00002803  __aeabi_dadd                  
000029af  __aeabi_idiv0                 
000029b1  strtoull                      
00002b0d  __aeabi_ddiv                  
00002c45  strtol                        
00002d79  GPIOPadConfigSet              
00002eab  CANMessageSet                 
00002fdd  strtoul                       
000030f1  SysCtlClockGet                
00003201  CANMessageGet                 
0000330f  __aeabi_dmul                  
0000340d  SysCtlClockSet                
00003501  ldexp                         
00003501  ldexpl                        
00003501  scalbn                        
00003501  scalbnl                       
000035f5  vsscanf                       
00003607  sscanf                        
000036c1  __aeabi_memcpy                
000036c1  __aeabi_memcpy4               
000036c1  __aeabi_memcpy8               
000036c1  memcpy                        
0000375d  __aeabi_cdcmpeq               
0000375d  __aeabi_cdcmple               
000037e3  __aeabi_memclr                
000037e3  __aeabi_memclr4               
000037e3  __aeabi_memclr8               
000037e5  __aeabi_memset                
000037e5  __aeabi_memset4               
000037e5  __aeabi_memset8               
000037eb  memset                        
0000385d  __aeabi_d2f                   
000038cd  CANBitRateSet                 
00003939  IntEnable                     
000039a1  __TI_decompress_lzss          
00003a09  TimerConfigure                
00003a69  GPIOPinConfigure              
00003ab5  atoi                          
00003b01  __aeabi_d2iz                  
00003b49  UARTConfigSetExpClk           
00003b91  __TI_auto_init_nobinit_nopinit
00003bd5  __aeabi_d2uiz                 
00003c19  CANStatusGet                  
00003c59  __aeabi_uidiv                 
00003c59  __aeabi_uidivmod              
00003c99  CANInit                       
00003cd5  SysCtlPeripheralPresent       
00003d0d  SysCtlPeripheralReady         
00003d45  _c_int00_noargs               
00003d7d  __aeabi_f2d                   
00003db5  SysCtlPeripheralEnable        
00003de9  GPIODirModeSet                
00003e63  CANIntClear                   
00003e85  PWMGenConfigure               
00003ea7  CANIntStatus                  
00003ec9  UARTDisable                   
00003ee9  __aeabi_ui2d                  
00003f09  PWMPulseWidthSet              
00003f27  GPIOPinTypeGPIOOutput         
00003f3f  __aeabi_lmul                  
00003f57  strrchr                       
00003f6f  GPIOPinTypeCAN                
00003f85  GPIOPinTypePWM                
00003f9b  GPIOPinTypeQEI                
00003fb1  GPIOPinTypeUART               
00003fc7  strchr                        
00003fdd  SysCtlPWMClockSet             
00003ff1  UARTEnable                    
00004005  copysign                      
00004005  copysignl                     
00004019  strcpy                        
0000402d  strlen                        
00004041  PWMOutputState                
00004053  TimerLoadSet                  
00004065  __TI_zero_init_nomemset       
00004079  FPUEnable                     
00004089  FPULazyStackingEnable         
00004099  IntMasterEnable               
000040a9  PWMGenPeriodSet               
000040b9  QEIVelocityConfigure          
000040c9  QEIConfigure                  
000040d7  TimerEnable                   
000040e5  UARTCharsAvail                
000040f3  __TI_decompress_none          
00004101  CPUcpsie                      
0000410d  PWMGenEnable                  
00004119  ResetISR                      
00004125  CANEnable                     
0000412f  QEIDisable                    
00004139  QEIEnable                     
00004143  QEIIntDisable                 
0000414d  QEIVelocityEnable             
00004157  UARTCharGet                   
00004161  UARTCharPut                   
0000416b  UARTIntStatus                 
00004175  CANIntEnable                  
0000417d  TimerIntEnable                
00004185  UARTIntEnable                 
0000418d  GPIOPinWrite                  
00004193  SysCtlDelay                   
00004199  UARTClockSourceSet            
0000419f  QEIPositionGet                
000041a3  QEIPositionSet                
000041a7  QEIVelocityGet                
000041ab  TimerIntClear                 
000041af  UARTIntClear                  
000041b3  C$$EXIT                       
000041b3  abort                         
000041b7  _system_pre_init              
000041c0  _ctypes_                      
0000452c  __TI_Handler_Table_Base       
00004538  __TI_Handler_Table_Limit      
00004540  __TI_CINIT_Base               
00004550  __TI_CINIT_Limit              
20000000  __stack                       
20000200  __STACK_TOP                   
20000600  __STACK_END                   
20000604  pwmSpeed                      
20000608  desiredPos0                   
2000060c  desiredPos1                   
20000610  motornum                      
20000614  desiredVel0                   
20000618  desiredVel1                   
2000061c  dir0                          
20000620  pwmout0                       
20000624  dir1                          
20000628  pwmout1                       
2000062c  Kp0                           
20000630  Kd0                           
20000634  Ki0                           
20000638  Kp1                           
2000063c  Kd1                           
20000640  Ki1                           
20000644  error0                        
20000648  eprev0                        
2000064c  ediv0                         
20000650  eint0                         
20000654  controlsig0                   
20000658  error1                        
2000065c  eprev1                        
20000660  ediv1                         
20000664  eint1                         
20000668  controlsig1                   
2000066c  dirv0                         
20000670  pwmoutv0                      
20000674  dirv1                         
20000678  pwmoutv1                      
2000067c  Kpv0                          
20000680  Kdv0                          
20000684  Kiv0                          
20000688  Kpv1                          
2000068c  Kdv1                          
20000690  Kiv1                          
20000694  errorv0                       
20000698  eprevv0                       
2000069c  edivv0                        
200006a0  eintv0                        
200006a4  controlsigv0                  
200006a8  errorv1                       
200006ac  eprevv1                       
200006b0  edivv1                        
200006b4  eintv1                        
200006b8  controlsigv1                  
200006bc  ledFlag                       
200006c0  g_ui32MsgCount                
200006c4  g_bRXFlag                     
200006c5  g_bErrFlag                    
200006c8  errno                         
200006cc  stateTable                    
200006d0  sCANMessageRX                 
200006e4  sCANMessageTX                 
200006f8  currPosition0                 
200006fc  currPosition1                 
20000700  currVel0                      
20000704  currVel1                      
20000708  pui8MsgDataRX                 
2000070c  pui8MsgDataTX                 
20000710  ui32MsgDataRX                 
20000714  ui32MsgDataTX                 
ffffffff  __TI_pprof_out_hndl           
ffffffff  __TI_prof_data_size           
ffffffff  __TI_prof_data_start          
ffffffff  __binit__                     
ffffffff  __c_args__                    
ffffffff  binit                         
UNDEFED   __mpu_init                    
UNDEFED   _system_post_cinit            

[229 symbols]
