******************************************************************************
                  TI ARM Linker PC v17.9.0                     
******************************************************************************
>> Linked Tue Apr 10 23:25:58 2018

OUTPUT FILE NAME:   <qei_mit_pwm.out>
ENTRY POINT SYMBOL: "_c_int00_noargs"  address: 00003fa5


MEMORY CONFIGURATION

         name            origin    length      used     unused   attr    fill
----------------------  --------  ---------  --------  --------  ----  --------
  FLASH                 00000000   00040000  000049d0  0003b630  R  X
  SRAM                  20000000   00008000  00000994  0000766c  RW X


SEGMENT ALLOCATION MAP

run origin  load origin   length   init length attrs members
----------  ----------- ---------- ----------- ----- -------
00000000    00000000    000049d8   000049d8    r-x
  00000000    00000000    0000026c   0000026c    r-- .intvecs
  0000026c    0000026c    00004240   00004240    r-x .text
  000044b0    000044b0    000004bc   000004bc    r-- .const
  00004970    00004970    00000068   00000068    r-- .cinit
20000000    20000000    00000998   00000000    rw-
  20000000    20000000    0000026c   00000000    rw- .vtable
  20000270    20000270    00000600   00000000    rw- .stack
  20000870    20000870    000000e0   00000000    rw- .data
  20000950    20000950    00000048   00000000    rw- .bss


SECTION ALLOCATION MAP

 output                                  attributes/
section   page    origin      length       input sections
--------  ----  ----------  ----------   ----------------
.intvecs   0    00000000    0000026c     
                  00000000    0000026c     tm4c123gh6pm_startup_ccs.obj (.intvecs)

.text      0    0000026c    00004240     
                  0000026c    00001510     main.obj (.text)
                  0000177c    00000a18     rtsv7M4_T_le_v4SPD16_eabi.lib : _scanfi.obj (.text)
                  00002194    0000045c                                   : strtod.obj (.text)
                  000025f0    000001f4                                   : ull_div_t2.obj (.text)
                  000027e4    000001dc                                   : strtoll.obj (.text)
                  000029c0    000001b6                                   : fd_add_t2.obj (.text)
                  00002b76    00000002                                   : i_div0.obj (.text)
                  00002b78    0000015c                                   : strtoull.obj (.text)
                  00002cd4    00000136                                   : fd_div_t2.obj (.text)
                  00002e0a    00000002     --HOLE-- [fill = 0]
                  00002e0c    00000134                                   : strtol.obj (.text)
                  00002f40    00000132     driverlib.lib : gpio.obj (.text:GPIOPadConfigSet)
                  00003072    00000130                   : can.obj (.text:CANMessageSet)
                  000031a2    00000002     --HOLE-- [fill = 0]
                  000031a4    00000114     rtsv7M4_T_le_v4SPD16_eabi.lib : strtoul.obj (.text)
                  000032b8    00000110     driverlib.lib : sysctl.obj (.text:SysCtlClockGet)
                  000033c8    0000010e                   : can.obj (.text:CANMessageGet)
                  000034d6    000000fc     rtsv7M4_T_le_v4SPD16_eabi.lib : fd_mul_t2.obj (.text)
                  000035d2    00000002     --HOLE-- [fill = 0]
                  000035d4    000000f4     driverlib.lib : sysctl.obj (.text:SysCtlClockSet)
                  000036c8    000000f4     rtsv7M4_T_le_v4SPD16_eabi.lib : s_scalbn.obj (.text)
                  000037bc    000000cc                                   : sscanf.obj (.text)
                  00003888    0000009c                                   : memcpy_t2.obj (.text)
                  00003924    00000086                                   : fd_cmp_t2.obj (.text:__aeabi_cdcmple)
                  000039aa    0000007a                                   : memset_t2.obj (.text)
                  00003a24    0000006e                                   : fd_tos_t2.obj (.text)
                  00003a92    00000002     --HOLE-- [fill = 0]
                  00003a94    0000006c     driverlib.lib : can.obj (.text:CANBitRateSet)
                  00003b00    00000068                   : interrupt.obj (.text:IntEnable)
                  00003b68    00000068     rtsv7M4_T_le_v4SPD16_eabi.lib : copy_decompress_lzss.obj (.text:decompress:lzss)
                  00003bd0    00000060     driverlib.lib : timer.obj (.text:TimerConfigure)
                  00003c30    00000058                   : gpio.obj (.text:GPIOIntTypeSet)
                  00003c88    0000004c                   : gpio.obj (.text:GPIOPinConfigure)
                  00003cd4    0000004c     rtsv7M4_T_le_v4SPD16_eabi.lib : atoi.obj (.text)
                  00003d20    00000048                                   : fd_toi_t2.obj (.text)
                  00003d68    00000046     driverlib.lib : uart.obj (.text:UARTConfigSetExpClk)
                  00003dae    00000002     --HOLE-- [fill = 0]
                  00003db0    00000044     rtsv7M4_T_le_v4SPD16_eabi.lib : autoinit.obj (.text:__TI_auto_init_nobinit_nopinit)
                  00003df4    00000044                                   : fd_tou_t2.obj (.text)
                  00003e38    00000040     driverlib.lib : can.obj (.text:CANStatusGet)
                  00003e78    00000040                   : gpio.obj (.text:_GPIOIntNumberGet)
                  00003eb8    00000040     rtsv7M4_T_le_v4SPD16_eabi.lib : u_divt2.obj (.text)
                  00003ef8    0000003a     driverlib.lib : can.obj (.text:CANInit)
                  00003f32    00000002     --HOLE-- [fill = 0]
                  00003f34    00000038                   : sysctl.obj (.text:SysCtlPeripheralPresent)
                  00003f6c    00000038                   : sysctl.obj (.text:SysCtlPeripheralReady)
                  00003fa4    00000038     rtsv7M4_T_le_v4SPD16_eabi.lib : boot_cortex_m.obj (.text:_c_int00_noargs)
                  00003fdc    00000038                                   : fs_tod_t2.obj (.text)
                  00004014    00000034     driverlib.lib : interrupt.obj (.text:IntRegister)
                  00004048    00000034                   : sysctl.obj (.text:SysCtlPeripheralEnable)
                  0000407c    0000002c                   : gpio.obj (.text:GPIODirModeSet)
                  000040a8    0000002a                   : can.obj (.text:_CANDataRegRead)
                  000040d2    00000024                   : can.obj (.text:_CANDataRegWrite)
                  000040f6    00000022                   : can.obj (.text:CANIntClear)
                  00004118    00000022                   : pwm.obj (.text:PWMGenConfigure)
                  0000413a    00000020                   : can.obj (.text:CANIntStatus)
                  0000415a    00000002     --HOLE-- [fill = 0]
                  0000415c    00000020                   : uart.obj (.text:UARTDisable)
                  0000417c    00000020     rtsv7M4_T_le_v4SPD16_eabi.lib : u_tofd_t2.obj (.text)
                  0000419c    0000001e     driverlib.lib : pwm.obj (.text:PWMPulseWidthSet)
                  000041ba    00000018                   : gpio.obj (.text:GPIOIntRegister)
                  000041d2    00000018                   : gpio.obj (.text:GPIOPinTypeGPIOOutput)
                  000041ea    00000018     rtsv7M4_T_le_v4SPD16_eabi.lib : ll_mul_t2.obj (.text)
                  00004202    00000018                                   : strrchr.obj (.text)
                  0000421a    00000016     driverlib.lib : gpio.obj (.text:GPIOPinTypeCAN)
                  00004230    00000016                   : gpio.obj (.text:GPIOPinTypeGPIOInput)
                  00004246    00000016                   : gpio.obj (.text:GPIOPinTypePWM)
                  0000425c    00000016                   : gpio.obj (.text:GPIOPinTypeQEI)
                  00004272    00000016                   : gpio.obj (.text:GPIOPinTypeUART)
                  00004288    00000016     rtsv7M4_T_le_v4SPD16_eabi.lib : strchr.obj (.text)
                  0000429e    00000002     --HOLE-- [fill = 0]
                  000042a0    00000014     driverlib.lib : sysctl.obj (.text:SysCtlPWMClockSet)
                  000042b4    00000014                   : uart.obj (.text:UARTEnable)
                  000042c8    00000014     rtsv7M4_T_le_v4SPD16_eabi.lib : s_copysign.obj (.text)
                  000042dc    00000014                                   : strcpy.obj (.text)
                  000042f0    00000014                                   : strlen.obj (.text)
                  00004304    00000012     driverlib.lib : pwm.obj (.text:PWMOutputState)
                  00004316    00000012                   : timer.obj (.text:TimerLoadSet)
                  00004328    00000012     rtsv7M4_T_le_v4SPD16_eabi.lib : copy_zero_init.obj (.text:decompress:ZI:__TI_zero_init_nomemset)
                  0000433a    00000002     --HOLE-- [fill = 0]
                  0000433c    00000010     driverlib.lib : fpu.obj (.text:FPUEnable)
                  0000434c    00000010                   : fpu.obj (.text:FPULazyStackingEnable)
                  0000435c    00000010                   : interrupt.obj (.text:IntMasterEnable)
                  0000436c    00000010                   : pwm.obj (.text:PWMGenPeriodSet)
                  0000437c    00000010                   : qei.obj (.text:QEIVelocityConfigure)
                  0000438c    0000000e                   : gpio.obj (.text:GPIOIntDisable)
                  0000439a    0000000e                   : gpio.obj (.text:GPIOIntStatus)
                  000043a8    0000000e                   : qei.obj (.text:QEIConfigure)
                  000043b6    0000000e                   : timer.obj (.text:TimerEnable)
                  000043c4    0000000e                   : uart.obj (.text:UARTCharsAvail)
                  000043d2    0000000e     rtsv7M4_T_le_v4SPD16_eabi.lib : copy_decompress_none.obj (.text:decompress:none)
                  000043e0    0000000c     driverlib.lib : cpu.obj (.text:CPUcpsie)
                  000043ec    0000000c                   : gpio.obj (.text:GPIOIntEnable)
                  000043f8    0000000c                   : pwm.obj (.text:PWMGenEnable)
                  00004404    0000000c     tm4c123gh6pm_startup_ccs.obj (.text)
                  00004410    0000000a     driverlib.lib : can.obj (.text:CANEnable)
                  0000441a    0000000a                   : qei.obj (.text:QEIDisable)
                  00004424    0000000a                   : qei.obj (.text:QEIEnable)
                  0000442e    0000000a                   : qei.obj (.text:QEIIntDisable)
                  00004438    0000000a                   : qei.obj (.text:QEIVelocityEnable)
                  00004442    0000000a                   : uart.obj (.text:UARTCharGet)
                  0000444c    0000000a                   : uart.obj (.text:UARTCharPut)
                  00004456    0000000a                   : uart.obj (.text:UARTIntStatus)
                  00004460    00000008                   : can.obj (.text:CANIntEnable)
                  00004468    00000008                   : timer.obj (.text:TimerIntEnable)
                  00004470    00000008                   : uart.obj (.text:UARTIntEnable)
                  00004478    00000006                   : gpio.obj (.text:GPIOIntClear)
                  0000447e    00000006                   : gpio.obj (.text:GPIOPinWrite)
                  00004484    00000006                   : sysctl.obj (.text:SysCtlDelay)
                  0000448a    00000006                   : uart.obj (.text:UARTClockSourceSet)
                  00004490    00000004                   : qei.obj (.text:QEIPositionGet)
                  00004494    00000004                   : qei.obj (.text:QEIPositionSet)
                  00004498    00000004                   : qei.obj (.text:QEIVelocityGet)
                  0000449c    00000004                   : timer.obj (.text:TimerIntClear)
                  000044a0    00000004                   : uart.obj (.text:UARTIntClear)
                  000044a4    00000004     rtsv7M4_T_le_v4SPD16_eabi.lib : exit.obj (.text:abort)
                  000044a8    00000004                                   : pre_init.obj (.text)

.const     0    000044b0    000004bc     
                  000044b0    00000101     rtsv7M4_T_le_v4SPD16_eabi.lib : ctype.obj (.const:.string:_ctypes_)
                  000045b1    00000003     --HOLE-- [fill = 0]
                  000045b4    00000004     main.obj (.const)
                  000045b8    000000c8     rtsv7M4_T_le_v4SPD16_eabi.lib : strtod.obj (.const:$O1$$)
                  00004680    000000c0     driverlib.lib : gpio.obj (.const:g_ppui32GPIOIntMapBlizzard)
                  00004740    000000c0                   : gpio.obj (.const:g_ppui32GPIOIntMapSnowflake)
                  00004800    00000090                   : gpio.obj (.const:g_pui32GPIOBaseAddrs)
                  00004890    0000006c                   : sysctl.obj (.const:g_pui32Xtals)
                  000048fc    00000020                   : can.obj (.const:g_ui16CANBitValues)
                  0000491c    00000014                   : interrupt.obj (.const:g_pui32EnRegs)
                  00004930    00000012     main.obj (.const:.string)
                  00004942    00000002     --HOLE-- [fill = 0]
                  00004944    00000010     rtsv7M4_T_le_v4SPD16_eabi.lib : _scanfi.obj (.const:$O1$$)
                  00004954    0000000c     main.obj (.const:g_ui32UARTBase)
                  00004960    0000000c     main.obj (.const:g_ui32UARTPeriph)

.cinit     0    00004970    00000068     
                  00004970    00000031     (.cinit..data.load) [load image, compression = lzss]
                  000049a1    00000003     --HOLE-- [fill = 0]
                  000049a4    0000000c     (__TI_handler_table)
                  000049b0    00000008     (.cinit..bss.load) [load image, compression = zero_init]
                  000049b8    00000008     (.cinit..vtable.load) [load image, compression = zero_init]
                  000049c0    00000018     (__TI_cinit_table)

.init_array 
*          0    00000000    00000000     UNINITIALIZED

.vtable    0    20000000    0000026c     UNINITIALIZED
                  20000000    0000026c     driverlib.lib : interrupt.obj (.vtable)

.data      0    20000870    000000e0     UNINITIALIZED
                  20000870    000000d7     main.obj (.data)
                  20000947    00000001     --HOLE--
                  20000948    00000004     rtsv7M4_T_le_v4SPD16_eabi.lib : errno.obj (.data)
                  2000094c    00000004     main.obj (.data:stateTable)

.bss       0    20000950    00000048     UNINITIALIZED
                  20000950    00000014     (.common:sCANMessageRX)
                  20000964    00000014     (.common:sCANMessageTX)
                  20000978    00000004     (.common:currPosition0)
                  2000097c    00000004     (.common:currPosition1)
                  20000980    00000004     (.common:currVel0)
                  20000984    00000004     (.common:currVel1)
                  20000988    00000004     (.common:pui8MsgDataRX)
                  2000098c    00000004     (.common:pui8MsgDataTX)
                  20000990    00000004     (.common:ui32MsgDataRX)
                  20000994    00000004     (.common:ui32MsgDataTX)

.stack     0    20000270    00000600     UNINITIALIZED
                  20000270    00000004     rtsv7M4_T_le_v4SPD16_eabi.lib : boot_cortex_m.obj (.stack)
                  20000274    000005fc     --HOLE--

MODULE SUMMARY

       Module                         code    ro data   rw data
       ------                         ----    -------   -------
    .\
       main.obj                       5392    46        291    
       tm4c123gh6pm_startup_ccs.obj   12      620       0      
    +--+------------------------------+-------+---------+---------+
       Total:                         5404    666       291    
                                                               
    C:/ti/TivaWare_C_Series-2.1.3.156/driverlib/ccs/Debug/driverlib.lib
       gpio.obj                       788     528       0      
       can.obj                        966     32        0      
       sysctl.obj                     706     108       0      
       interrupt.obj                  172     20        620    
       uart.obj                       184     0         0      
       timer.obj                      140     0         0      
       pwm.obj                        110     0         0      
       qei.obj                        82      0         0      
       fpu.obj                        32      0         0      
       cpu.obj                        12      0         0      
    +--+------------------------------+-------+---------+---------+
       Total:                         3192    688       620    
                                                               
    C:\ti\ccsv7\tools\compiler\ti-cgt-arm_17.9.0.STS\lib\rtsv7M4_T_le_v4SPD16_eabi.lib
       _scanfi.obj                    2584    16        0      
       strtod.obj                     1116    200       0      
       ull_div_t2.obj                 500     0         0      
       strtoll.obj                    476     0         0      
       fd_add_t2.obj                  438     0         0      
       strtoull.obj                   348     0         0      
       fd_div_t2.obj                  310     0         0      
       strtol.obj                     308     0         0      
       strtoul.obj                    276     0         0      
       ctype.obj                      0       257       0      
       fd_mul_t2.obj                  252     0         0      
       s_scalbn.obj                   244     0         0      
       sscanf.obj                     204     0         0      
       memcpy_t2.obj                  156     0         0      
       fd_cmp_t2.obj                  134     0         0      
       memset_t2.obj                  122     0         0      
       fd_tos_t2.obj                  110     0         0      
       copy_decompress_lzss.obj       104     0         0      
       atoi.obj                       76      0         0      
       fd_toi_t2.obj                  72      0         0      
       autoinit.obj                   68      0         0      
       fd_tou_t2.obj                  68      0         0      
       u_divt2.obj                    64      0         0      
       boot_cortex_m.obj              56      0         0      
       fs_tod_t2.obj                  56      0         0      
       u_tofd_t2.obj                  32      0         0      
       ll_mul_t2.obj                  24      0         0      
       strrchr.obj                    24      0         0      
       strchr.obj                     22      0         0      
       s_copysign.obj                 20      0         0      
       strcpy.obj                     20      0         0      
       strlen.obj                     20      0         0      
       copy_zero_init.obj             18      0         0      
       copy_decompress_none.obj       14      0         0      
       errno.obj                      0       0         4      
       exit.obj                       4       0         0      
       pre_init.obj                   4       0         0      
       i_div0.obj                     2       0         0      
    +--+------------------------------+-------+---------+---------+
       Total:                         8346    473       4      
                                                               
       Stack:                         0       0         1536   
       Linker Generated:              0       101       0      
    +--+------------------------------+-------+---------+---------+
       Grand Total:                   16942   1928      2451   


LINKER GENERATED COPY TABLES

__TI_cinit_table @ 000049c0 records: 3, size/record: 8, table size: 24
	.data: load addr=00004970, load size=00000031 bytes, run addr=20000870, run size=000000e0 bytes, compression=lzss
	.bss: load addr=000049b0, load size=00000008 bytes, run addr=20000950, run size=00000048 bytes, compression=zero_init
	.vtable: load addr=000049b8, load size=00000008 bytes, run addr=20000000, run size=0000026c bytes, compression=zero_init


LINKER GENERATED HANDLER TABLE

__TI_handler_table @ 000049a4 records: 3, size/record: 4, table size: 12
	index: 0, handler: __TI_zero_init
	index: 1, handler: __TI_decompress_lzss
	index: 2, handler: __TI_decompress_none


GLOBAL SYMBOLS: SORTED ALPHABETICALLY BY Name 

address   name                          
-------   ----                          
000044a5  C$$EXIT                       
00003a95  CANBitRateSet                 
00004411  CANEnable                     
00003ef9  CANInit                       
000040f7  CANIntClear                   
00004461  CANIntEnable                  
00000727  CANIntHandler                 
0000413b  CANIntStatus                  
000033c9  CANMessageGet                 
00003073  CANMessageSet                 
00000ac5  CANRXmsgconfig                
00003e39  CANStatusGet                  
00000af9  CANTXmsgconfig                
00000b39  CANconfig                     
000009e9  CANget                        
00000a85  CANsend                       
000043e1  CPUcpsie                      
0000433d  FPUEnable                     
0000434d  FPULazyStackingEnable         
0000407d  GPIODirModeSet                
00004479  GPIOIntClear                  
0000438d  GPIOIntDisable                
000043ed  GPIOIntEnable                 
000041bb  GPIOIntRegister               
0000439b  GPIOIntStatus                 
00003c31  GPIOIntTypeSet                
00002f41  GPIOPadConfigSet              
00003c89  GPIOPinConfigure              
0000421b  GPIOPinTypeCAN                
00004231  GPIOPinTypeGPIOInput          
000041d3  GPIOPinTypeGPIOOutput         
00004247  GPIOPinTypePWM                
0000425d  GPIOPinTypeQEI                
00004273  GPIOPinTypeUART               
0000447f  GPIOPinWrite                  
00001671  GPIOconfig                    
000016a5  InitConsole                   
00003b01  IntEnable                     
0000435d  IntMasterEnable               
00004015  IntRegister                   
200008a0  Kd0                           
200008ac  Kd1                           
200008f0  Kdv0                          
200008fc  Kdv1                          
200008a4  Ki0                           
200008b0  Ki1                           
200008f4  Kiv0                          
20000900  Kiv1                          
2000089c  Kp0                           
200008a8  Kp1                           
200008ec  Kpv0                          
200008f8  Kpv1                          
00000fd9  PIDPosupdate                  
00000cd5  PIDVelupdate                  
000008fd  PULSEconfig                   
000008b9  PULSEorderconfig              
0000093b  PULSEsend                     
00004119  PWMGenConfigure               
000043f9  PWMGenEnable                  
0000436d  PWMGenPeriodSet               
00004305  PWMOutputState                
0000419d  PWMPulseWidthSet              
000015e1  PWMconfig                     
000006f7  PortDIntHandler               
000013b1  QEI0angleGet                  
000013ef  QEI0posGet                    
00001411  QEI0zero                      
00001439  QEI1angleGet                  
00001485  QEI1posGet                    
000014a3  QEI1zero                      
000043a9  QEIConfigure                  
0000441b  QEIDisable                    
00004425  QEIEnable                     
0000442f  QEIIntDisable                 
00004491  QEIPositionGet                
00004495  QEIPositionSet                
0000437d  QEIVelocityConfigure          
00004439  QEIVelocityEnable             
00004499  QEIVelocityGet                
000014c1  QEIconfig                     
00001589  QEIvelocityConfig             
00004405  ResetISR                      
000032b9  SysCtlClockGet                
000035d5  SysCtlClockSet                
00004485  SysCtlDelay                   
000042a1  SysCtlPWMClockSet             
00004049  SysCtlPeripheralEnable        
00003f35  SysCtlPeripheralPresent       
00003f6d  SysCtlPeripheralReady         
00001295  TIMERconfig                   
0000078f  Timer0IntHandler              
00003bd1  TimerConfigure                
000043b7  TimerEnable                   
0000449d  TimerIntClear                 
00004469  TimerIntEnable                
00004317  TimerLoadSet                  
00004443  UARTCharGet                   
0000444d  UARTCharPut                   
000043c5  UARTCharsAvail                
0000448b  UARTClockSourceSet            
00003d69  UARTConfigSetExpClk           
0000415d  UARTDisable                   
000042b5  UARTEnable                    
000044a1  UARTIntClear                  
00004471  UARTIntEnable                 
000007b7  UARTIntHandler                
00004457  UARTIntStatus                 
0000026d  UARTStdioConfig               
000003b3  UARTgetc                      
000002f9  UARTgets                      
000006d3  UARTprintf                    
000003d9  UARTvprintf                   
000002b3  UARTwrite                     
000009b1  WIREconfig                    
000009a9  WIREread                      
000009a7  WIREwrite                     
20000870  __STACK_END                   
00000600  __STACK_SIZE                  
20000470  __STACK_TOP                   
000049c0  __TI_CINIT_Base               
000049d8  __TI_CINIT_Limit              
000049a4  __TI_Handler_Table_Base       
000049b0  __TI_Handler_Table_Limit      
00003db1  __TI_auto_init_nobinit_nopinit
00003b69  __TI_decompress_lzss          
000043d3  __TI_decompress_none          
ffffffff  __TI_pprof_out_hndl           
ffffffff  __TI_prof_data_size           
ffffffff  __TI_prof_data_start          
0000177d  __TI_scanfi                   
00000000  __TI_static_base__            
00004329  __TI_zero_init_nomemset       
00003925  __aeabi_cdcmpeq               
00003925  __aeabi_cdcmple               
00003a25  __aeabi_d2f                   
00003d21  __aeabi_d2iz                  
00003df5  __aeabi_d2uiz                 
000029cb  __aeabi_dadd                  
00002cd5  __aeabi_ddiv                  
000034d7  __aeabi_dmul                  
000029c1  __aeabi_dsub                  
00003fdd  __aeabi_f2d                   
00002b77  __aeabi_idiv0                 
000041eb  __aeabi_lmul                  
000039ab  __aeabi_memclr                
000039ab  __aeabi_memclr4               
000039ab  __aeabi_memclr8               
00003889  __aeabi_memcpy                
00003889  __aeabi_memcpy4               
00003889  __aeabi_memcpy8               
000039ad  __aeabi_memset                
000039ad  __aeabi_memset4               
000039ad  __aeabi_memset8               
0000417d  __aeabi_ui2d                  
00003eb9  __aeabi_uidiv                 
00003eb9  __aeabi_uidivmod              
000025f1  __aeabi_uldivmod              
ffffffff  __binit__                     
ffffffff  __c_args__                    
UNDEFED   __mpu_init                    
20000270  __stack                       
00003fa5  _c_int00_noargs               
000044b0  _ctypes_                      
UNDEFED   _system_post_cinit            
000044a9  _system_pre_init              
000044a5  abort                         
00001345  angleToPosition               
00003cd5  atoi                          
ffffffff  binit                         
2000093c  config_flag                   
200008c4  controlsig0                   
200008d8  controlsig1                   
20000914  controlsigv0                  
20000928  controlsigv1                  
000042c9  copysign                      
000042c9  copysignl                     
00000ba5  counttoRPM                    
20000978  currPosition0                 
2000097c  currPosition1                 
20000980  currVel0                      
20000984  currVel1                      
20000878  desiredPos0                   
2000087c  desiredPos1                   
20000884  desiredVel0                   
20000888  desiredVel1                   
2000088c  dir0                          
20000894  dir1                          
200008dc  dirv0                         
200008e4  dirv1                         
200008bc  ediv0                         
200008d0  ediv1                         
2000090c  edivv0                        
20000920  edivv1                        
200008c0  eint0                         
200008d4  eint1                         
20000910  eintv0                        
20000924  eintv1                        
200008b8  eprev0                        
200008cc  eprev1                        
20000908  eprevv0                       
2000091c  eprevv1                       
20000948  errno                         
200008b4  error0                        
200008c8  error1                        
20000904  errorv0                       
20000918  errorv1                       
20000930  first_node_flag               
20000945  g_bErrFlag                    
20000944  g_bRXFlag                     
20000000  g_pfnRAMVectors               
00000000  g_pfnVectors                  
20000940  g_ui32MsgCount                
20000938  interrupt_counter             
000036c9  ldexp                         
000036c9  ldexpl                        
2000092c  ledFlag                       
00000837  main                          
00003889  memcpy                        
000039b3  memset                        
20000880  motornum                      
00001379  positionToAngle               
20000988  pui8MsgDataRX                 
2000098c  pui8MsgDataTX                 
20000874  pwmSpeed                      
20000890  pwmout0                       
20000898  pwmout1                       
200008e0  pwmoutv0                      
200008e8  pwmoutv1                      
20000950  sCANMessageRX                 
20000964  sCANMessageTX                 
000036c9  scalbn                        
000036c9  scalbnl                       
000012f5  setSpeed                      
000037cf  sscanf                        
2000094c  stateTable                    
00004289  strchr                        
000042dd  strcpy                        
000042f1  strlen                        
00004203  strrchr                       
00002195  strtod                        
00002e0d  strtol                        
00002195  strtold                       
000027e5  strtoll                       
000031a5  strtoul                       
00002b79  strtoull                      
20000934  txID                          
20000990  ui32MsgDataRX                 
20000994  ui32MsgDataTX                 
000037bd  vsscanf                       


GLOBAL SYMBOLS: SORTED BY Symbol Address 

address   name                          
-------   ----                          
00000000  __TI_static_base__            
00000000  g_pfnVectors                  
0000026d  UARTStdioConfig               
000002b3  UARTwrite                     
000002f9  UARTgets                      
000003b3  UARTgetc                      
000003d9  UARTvprintf                   
00000600  __STACK_SIZE                  
000006d3  UARTprintf                    
000006f7  PortDIntHandler               
00000727  CANIntHandler                 
0000078f  Timer0IntHandler              
000007b7  UARTIntHandler                
00000837  main                          
000008b9  PULSEorderconfig              
000008fd  PULSEconfig                   
0000093b  PULSEsend                     
000009a7  WIREwrite                     
000009a9  WIREread                      
000009b1  WIREconfig                    
000009e9  CANget                        
00000a85  CANsend                       
00000ac5  CANRXmsgconfig                
00000af9  CANTXmsgconfig                
00000b39  CANconfig                     
00000ba5  counttoRPM                    
00000cd5  PIDVelupdate                  
00000fd9  PIDPosupdate                  
00001295  TIMERconfig                   
000012f5  setSpeed                      
00001345  angleToPosition               
00001379  positionToAngle               
000013b1  QEI0angleGet                  
000013ef  QEI0posGet                    
00001411  QEI0zero                      
00001439  QEI1angleGet                  
00001485  QEI1posGet                    
000014a3  QEI1zero                      
000014c1  QEIconfig                     
00001589  QEIvelocityConfig             
000015e1  PWMconfig                     
00001671  GPIOconfig                    
000016a5  InitConsole                   
0000177d  __TI_scanfi                   
00002195  strtod                        
00002195  strtold                       
000025f1  __aeabi_uldivmod              
000027e5  strtoll                       
000029c1  __aeabi_dsub                  
000029cb  __aeabi_dadd                  
00002b77  __aeabi_idiv0                 
00002b79  strtoull                      
00002cd5  __aeabi_ddiv                  
00002e0d  strtol                        
00002f41  GPIOPadConfigSet              
00003073  CANMessageSet                 
000031a5  strtoul                       
000032b9  SysCtlClockGet                
000033c9  CANMessageGet                 
000034d7  __aeabi_dmul                  
000035d5  SysCtlClockSet                
000036c9  ldexp                         
000036c9  ldexpl                        
000036c9  scalbn                        
000036c9  scalbnl                       
000037bd  vsscanf                       
000037cf  sscanf                        
00003889  __aeabi_memcpy                
00003889  __aeabi_memcpy4               
00003889  __aeabi_memcpy8               
00003889  memcpy                        
00003925  __aeabi_cdcmpeq               
00003925  __aeabi_cdcmple               
000039ab  __aeabi_memclr                
000039ab  __aeabi_memclr4               
000039ab  __aeabi_memclr8               
000039ad  __aeabi_memset                
000039ad  __aeabi_memset4               
000039ad  __aeabi_memset8               
000039b3  memset                        
00003a25  __aeabi_d2f                   
00003a95  CANBitRateSet                 
00003b01  IntEnable                     
00003b69  __TI_decompress_lzss          
00003bd1  TimerConfigure                
00003c31  GPIOIntTypeSet                
00003c89  GPIOPinConfigure              
00003cd5  atoi                          
00003d21  __aeabi_d2iz                  
00003d69  UARTConfigSetExpClk           
00003db1  __TI_auto_init_nobinit_nopinit
00003df5  __aeabi_d2uiz                 
00003e39  CANStatusGet                  
00003eb9  __aeabi_uidiv                 
00003eb9  __aeabi_uidivmod              
00003ef9  CANInit                       
00003f35  SysCtlPeripheralPresent       
00003f6d  SysCtlPeripheralReady         
00003fa5  _c_int00_noargs               
00003fdd  __aeabi_f2d                   
00004015  IntRegister                   
00004049  SysCtlPeripheralEnable        
0000407d  GPIODirModeSet                
000040f7  CANIntClear                   
00004119  PWMGenConfigure               
0000413b  CANIntStatus                  
0000415d  UARTDisable                   
0000417d  __aeabi_ui2d                  
0000419d  PWMPulseWidthSet              
000041bb  GPIOIntRegister               
000041d3  GPIOPinTypeGPIOOutput         
000041eb  __aeabi_lmul                  
00004203  strrchr                       
0000421b  GPIOPinTypeCAN                
00004231  GPIOPinTypeGPIOInput          
00004247  GPIOPinTypePWM                
0000425d  GPIOPinTypeQEI                
00004273  GPIOPinTypeUART               
00004289  strchr                        
000042a1  SysCtlPWMClockSet             
000042b5  UARTEnable                    
000042c9  copysign                      
000042c9  copysignl                     
000042dd  strcpy                        
000042f1  strlen                        
00004305  PWMOutputState                
00004317  TimerLoadSet                  
00004329  __TI_zero_init_nomemset       
0000433d  FPUEnable                     
0000434d  FPULazyStackingEnable         
0000435d  IntMasterEnable               
0000436d  PWMGenPeriodSet               
0000437d  QEIVelocityConfigure          
0000438d  GPIOIntDisable                
0000439b  GPIOIntStatus                 
000043a9  QEIConfigure                  
000043b7  TimerEnable                   
000043c5  UARTCharsAvail                
000043d3  __TI_decompress_none          
000043e1  CPUcpsie                      
000043ed  GPIOIntEnable                 
000043f9  PWMGenEnable                  
00004405  ResetISR                      
00004411  CANEnable                     
0000441b  QEIDisable                    
00004425  QEIEnable                     
0000442f  QEIIntDisable                 
00004439  QEIVelocityEnable             
00004443  UARTCharGet                   
0000444d  UARTCharPut                   
00004457  UARTIntStatus                 
00004461  CANIntEnable                  
00004469  TimerIntEnable                
00004471  UARTIntEnable                 
00004479  GPIOIntClear                  
0000447f  GPIOPinWrite                  
00004485  SysCtlDelay                   
0000448b  UARTClockSourceSet            
00004491  QEIPositionGet                
00004495  QEIPositionSet                
00004499  QEIVelocityGet                
0000449d  TimerIntClear                 
000044a1  UARTIntClear                  
000044a5  C$$EXIT                       
000044a5  abort                         
000044a9  _system_pre_init              
000044b0  _ctypes_                      
000049a4  __TI_Handler_Table_Base       
000049b0  __TI_Handler_Table_Limit      
000049c0  __TI_CINIT_Base               
000049d8  __TI_CINIT_Limit              
20000000  g_pfnRAMVectors               
20000270  __stack                       
20000470  __STACK_TOP                   
20000870  __STACK_END                   
20000874  pwmSpeed                      
20000878  desiredPos0                   
2000087c  desiredPos1                   
20000880  motornum                      
20000884  desiredVel0                   
20000888  desiredVel1                   
2000088c  dir0                          
20000890  pwmout0                       
20000894  dir1                          
20000898  pwmout1                       
2000089c  Kp0                           
200008a0  Kd0                           
200008a4  Ki0                           
200008a8  Kp1                           
200008ac  Kd1                           
200008b0  Ki1                           
200008b4  error0                        
200008b8  eprev0                        
200008bc  ediv0                         
200008c0  eint0                         
200008c4  controlsig0                   
200008c8  error1                        
200008cc  eprev1                        
200008d0  ediv1                         
200008d4  eint1                         
200008d8  controlsig1                   
200008dc  dirv0                         
200008e0  pwmoutv0                      
200008e4  dirv1                         
200008e8  pwmoutv1                      
200008ec  Kpv0                          
200008f0  Kdv0                          
200008f4  Kiv0                          
200008f8  Kpv1                          
200008fc  Kdv1                          
20000900  Kiv1                          
20000904  errorv0                       
20000908  eprevv0                       
2000090c  edivv0                        
20000910  eintv0                        
20000914  controlsigv0                  
20000918  errorv1                       
2000091c  eprevv1                       
20000920  edivv1                        
20000924  eintv1                        
20000928  controlsigv1                  
2000092c  ledFlag                       
20000930  first_node_flag               
20000934  txID                          
20000938  interrupt_counter             
2000093c  config_flag                   
20000940  g_ui32MsgCount                
20000944  g_bRXFlag                     
20000945  g_bErrFlag                    
20000948  errno                         
2000094c  stateTable                    
20000950  sCANMessageRX                 
20000964  sCANMessageTX                 
20000978  currPosition0                 
2000097c  currPosition1                 
20000980  currVel0                      
20000984  currVel1                      
20000988  pui8MsgDataRX                 
2000098c  pui8MsgDataTX                 
20000990  ui32MsgDataRX                 
20000994  ui32MsgDataTX                 
ffffffff  __TI_pprof_out_hndl           
ffffffff  __TI_prof_data_size           
ffffffff  __TI_prof_data_start          
ffffffff  __binit__                     
ffffffff  __c_args__                    
ffffffff  binit                         
UNDEFED   __mpu_init                    
UNDEFED   _system_post_cinit            

[249 symbols]
