******************************************************************************
                  TI ARM Linker PC v17.9.0                     
******************************************************************************
>> Linked Sat Apr  7 09:15:19 2018

OUTPUT FILE NAME:   <qei_mit_pwm.out>
ENTRY POINT SYMBOL: "_c_int00_noargs"  address: 00003da9


MEMORY CONFIGURATION

         name            origin    length      used     unused   attr    fill
----------------------  --------  ---------  --------  --------  ----  --------
  FLASH                 00000000   00040000  000045aa  0003ba56  R  X
  SRAM                  20000000   00008000  00000718  000078e8  RW X


SEGMENT ALLOCATION MAP

run origin  load origin   length   init length attrs members
----------  ----------- ---------- ----------- ----- -------
00000000    00000000    000045b0   000045b0    r-x
  00000000    00000000    0000026c   0000026c    r-- .intvecs
  0000026c    0000026c    00003fb2   00003fb2    r-x .text
  00004220    00004220    0000033c   0000033c    r-- .const
  00004560    00004560    00000050   00000050    r-- .cinit
20000000    20000000    00000718   00000000    rw-
  20000000    20000000    00000600   00000000    rw- .stack
  20000600    20000600    000000d0   00000000    rw- .data
  200006d0    200006d0    00000048   00000000    rw- .bss


SECTION ALLOCATION MAP

 output                                  attributes/
section   page    origin      length       input sections
--------  ----  ----------  ----------   ----------------
.intvecs   0    00000000    0000026c     
                  00000000    0000026c     tm4c123gh6pm_startup_ccs.obj (.intvecs)

.text      0    0000026c    00003fb2     
                  0000026c    000013ac     main.obj (.text)
                  00001618    00000a18     rtsv7M4_T_le_v4SPD16_eabi.lib : _scanfi.obj (.text)
                  00002030    0000045c                                   : strtod.obj (.text)
                  0000248c    000001f4                                   : ull_div_t2.obj (.text)
                  00002680    000001dc                                   : strtoll.obj (.text)
                  0000285c    000001b6                                   : fd_add_t2.obj (.text)
                  00002a12    00000002                                   : i_div0.obj (.text)
                  00002a14    0000015c                                   : strtoull.obj (.text)
                  00002b70    00000136                                   : fd_div_t2.obj (.text)
                  00002ca6    00000002     --HOLE-- [fill = 0]
                  00002ca8    00000134                                   : strtol.obj (.text)
                  00002ddc    00000132     driverlib.lib : gpio.obj (.text:GPIOPadConfigSet)
                  00002f0e    00000130                   : can.obj (.text:CANMessageSet)
                  0000303e    00000002     --HOLE-- [fill = 0]
                  00003040    00000114     rtsv7M4_T_le_v4SPD16_eabi.lib : strtoul.obj (.text)
                  00003154    00000110     driverlib.lib : sysctl.obj (.text:SysCtlClockGet)
                  00003264    0000010e                   : can.obj (.text:CANMessageGet)
                  00003372    000000fc     rtsv7M4_T_le_v4SPD16_eabi.lib : fd_mul_t2.obj (.text)
                  0000346e    00000002     --HOLE-- [fill = 0]
                  00003470    000000f4     driverlib.lib : sysctl.obj (.text:SysCtlClockSet)
                  00003564    000000f4     rtsv7M4_T_le_v4SPD16_eabi.lib : s_scalbn.obj (.text)
                  00003658    000000cc                                   : sscanf.obj (.text)
                  00003724    0000009c                                   : memcpy_t2.obj (.text)
                  000037c0    00000086                                   : fd_cmp_t2.obj (.text:__aeabi_cdcmple)
                  00003846    0000007a                                   : memset_t2.obj (.text)
                  000038c0    0000006e                                   : fd_tos_t2.obj (.text)
                  0000392e    00000002     --HOLE-- [fill = 0]
                  00003930    0000006c     driverlib.lib : can.obj (.text:CANBitRateSet)
                  0000399c    00000068                   : interrupt.obj (.text:IntEnable)
                  00003a04    00000068     rtsv7M4_T_le_v4SPD16_eabi.lib : copy_decompress_lzss.obj (.text:decompress:lzss)
                  00003a6c    00000060     driverlib.lib : timer.obj (.text:TimerConfigure)
                  00003acc    0000004c                   : gpio.obj (.text:GPIOPinConfigure)
                  00003b18    0000004c     rtsv7M4_T_le_v4SPD16_eabi.lib : atoi.obj (.text)
                  00003b64    00000048                                   : fd_toi_t2.obj (.text)
                  00003bac    00000046     driverlib.lib : uart.obj (.text:UARTConfigSetExpClk)
                  00003bf2    00000002     --HOLE-- [fill = 0]
                  00003bf4    00000044     rtsv7M4_T_le_v4SPD16_eabi.lib : autoinit.obj (.text:__TI_auto_init_nobinit_nopinit)
                  00003c38    00000044                                   : fd_tou_t2.obj (.text)
                  00003c7c    00000040     driverlib.lib : can.obj (.text:CANStatusGet)
                  00003cbc    00000040     rtsv7M4_T_le_v4SPD16_eabi.lib : u_divt2.obj (.text)
                  00003cfc    0000003a     driverlib.lib : can.obj (.text:CANInit)
                  00003d36    00000002     --HOLE-- [fill = 0]
                  00003d38    00000038                   : sysctl.obj (.text:SysCtlPeripheralPresent)
                  00003d70    00000038                   : sysctl.obj (.text:SysCtlPeripheralReady)
                  00003da8    00000038     rtsv7M4_T_le_v4SPD16_eabi.lib : boot_cortex_m.obj (.text:_c_int00_noargs)
                  00003de0    00000038                                   : fs_tod_t2.obj (.text)
                  00003e18    00000034     driverlib.lib : sysctl.obj (.text:SysCtlPeripheralEnable)
                  00003e4c    0000002c                   : gpio.obj (.text:GPIODirModeSet)
                  00003e78    0000002a                   : can.obj (.text:_CANDataRegRead)
                  00003ea2    00000024                   : can.obj (.text:_CANDataRegWrite)
                  00003ec6    00000022                   : can.obj (.text:CANIntClear)
                  00003ee8    00000022                   : pwm.obj (.text:PWMGenConfigure)
                  00003f0a    00000020                   : can.obj (.text:CANIntStatus)
                  00003f2a    00000002     --HOLE-- [fill = 0]
                  00003f2c    00000020                   : uart.obj (.text:UARTDisable)
                  00003f4c    00000020     rtsv7M4_T_le_v4SPD16_eabi.lib : u_tofd_t2.obj (.text)
                  00003f6c    0000001e     driverlib.lib : pwm.obj (.text:PWMPulseWidthSet)
                  00003f8a    00000018                   : gpio.obj (.text:GPIOPinTypeGPIOOutput)
                  00003fa2    00000018     rtsv7M4_T_le_v4SPD16_eabi.lib : ll_mul_t2.obj (.text)
                  00003fba    00000018                                   : strrchr.obj (.text)
                  00003fd2    00000016     driverlib.lib : gpio.obj (.text:GPIOPinTypeCAN)
                  00003fe8    00000016                   : gpio.obj (.text:GPIOPinTypePWM)
                  00003ffe    00000016                   : gpio.obj (.text:GPIOPinTypeQEI)
                  00004014    00000016                   : gpio.obj (.text:GPIOPinTypeUART)
                  0000402a    00000016     rtsv7M4_T_le_v4SPD16_eabi.lib : strchr.obj (.text)
                  00004040    00000014     driverlib.lib : sysctl.obj (.text:SysCtlPWMClockSet)
                  00004054    00000014                   : uart.obj (.text:UARTEnable)
                  00004068    00000014     rtsv7M4_T_le_v4SPD16_eabi.lib : s_copysign.obj (.text)
                  0000407c    00000014                                   : strcpy.obj (.text)
                  00004090    00000014                                   : strlen.obj (.text)
                  000040a4    00000012     driverlib.lib : pwm.obj (.text:PWMOutputState)
                  000040b6    00000012                   : timer.obj (.text:TimerLoadSet)
                  000040c8    00000012     rtsv7M4_T_le_v4SPD16_eabi.lib : copy_zero_init.obj (.text:decompress:ZI:__TI_zero_init_nomemset)
                  000040da    00000002     --HOLE-- [fill = 0]
                  000040dc    00000010     driverlib.lib : fpu.obj (.text:FPUEnable)
                  000040ec    00000010                   : fpu.obj (.text:FPULazyStackingEnable)
                  000040fc    00000010                   : interrupt.obj (.text:IntMasterEnable)
                  0000410c    00000010                   : pwm.obj (.text:PWMGenPeriodSet)
                  0000411c    00000010                   : qei.obj (.text:QEIVelocityConfigure)
                  0000412c    0000000e                   : qei.obj (.text:QEIConfigure)
                  0000413a    0000000e                   : timer.obj (.text:TimerEnable)
                  00004148    0000000e                   : uart.obj (.text:UARTCharsAvail)
                  00004156    0000000e     rtsv7M4_T_le_v4SPD16_eabi.lib : copy_decompress_none.obj (.text:decompress:none)
                  00004164    0000000c     driverlib.lib : cpu.obj (.text:CPUcpsie)
                  00004170    0000000c                   : pwm.obj (.text:PWMGenEnable)
                  0000417c    0000000c     tm4c123gh6pm_startup_ccs.obj (.text)
                  00004188    0000000a     driverlib.lib : can.obj (.text:CANEnable)
                  00004192    0000000a                   : qei.obj (.text:QEIDisable)
                  0000419c    0000000a                   : qei.obj (.text:QEIEnable)
                  000041a6    0000000a                   : qei.obj (.text:QEIIntDisable)
                  000041b0    0000000a                   : qei.obj (.text:QEIVelocityEnable)
                  000041ba    0000000a                   : uart.obj (.text:UARTCharGet)
                  000041c4    0000000a                   : uart.obj (.text:UARTCharPut)
                  000041ce    0000000a                   : uart.obj (.text:UARTIntStatus)
                  000041d8    00000008                   : can.obj (.text:CANIntEnable)
                  000041e0    00000008                   : timer.obj (.text:TimerIntEnable)
                  000041e8    00000008                   : uart.obj (.text:UARTIntEnable)
                  000041f0    00000006                   : gpio.obj (.text:GPIOPinWrite)
                  000041f6    00000006                   : sysctl.obj (.text:SysCtlDelay)
                  000041fc    00000006                   : uart.obj (.text:UARTClockSourceSet)
                  00004202    00000004                   : qei.obj (.text:QEIPositionGet)
                  00004206    00000004                   : qei.obj (.text:QEIPositionSet)
                  0000420a    00000004                   : qei.obj (.text:QEIVelocityGet)
                  0000420e    00000004                   : timer.obj (.text:TimerIntClear)
                  00004212    00000004                   : uart.obj (.text:UARTIntClear)
                  00004216    00000004     rtsv7M4_T_le_v4SPD16_eabi.lib : exit.obj (.text:abort)
                  0000421a    00000004                                   : pre_init.obj (.text)

.const     0    00004220    0000033c     
                  00004220    00000101     rtsv7M4_T_le_v4SPD16_eabi.lib : ctype.obj (.const:.string:_ctypes_)
                  00004321    00000003     --HOLE-- [fill = 0]
                  00004324    00000004     main.obj (.const)
                  00004328    000000c8     rtsv7M4_T_le_v4SPD16_eabi.lib : strtod.obj (.const:$O1$$)
                  000043f0    00000090     driverlib.lib : gpio.obj (.const:g_pui32GPIOBaseAddrs)
                  00004480    0000006c                   : sysctl.obj (.const:g_pui32Xtals)
                  000044ec    00000020                   : can.obj (.const:g_ui16CANBitValues)
                  0000450c    00000014                   : interrupt.obj (.const:g_pui32EnRegs)
                  00004520    00000012     main.obj (.const:.string)
                  00004532    00000002     --HOLE-- [fill = 0]
                  00004534    00000010     rtsv7M4_T_le_v4SPD16_eabi.lib : _scanfi.obj (.const:$O1$$)
                  00004544    0000000c     main.obj (.const:g_ui32UARTBase)
                  00004550    0000000c     main.obj (.const:g_ui32UARTPeriph)

.cinit     0    00004560    00000050     
                  00004560    0000002b     (.cinit..data.load) [load image, compression = lzss]
                  0000458b    00000001     --HOLE-- [fill = 0]
                  0000458c    0000000c     (__TI_handler_table)
                  00004598    00000008     (.cinit..bss.load) [load image, compression = zero_init]
                  000045a0    00000010     (__TI_cinit_table)

.init_array 
*          0    00000000    00000000     UNINITIALIZED

.data      0    20000600    000000d0     UNINITIALIZED
                  20000600    000000c7     main.obj (.data)
                  200006c7    00000001     --HOLE--
                  200006c8    00000004     rtsv7M4_T_le_v4SPD16_eabi.lib : errno.obj (.data)
                  200006cc    00000004     main.obj (.data:stateTable)

.bss       0    200006d0    00000048     UNINITIALIZED
                  200006d0    00000014     (.common:sCANMessageRX)
                  200006e4    00000014     (.common:sCANMessageTX)
                  200006f8    00000004     (.common:currPosition0)
                  200006fc    00000004     (.common:currPosition1)
                  20000700    00000004     (.common:currVel0)
                  20000704    00000004     (.common:currVel1)
                  20000708    00000004     (.common:pui8MsgDataRX)
                  2000070c    00000004     (.common:pui8MsgDataTX)
                  20000710    00000004     (.common:ui32MsgDataRX)
                  20000714    00000004     (.common:ui32MsgDataTX)

.stack     0    20000000    00000600     UNINITIALIZED
                  20000000    00000004     rtsv7M4_T_le_v4SPD16_eabi.lib : boot_cortex_m.obj (.stack)
                  20000004    000005fc     --HOLE--

MODULE SUMMARY

       Module                         code    ro data   rw data
       ------                         ----    -------   -------
    .\
       main.obj                       5036    46        275    
       tm4c123gh6pm_startup_ccs.obj   12      620       0      
    +--+------------------------------+-------+---------+---------+
       Total:                         5048    666       275    
                                                               
    C:/ti/TivaWare_C_Series-2.1.3.156/driverlib/ccs/Debug/driverlib.lib
       can.obj                        966     32        0      
       sysctl.obj                     706     108       0      
       gpio.obj                       544     144       0      
       uart.obj                       184     0         0      
       interrupt.obj                  120     20        0      
       timer.obj                      140     0         0      
       pwm.obj                        110     0         0      
       qei.obj                        82      0         0      
       fpu.obj                        32      0         0      
       cpu.obj                        12      0         0      
    +--+------------------------------+-------+---------+---------+
       Total:                         2896    304       0      
                                                               
    C:\ti\ccsv7\tools\compiler\ti-cgt-arm_17.9.0.STS\lib\rtsv7M4_T_le_v4SPD16_eabi.lib
       _scanfi.obj                    2584    16        0      
       strtod.obj                     1116    200       0      
       ull_div_t2.obj                 500     0         0      
       strtoll.obj                    476     0         0      
       fd_add_t2.obj                  438     0         0      
       strtoull.obj                   348     0         0      
       fd_div_t2.obj                  310     0         0      
       strtol.obj                     308     0         0      
       strtoul.obj                    276     0         0      
       ctype.obj                      0       257       0      
       fd_mul_t2.obj                  252     0         0      
       s_scalbn.obj                   244     0         0      
       sscanf.obj                     204     0         0      
       memcpy_t2.obj                  156     0         0      
       fd_cmp_t2.obj                  134     0         0      
       memset_t2.obj                  122     0         0      
       fd_tos_t2.obj                  110     0         0      
       copy_decompress_lzss.obj       104     0         0      
       atoi.obj                       76      0         0      
       fd_toi_t2.obj                  72      0         0      
       autoinit.obj                   68      0         0      
       fd_tou_t2.obj                  68      0         0      
       u_divt2.obj                    64      0         0      
       boot_cortex_m.obj              56      0         0      
       fs_tod_t2.obj                  56      0         0      
       u_tofd_t2.obj                  32      0         0      
       ll_mul_t2.obj                  24      0         0      
       strrchr.obj                    24      0         0      
       strchr.obj                     22      0         0      
       s_copysign.obj                 20      0         0      
       strcpy.obj                     20      0         0      
       strlen.obj                     20      0         0      
       copy_zero_init.obj             18      0         0      
       copy_decompress_none.obj       14      0         0      
       errno.obj                      0       0         4      
       exit.obj                       4       0         0      
       pre_init.obj                   4       0         0      
       i_div0.obj                     2       0         0      
    +--+------------------------------+-------+---------+---------+
       Total:                         8346    473       4      
                                                               
       Stack:                         0       0         1536   
       Linker Generated:              0       79        0      
    +--+------------------------------+-------+---------+---------+
       Grand Total:                   16290   1522      1815   


LINKER GENERATED COPY TABLES

__TI_cinit_table @ 000045a0 records: 2, size/record: 8, table size: 16
	.data: load addr=00004560, load size=0000002b bytes, run addr=20000600, run size=000000d0 bytes, compression=lzss
	.bss: load addr=00004598, load size=00000008 bytes, run addr=200006d0, run size=00000048 bytes, compression=zero_init


LINKER GENERATED HANDLER TABLE

__TI_handler_table @ 0000458c records: 3, size/record: 4, table size: 12
	index: 0, handler: __TI_decompress_lzss
	index: 1, handler: __TI_decompress_none
	index: 2, handler: __TI_zero_init


GLOBAL SYMBOLS: SORTED ALPHABETICALLY BY Name 

address   name                          
-------   ----                          
00004217  C$$EXIT                       
00003931  CANBitRateSet                 
00004189  CANEnable                     
00003cfd  CANInit                       
00003ec7  CANIntClear                   
000041d9  CANIntEnable                  
000006f7  CANIntHandler                 
00003f0b  CANIntStatus                  
00003265  CANMessageGet                 
00002f0f  CANMessageSet                 
00000941  CANRXmsgconfig                
00003c7d  CANStatusGet                  
00000975  CANTXmsgconfig                
000009b9  CANconfig                     
0000086d  CANget                        
000008e3  CANsend                       
00004165  CPUcpsie                      
000040dd  FPUEnable                     
000040ed  FPULazyStackingEnable         
00003e4d  GPIODirModeSet                
00002ddd  GPIOPadConfigSet              
00003acd  GPIOPinConfigure              
00003fd3  GPIOPinTypeCAN                
00003f8b  GPIOPinTypeGPIOOutput         
00003fe9  GPIOPinTypePWM                
00003fff  GPIOPinTypeQEI                
00004015  GPIOPinTypeUART               
000041f1  GPIOPinWrite                  
0000150d  GPIOconfig                    
00001541  InitConsole                   
0000399d  IntEnable                     
000040fd  IntMasterEnable               
20000630  Kd0                           
2000063c  Kd1                           
20000680  Kdv0                          
2000068c  Kdv1                          
20000634  Ki0                           
20000640  Ki1                           
20000684  Kiv0                          
20000690  Kiv1                          
2000062c  Kp0                           
20000638  Kp1                           
2000067c  Kpv0                          
20000688  Kpv1                          
00000e75  PIDPosupdate                  
00000b71  PIDVelupdate                  
00003ee9  PWMGenConfigure               
00004171  PWMGenEnable                  
0000410d  PWMGenPeriodSet               
000040a5  PWMOutputState                
00003f6d  PWMPulseWidthSet              
0000147d  PWMconfig                     
0000124d  QEI0angleGet                  
0000128b  QEI0posGet                    
000012ad  QEI0zero                      
000012d5  QEI1angleGet                  
00001321  QEI1posGet                    
0000133f  QEI1zero                      
0000412d  QEIConfigure                  
00004193  QEIDisable                    
0000419d  QEIEnable                     
000041a7  QEIIntDisable                 
00004203  QEIPositionGet                
00004207  QEIPositionSet                
0000411d  QEIVelocityConfigure          
000041b1  QEIVelocityEnable             
0000420b  QEIVelocityGet                
0000135d  QEIconfig                     
00001425  QEIvelocityConfig             
0000417d  ResetISR                      
00003155  SysCtlClockGet                
00003471  SysCtlClockSet                
000041f7  SysCtlDelay                   
00004041  SysCtlPWMClockSet             
00003e19  SysCtlPeripheralEnable        
00003d39  SysCtlPeripheralPresent       
00003d71  SysCtlPeripheralReady         
00001131  TIMERconfig                   
00000767  Timer0IntHandler              
00003a6d  TimerConfigure                
0000413b  TimerEnable                   
0000420f  TimerIntClear                 
000041e1  TimerIntEnable                
000040b7  TimerLoadSet                  
000041bb  UARTCharGet                   
000041c5  UARTCharPut                   
00004149  UARTCharsAvail                
000041fd  UARTClockSourceSet            
00003bad  UARTConfigSetExpClk           
00003f2d  UARTDisable                   
00004055  UARTEnable                    
00004213  UARTIntClear                  
000041e9  UARTIntEnable                 
0000078f  UARTIntHandler                
000041cf  UARTIntStatus                 
0000026d  UARTStdioConfig               
000003b3  UARTgetc                      
000002f9  UARTgets                      
000006d3  UARTprintf                    
000003d9  UARTvprintf                   
000002b3  UARTwrite                     
20000600  __STACK_END                   
00000600  __STACK_SIZE                  
20000200  __STACK_TOP                   
000045a0  __TI_CINIT_Base               
000045b0  __TI_CINIT_Limit              
0000458c  __TI_Handler_Table_Base       
00004598  __TI_Handler_Table_Limit      
00003bf5  __TI_auto_init_nobinit_nopinit
00003a05  __TI_decompress_lzss          
00004157  __TI_decompress_none          
ffffffff  __TI_pprof_out_hndl           
ffffffff  __TI_prof_data_size           
ffffffff  __TI_prof_data_start          
00001619  __TI_scanfi                   
00000000  __TI_static_base__            
000040c9  __TI_zero_init_nomemset       
000037c1  __aeabi_cdcmpeq               
000037c1  __aeabi_cdcmple               
000038c1  __aeabi_d2f                   
00003b65  __aeabi_d2iz                  
00003c39  __aeabi_d2uiz                 
00002867  __aeabi_dadd                  
00002b71  __aeabi_ddiv                  
00003373  __aeabi_dmul                  
0000285d  __aeabi_dsub                  
00003de1  __aeabi_f2d                   
00002a13  __aeabi_idiv0                 
00003fa3  __aeabi_lmul                  
00003847  __aeabi_memclr                
00003847  __aeabi_memclr4               
00003847  __aeabi_memclr8               
00003725  __aeabi_memcpy                
00003725  __aeabi_memcpy4               
00003725  __aeabi_memcpy8               
00003849  __aeabi_memset                
00003849  __aeabi_memset4               
00003849  __aeabi_memset8               
00003f4d  __aeabi_ui2d                  
00003cbd  __aeabi_uidiv                 
00003cbd  __aeabi_uidivmod              
0000248d  __aeabi_uldivmod              
ffffffff  __binit__                     
ffffffff  __c_args__                    
UNDEFED   __mpu_init                    
20000000  __stack                       
00003da9  _c_int00_noargs               
00004220  _ctypes_                      
UNDEFED   _system_post_cinit            
0000421b  _system_pre_init              
00004217  abort                         
000011e1  angleToPosition               
00003b19  atoi                          
ffffffff  binit                         
20000654  controlsig0                   
20000668  controlsig1                   
200006a4  controlsigv0                  
200006b8  controlsigv1                  
00004069  copysign                      
00004069  copysignl                     
00000a19  counttoRPM                    
200006f8  currPosition0                 
200006fc  currPosition1                 
20000700  currVel0                      
20000704  currVel1                      
20000608  desiredPos0                   
2000060c  desiredPos1                   
20000614  desiredVel0                   
20000618  desiredVel1                   
2000061c  dir0                          
20000624  dir1                          
2000066c  dirv0                         
20000674  dirv1                         
2000064c  ediv0                         
20000660  ediv1                         
2000069c  edivv0                        
200006b0  edivv1                        
20000650  eint0                         
20000664  eint1                         
200006a0  eintv0                        
200006b4  eintv1                        
20000648  eprev0                        
2000065c  eprev1                        
20000698  eprevv0                       
200006ac  eprevv1                       
200006c8  errno                         
20000644  error0                        
20000658  error1                        
20000694  errorv0                       
200006a8  errorv1                       
200006c5  g_bErrFlag                    
200006c4  g_bRXFlag                     
00000000  g_pfnVectors                  
200006c0  g_ui32MsgCount                
00003565  ldexp                         
00003565  ldexpl                        
200006bc  ledFlag                       
00000801  main                          
00003725  memcpy                        
0000384f  memset                        
20000610  motornum                      
00001215  positionToAngle               
20000708  pui8MsgDataRX                 
2000070c  pui8MsgDataTX                 
20000604  pwmSpeed                      
20000620  pwmout0                       
20000628  pwmout1                       
20000670  pwmoutv0                      
20000678  pwmoutv1                      
200006d0  sCANMessageRX                 
200006e4  sCANMessageTX                 
00003565  scalbn                        
00003565  scalbnl                       
00001191  setSpeed                      
0000366b  sscanf                        
200006cc  stateTable                    
0000402b  strchr                        
0000407d  strcpy                        
00004091  strlen                        
00003fbb  strrchr                       
00002031  strtod                        
00002ca9  strtol                        
00002031  strtold                       
00002681  strtoll                       
00003041  strtoul                       
00002a15  strtoull                      
20000710  ui32MsgDataRX                 
20000714  ui32MsgDataTX                 
00003659  vsscanf                       


GLOBAL SYMBOLS: SORTED BY Symbol Address 

address   name                          
-------   ----                          
00000000  __TI_static_base__            
00000000  g_pfnVectors                  
0000026d  UARTStdioConfig               
000002b3  UARTwrite                     
000002f9  UARTgets                      
000003b3  UARTgetc                      
000003d9  UARTvprintf                   
00000600  __STACK_SIZE                  
000006d3  UARTprintf                    
000006f7  CANIntHandler                 
00000767  Timer0IntHandler              
0000078f  UARTIntHandler                
00000801  main                          
0000086d  CANget                        
000008e3  CANsend                       
00000941  CANRXmsgconfig                
00000975  CANTXmsgconfig                
000009b9  CANconfig                     
00000a19  counttoRPM                    
00000b71  PIDVelupdate                  
00000e75  PIDPosupdate                  
00001131  TIMERconfig                   
00001191  setSpeed                      
000011e1  angleToPosition               
00001215  positionToAngle               
0000124d  QEI0angleGet                  
0000128b  QEI0posGet                    
000012ad  QEI0zero                      
000012d5  QEI1angleGet                  
00001321  QEI1posGet                    
0000133f  QEI1zero                      
0000135d  QEIconfig                     
00001425  QEIvelocityConfig             
0000147d  PWMconfig                     
0000150d  GPIOconfig                    
00001541  InitConsole                   
00001619  __TI_scanfi                   
00002031  strtod                        
00002031  strtold                       
0000248d  __aeabi_uldivmod              
00002681  strtoll                       
0000285d  __aeabi_dsub                  
00002867  __aeabi_dadd                  
00002a13  __aeabi_idiv0                 
00002a15  strtoull                      
00002b71  __aeabi_ddiv                  
00002ca9  strtol                        
00002ddd  GPIOPadConfigSet              
00002f0f  CANMessageSet                 
00003041  strtoul                       
00003155  SysCtlClockGet                
00003265  CANMessageGet                 
00003373  __aeabi_dmul                  
00003471  SysCtlClockSet                
00003565  ldexp                         
00003565  ldexpl                        
00003565  scalbn                        
00003565  scalbnl                       
00003659  vsscanf                       
0000366b  sscanf                        
00003725  __aeabi_memcpy                
00003725  __aeabi_memcpy4               
00003725  __aeabi_memcpy8               
00003725  memcpy                        
000037c1  __aeabi_cdcmpeq               
000037c1  __aeabi_cdcmple               
00003847  __aeabi_memclr                
00003847  __aeabi_memclr4               
00003847  __aeabi_memclr8               
00003849  __aeabi_memset                
00003849  __aeabi_memset4               
00003849  __aeabi_memset8               
0000384f  memset                        
000038c1  __aeabi_d2f                   
00003931  CANBitRateSet                 
0000399d  IntEnable                     
00003a05  __TI_decompress_lzss          
00003a6d  TimerConfigure                
00003acd  GPIOPinConfigure              
00003b19  atoi                          
00003b65  __aeabi_d2iz                  
00003bad  UARTConfigSetExpClk           
00003bf5  __TI_auto_init_nobinit_nopinit
00003c39  __aeabi_d2uiz                 
00003c7d  CANStatusGet                  
00003cbd  __aeabi_uidiv                 
00003cbd  __aeabi_uidivmod              
00003cfd  CANInit                       
00003d39  SysCtlPeripheralPresent       
00003d71  SysCtlPeripheralReady         
00003da9  _c_int00_noargs               
00003de1  __aeabi_f2d                   
00003e19  SysCtlPeripheralEnable        
00003e4d  GPIODirModeSet                
00003ec7  CANIntClear                   
00003ee9  PWMGenConfigure               
00003f0b  CANIntStatus                  
00003f2d  UARTDisable                   
00003f4d  __aeabi_ui2d                  
00003f6d  PWMPulseWidthSet              
00003f8b  GPIOPinTypeGPIOOutput         
00003fa3  __aeabi_lmul                  
00003fbb  strrchr                       
00003fd3  GPIOPinTypeCAN                
00003fe9  GPIOPinTypePWM                
00003fff  GPIOPinTypeQEI                
00004015  GPIOPinTypeUART               
0000402b  strchr                        
00004041  SysCtlPWMClockSet             
00004055  UARTEnable                    
00004069  copysign                      
00004069  copysignl                     
0000407d  strcpy                        
00004091  strlen                        
000040a5  PWMOutputState                
000040b7  TimerLoadSet                  
000040c9  __TI_zero_init_nomemset       
000040dd  FPUEnable                     
000040ed  FPULazyStackingEnable         
000040fd  IntMasterEnable               
0000410d  PWMGenPeriodSet               
0000411d  QEIVelocityConfigure          
0000412d  QEIConfigure                  
0000413b  TimerEnable                   
00004149  UARTCharsAvail                
00004157  __TI_decompress_none          
00004165  CPUcpsie                      
00004171  PWMGenEnable                  
0000417d  ResetISR                      
00004189  CANEnable                     
00004193  QEIDisable                    
0000419d  QEIEnable                     
000041a7  QEIIntDisable                 
000041b1  QEIVelocityEnable             
000041bb  UARTCharGet                   
000041c5  UARTCharPut                   
000041cf  UARTIntStatus                 
000041d9  CANIntEnable                  
000041e1  TimerIntEnable                
000041e9  UARTIntEnable                 
000041f1  GPIOPinWrite                  
000041f7  SysCtlDelay                   
000041fd  UARTClockSourceSet            
00004203  QEIPositionGet                
00004207  QEIPositionSet                
0000420b  QEIVelocityGet                
0000420f  TimerIntClear                 
00004213  UARTIntClear                  
00004217  C$$EXIT                       
00004217  abort                         
0000421b  _system_pre_init              
00004220  _ctypes_                      
0000458c  __TI_Handler_Table_Base       
00004598  __TI_Handler_Table_Limit      
000045a0  __TI_CINIT_Base               
000045b0  __TI_CINIT_Limit              
20000000  __stack                       
20000200  __STACK_TOP                   
20000600  __STACK_END                   
20000604  pwmSpeed                      
20000608  desiredPos0                   
2000060c  desiredPos1                   
20000610  motornum                      
20000614  desiredVel0                   
20000618  desiredVel1                   
2000061c  dir0                          
20000620  pwmout0                       
20000624  dir1                          
20000628  pwmout1                       
2000062c  Kp0                           
20000630  Kd0                           
20000634  Ki0                           
20000638  Kp1                           
2000063c  Kd1                           
20000640  Ki1                           
20000644  error0                        
20000648  eprev0                        
2000064c  ediv0                         
20000650  eint0                         
20000654  controlsig0                   
20000658  error1                        
2000065c  eprev1                        
20000660  ediv1                         
20000664  eint1                         
20000668  controlsig1                   
2000066c  dirv0                         
20000670  pwmoutv0                      
20000674  dirv1                         
20000678  pwmoutv1                      
2000067c  Kpv0                          
20000680  Kdv0                          
20000684  Kiv0                          
20000688  Kpv1                          
2000068c  Kdv1                          
20000690  Kiv1                          
20000694  errorv0                       
20000698  eprevv0                       
2000069c  edivv0                        
200006a0  eintv0                        
200006a4  controlsigv0                  
200006a8  errorv1                       
200006ac  eprevv1                       
200006b0  edivv1                        
200006b4  eintv1                        
200006b8  controlsigv1                  
200006bc  ledFlag                       
200006c0  g_ui32MsgCount                
200006c4  g_bRXFlag                     
200006c5  g_bErrFlag                    
200006c8  errno                         
200006cc  stateTable                    
200006d0  sCANMessageRX                 
200006e4  sCANMessageTX                 
200006f8  currPosition0                 
200006fc  currPosition1                 
20000700  currVel0                      
20000704  currVel1                      
20000708  pui8MsgDataRX                 
2000070c  pui8MsgDataTX                 
20000710  ui32MsgDataRX                 
20000714  ui32MsgDataTX                 
ffffffff  __TI_pprof_out_hndl           
ffffffff  __TI_prof_data_size           
ffffffff  __TI_prof_data_start          
ffffffff  __binit__                     
ffffffff  __c_args__                    
ffffffff  binit                         
UNDEFED   __mpu_init                    
UNDEFED   _system_post_cinit            

[229 symbols]
