<?xml version="1.0"?>
<link_info>
   <banner>TI ARM Linker PC v17.9.0.STS</banner>
   <copyright>Copyright (c) 1996-2017 Texas Instruments Incorporated</copyright>
   <link_time>0x5ade00e2</link_time>
   <link_errors>0x0</link_errors>
   <output_file>qei_mit_pwm.out</output_file>
   <entry_point>
      <name>_c_int00_noargs</name>
      <address>0x416d</address>
   </entry_point>
   <input_file_list>
      <input_file id="fl-2">
         <path>.\</path>
         <kind>object</kind>
         <file>main.obj</file>
         <name>main.obj</name>
      </input_file>
      <input_file id="fl-3">
         <path>.\</path>
         <kind>object</kind>
         <file>tm4c123gh6pm_startup_ccs.obj</file>
         <name>tm4c123gh6pm_startup_ccs.obj</name>
      </input_file>
      <input_file id="fl-8">
         <kind>object</kind>
         <file>&lt;internal&gt;</file>
         <name>&lt;internal&gt;</name>
      </input_file>
      <input_file id="fl-be">
         <path>C:\ti\ccsv7\tools\compiler\ti-cgt-arm_17.9.0.STS\lib\</path>
         <kind>archive</kind>
         <file>rtsv7M4_T_le_v4SPD16_eabi.lib</file>
         <name>fd_div_t2.obj</name>
      </input_file>
      <input_file id="fl-bf">
         <path>C:\ti\ccsv7\tools\compiler\ti-cgt-arm_17.9.0.STS\lib\</path>
         <kind>archive</kind>
         <file>rtsv7M4_T_le_v4SPD16_eabi.lib</file>
         <name>fd_mul_t2.obj</name>
      </input_file>
      <input_file id="fl-c0">
         <path>C:\ti\ccsv7\tools\compiler\ti-cgt-arm_17.9.0.STS\lib\</path>
         <kind>archive</kind>
         <file>rtsv7M4_T_le_v4SPD16_eabi.lib</file>
         <name>fd_toi_t2.obj</name>
      </input_file>
      <input_file id="fl-c1">
         <path>C:\ti\ccsv7\tools\compiler\ti-cgt-arm_17.9.0.STS\lib\</path>
         <kind>archive</kind>
         <file>rtsv7M4_T_le_v4SPD16_eabi.lib</file>
         <name>fd_tou_t2.obj</name>
      </input_file>
      <input_file id="fl-c2">
         <path>C:\ti\ccsv7\tools\compiler\ti-cgt-arm_17.9.0.STS\lib\</path>
         <kind>archive</kind>
         <file>rtsv7M4_T_le_v4SPD16_eabi.lib</file>
         <name>fs_tod_t2.obj</name>
      </input_file>
      <input_file id="fl-c3">
         <path>C:\ti\ccsv7\tools\compiler\ti-cgt-arm_17.9.0.STS\lib\</path>
         <kind>archive</kind>
         <file>rtsv7M4_T_le_v4SPD16_eabi.lib</file>
         <name>u_tofd_t2.obj</name>
      </input_file>
      <input_file id="fl-c4">
         <path>C:\ti\ccsv7\tools\compiler\ti-cgt-arm_17.9.0.STS\lib\</path>
         <kind>archive</kind>
         <file>rtsv7M4_T_le_v4SPD16_eabi.lib</file>
         <name>u_divt2.obj</name>
      </input_file>
      <input_file id="fl-c5">
         <path>C:\ti\ccsv7\tools\compiler\ti-cgt-arm_17.9.0.STS\lib\</path>
         <kind>archive</kind>
         <file>rtsv7M4_T_le_v4SPD16_eabi.lib</file>
         <name>copy_zero_init.obj</name>
      </input_file>
      <input_file id="fl-c6">
         <path>C:\ti\ccsv7\tools\compiler\ti-cgt-arm_17.9.0.STS\lib\</path>
         <kind>archive</kind>
         <file>rtsv7M4_T_le_v4SPD16_eabi.lib</file>
         <name>copy_decompress_none.obj</name>
      </input_file>
      <input_file id="fl-c7">
         <path>C:\ti\ccsv7\tools\compiler\ti-cgt-arm_17.9.0.STS\lib\</path>
         <kind>archive</kind>
         <file>rtsv7M4_T_le_v4SPD16_eabi.lib</file>
         <name>copy_decompress_lzss.obj</name>
      </input_file>
      <input_file id="fl-c8">
         <path>C:\ti\ccsv7\tools\compiler\ti-cgt-arm_17.9.0.STS\lib\</path>
         <kind>archive</kind>
         <file>rtsv7M4_T_le_v4SPD16_eabi.lib</file>
         <name>i_div0.obj</name>
      </input_file>
      <input_file id="fl-c9">
         <path>C:\ti\ccsv7\tools\compiler\ti-cgt-arm_17.9.0.STS\lib\</path>
         <kind>archive</kind>
         <file>rtsv7M4_T_le_v4SPD16_eabi.lib</file>
         <name>sscanf.obj</name>
      </input_file>
      <input_file id="fl-ca">
         <path>C:\ti\ccsv7\tools\compiler\ti-cgt-arm_17.9.0.STS\lib\</path>
         <kind>archive</kind>
         <file>rtsv7M4_T_le_v4SPD16_eabi.lib</file>
         <name>boot_cortex_m.obj</name>
      </input_file>
      <input_file id="fl-cb">
         <path>C:\ti\ccsv7\tools\compiler\ti-cgt-arm_17.9.0.STS\lib\</path>
         <kind>archive</kind>
         <file>rtsv7M4_T_le_v4SPD16_eabi.lib</file>
         <name>memcpy_t2.obj</name>
      </input_file>
      <input_file id="fl-cc">
         <path>C:\ti\ccsv7\tools\compiler\ti-cgt-arm_17.9.0.STS\lib\</path>
         <kind>archive</kind>
         <file>rtsv7M4_T_le_v4SPD16_eabi.lib</file>
         <name>memset_t2.obj</name>
      </input_file>
      <input_file id="fl-cd">
         <path>C:\ti\ccsv7\tools\compiler\ti-cgt-arm_17.9.0.STS\lib\</path>
         <kind>archive</kind>
         <file>rtsv7M4_T_le_v4SPD16_eabi.lib</file>
         <name>autoinit.obj</name>
      </input_file>
      <input_file id="fl-ce">
         <path>C:\ti\ccsv7\tools\compiler\ti-cgt-arm_17.9.0.STS\lib\</path>
         <kind>archive</kind>
         <file>rtsv7M4_T_le_v4SPD16_eabi.lib</file>
         <name>pre_init.obj</name>
      </input_file>
      <input_file id="fl-cf">
         <path>C:\ti\ccsv7\tools\compiler\ti-cgt-arm_17.9.0.STS\lib\</path>
         <kind>archive</kind>
         <file>rtsv7M4_T_le_v4SPD16_eabi.lib</file>
         <name>cpy_tbl.obj</name>
      </input_file>
      <input_file id="fl-d0">
         <path>C:\ti\ccsv7\tools\compiler\ti-cgt-arm_17.9.0.STS\lib\</path>
         <kind>archive</kind>
         <file>rtsv7M4_T_le_v4SPD16_eabi.lib</file>
         <name>exit.obj</name>
      </input_file>
      <input_file id="fl-d1">
         <path>C:\ti\ccsv7\tools\compiler\ti-cgt-arm_17.9.0.STS\lib\</path>
         <kind>archive</kind>
         <file>rtsv7M4_T_le_v4SPD16_eabi.lib</file>
         <name>_lock.obj</name>
      </input_file>
      <input_file id="fl-d2">
         <path>C:\ti\ccsv7\tools\compiler\ti-cgt-arm_17.9.0.STS\lib\</path>
         <kind>archive</kind>
         <file>rtsv7M4_T_le_v4SPD16_eabi.lib</file>
         <name>_scanfi.obj</name>
      </input_file>
      <input_file id="fl-d3">
         <path>C:\ti\ccsv7\tools\compiler\ti-cgt-arm_17.9.0.STS\lib\</path>
         <kind>archive</kind>
         <file>rtsv7M4_T_le_v4SPD16_eabi.lib</file>
         <name>args_main.obj</name>
      </input_file>
      <input_file id="fl-d4">
         <path>C:\ti\ccsv7\tools\compiler\ti-cgt-arm_17.9.0.STS\lib\</path>
         <kind>archive</kind>
         <file>rtsv7M4_T_le_v4SPD16_eabi.lib</file>
         <name>atoi.obj</name>
      </input_file>
      <input_file id="fl-d5">
         <path>C:\ti\ccsv7\tools\compiler\ti-cgt-arm_17.9.0.STS\lib\</path>
         <kind>archive</kind>
         <file>rtsv7M4_T_le_v4SPD16_eabi.lib</file>
         <name>ctype.obj</name>
      </input_file>
      <input_file id="fl-d6">
         <path>C:\ti\ccsv7\tools\compiler\ti-cgt-arm_17.9.0.STS\lib\</path>
         <kind>archive</kind>
         <file>rtsv7M4_T_le_v4SPD16_eabi.lib</file>
         <name>strchr.obj</name>
      </input_file>
      <input_file id="fl-d7">
         <path>C:\ti\ccsv7\tools\compiler\ti-cgt-arm_17.9.0.STS\lib\</path>
         <kind>archive</kind>
         <file>rtsv7M4_T_le_v4SPD16_eabi.lib</file>
         <name>strcpy.obj</name>
      </input_file>
      <input_file id="fl-d8">
         <path>C:\ti\ccsv7\tools\compiler\ti-cgt-arm_17.9.0.STS\lib\</path>
         <kind>archive</kind>
         <file>rtsv7M4_T_le_v4SPD16_eabi.lib</file>
         <name>strlen.obj</name>
      </input_file>
      <input_file id="fl-d9">
         <path>C:\ti\ccsv7\tools\compiler\ti-cgt-arm_17.9.0.STS\lib\</path>
         <kind>archive</kind>
         <file>rtsv7M4_T_le_v4SPD16_eabi.lib</file>
         <name>strrchr.obj</name>
      </input_file>
      <input_file id="fl-da">
         <path>C:\ti\ccsv7\tools\compiler\ti-cgt-arm_17.9.0.STS\lib\</path>
         <kind>archive</kind>
         <file>rtsv7M4_T_le_v4SPD16_eabi.lib</file>
         <name>strtod.obj</name>
      </input_file>
      <input_file id="fl-db">
         <path>C:\ti\ccsv7\tools\compiler\ti-cgt-arm_17.9.0.STS\lib\</path>
         <kind>archive</kind>
         <file>rtsv7M4_T_le_v4SPD16_eabi.lib</file>
         <name>strtol.obj</name>
      </input_file>
      <input_file id="fl-dc">
         <path>C:\ti\ccsv7\tools\compiler\ti-cgt-arm_17.9.0.STS\lib\</path>
         <kind>archive</kind>
         <file>rtsv7M4_T_le_v4SPD16_eabi.lib</file>
         <name>strtoll.obj</name>
      </input_file>
      <input_file id="fl-dd">
         <path>C:\ti\ccsv7\tools\compiler\ti-cgt-arm_17.9.0.STS\lib\</path>
         <kind>archive</kind>
         <file>rtsv7M4_T_le_v4SPD16_eabi.lib</file>
         <name>strtoul.obj</name>
      </input_file>
      <input_file id="fl-de">
         <path>C:\ti\ccsv7\tools\compiler\ti-cgt-arm_17.9.0.STS\lib\</path>
         <kind>archive</kind>
         <file>rtsv7M4_T_le_v4SPD16_eabi.lib</file>
         <name>strtoull.obj</name>
      </input_file>
      <input_file id="fl-df">
         <path>C:\ti\ccsv7\tools\compiler\ti-cgt-arm_17.9.0.STS\lib\</path>
         <kind>archive</kind>
         <file>rtsv7M4_T_le_v4SPD16_eabi.lib</file>
         <name>s_scalbn.obj</name>
      </input_file>
      <input_file id="fl-e0">
         <path>C:\ti\ccsv7\tools\compiler\ti-cgt-arm_17.9.0.STS\lib\</path>
         <kind>archive</kind>
         <file>rtsv7M4_T_le_v4SPD16_eabi.lib</file>
         <name>s_copysign.obj</name>
      </input_file>
      <input_file id="fl-e1">
         <path>C:\ti\ccsv7\tools\compiler\ti-cgt-arm_17.9.0.STS\lib\</path>
         <kind>archive</kind>
         <file>rtsv7M4_T_le_v4SPD16_eabi.lib</file>
         <name>fd_add_t2.obj</name>
      </input_file>
      <input_file id="fl-e2">
         <path>C:\ti\ccsv7\tools\compiler\ti-cgt-arm_17.9.0.STS\lib\</path>
         <kind>archive</kind>
         <file>rtsv7M4_T_le_v4SPD16_eabi.lib</file>
         <name>fd_cmp_t2.obj</name>
      </input_file>
      <input_file id="fl-e3">
         <path>C:\ti\ccsv7\tools\compiler\ti-cgt-arm_17.9.0.STS\lib\</path>
         <kind>archive</kind>
         <file>rtsv7M4_T_le_v4SPD16_eabi.lib</file>
         <name>fd_tos_t2.obj</name>
      </input_file>
      <input_file id="fl-e4">
         <path>C:\ti\ccsv7\tools\compiler\ti-cgt-arm_17.9.0.STS\lib\</path>
         <kind>archive</kind>
         <file>rtsv7M4_T_le_v4SPD16_eabi.lib</file>
         <name>ll_mul_t2.obj</name>
      </input_file>
      <input_file id="fl-e5">
         <path>C:\ti\ccsv7\tools\compiler\ti-cgt-arm_17.9.0.STS\lib\</path>
         <kind>archive</kind>
         <file>rtsv7M4_T_le_v4SPD16_eabi.lib</file>
         <name>ull_div_t2.obj</name>
      </input_file>
      <input_file id="fl-e6">
         <path>C:\ti\ccsv7\tools\compiler\ti-cgt-arm_17.9.0.STS\lib\</path>
         <kind>archive</kind>
         <file>rtsv7M4_T_le_v4SPD16_eabi.lib</file>
         <name>errno.obj</name>
      </input_file>
      <input_file id="fl-e7">
         <path>C:\ti\TivaWare_C_Series-2.1.3.156\driverlib\ccs\Debug\</path>
         <kind>archive</kind>
         <file>driverlib.lib</file>
         <name>can.obj</name>
      </input_file>
      <input_file id="fl-e8">
         <path>C:\ti\TivaWare_C_Series-2.1.3.156\driverlib\ccs\Debug\</path>
         <kind>archive</kind>
         <file>driverlib.lib</file>
         <name>fpu.obj</name>
      </input_file>
      <input_file id="fl-e9">
         <path>C:\ti\TivaWare_C_Series-2.1.3.156\driverlib\ccs\Debug\</path>
         <kind>archive</kind>
         <file>driverlib.lib</file>
         <name>gpio.obj</name>
      </input_file>
      <input_file id="fl-ea">
         <path>C:\ti\TivaWare_C_Series-2.1.3.156\driverlib\ccs\Debug\</path>
         <kind>archive</kind>
         <file>driverlib.lib</file>
         <name>interrupt.obj</name>
      </input_file>
      <input_file id="fl-eb">
         <path>C:\ti\TivaWare_C_Series-2.1.3.156\driverlib\ccs\Debug\</path>
         <kind>archive</kind>
         <file>driverlib.lib</file>
         <name>pwm.obj</name>
      </input_file>
      <input_file id="fl-ec">
         <path>C:\ti\TivaWare_C_Series-2.1.3.156\driverlib\ccs\Debug\</path>
         <kind>archive</kind>
         <file>driverlib.lib</file>
         <name>qei.obj</name>
      </input_file>
      <input_file id="fl-ed">
         <path>C:\ti\TivaWare_C_Series-2.1.3.156\driverlib\ccs\Debug\</path>
         <kind>archive</kind>
         <file>driverlib.lib</file>
         <name>sysctl.obj</name>
      </input_file>
      <input_file id="fl-ee">
         <path>C:\ti\TivaWare_C_Series-2.1.3.156\driverlib\ccs\Debug\</path>
         <kind>archive</kind>
         <file>driverlib.lib</file>
         <name>timer.obj</name>
      </input_file>
      <input_file id="fl-ef">
         <path>C:\ti\TivaWare_C_Series-2.1.3.156\driverlib\ccs\Debug\</path>
         <kind>archive</kind>
         <file>driverlib.lib</file>
         <name>uart.obj</name>
      </input_file>
      <input_file id="fl-f0">
         <path>C:\ti\TivaWare_C_Series-2.1.3.156\driverlib\ccs\Debug\</path>
         <kind>archive</kind>
         <file>driverlib.lib</file>
         <name>cpu.obj</name>
      </input_file>
   </input_file_list>
   <object_component_list>
      <object_component id="oc-f">
         <name>.intvecs</name>
         <load_address>0x0</load_address>
         <run_address>0x0</run_address>
         <size>0x26c</size>
         <input_file_ref idref="fl-3"/>
      </object_component>
      <object_component id="oc-2a">
         <name>.text</name>
         <load_address>0x26c</load_address>
         <run_address>0x26c</run_address>
         <size>0x16d8</size>
         <input_file_ref idref="fl-2"/>
      </object_component>
      <object_component id="oc-296">
         <name>.text</name>
         <load_address>0x1944</load_address>
         <run_address>0x1944</run_address>
         <size>0xa18</size>
         <input_file_ref idref="fl-d2"/>
      </object_component>
      <object_component id="oc-37a">
         <name>.text</name>
         <load_address>0x235c</load_address>
         <run_address>0x235c</run_address>
         <size>0x45c</size>
         <input_file_ref idref="fl-da"/>
      </object_component>
      <object_component id="oc-3fb">
         <name>.text</name>
         <load_address>0x27b8</load_address>
         <run_address>0x27b8</run_address>
         <size>0x1f4</size>
         <input_file_ref idref="fl-e5"/>
      </object_component>
      <object_component id="oc-38b">
         <name>.text</name>
         <load_address>0x29ac</load_address>
         <run_address>0x29ac</run_address>
         <size>0x1dc</size>
         <input_file_ref idref="fl-dc"/>
      </object_component>
      <object_component id="oc-407">
         <name>.text</name>
         <load_address>0x2b88</load_address>
         <run_address>0x2b88</run_address>
         <size>0x1b6</size>
         <input_file_ref idref="fl-e1"/>
      </object_component>
      <object_component id="oc-27d">
         <name>.text</name>
         <load_address>0x2d3e</load_address>
         <run_address>0x2d3e</run_address>
         <size>0x2</size>
         <input_file_ref idref="fl-c8"/>
      </object_component>
      <object_component id="oc-36e">
         <name>.text</name>
         <load_address>0x2d40</load_address>
         <run_address>0x2d40</run_address>
         <size>0x15c</size>
         <input_file_ref idref="fl-de"/>
      </object_component>
      <object_component id="oc-1a2">
         <name>.text</name>
         <load_address>0x2e9c</load_address>
         <run_address>0x2e9c</run_address>
         <size>0x136</size>
         <input_file_ref idref="fl-be"/>
      </object_component>
      <object_component id="oc-385">
         <name>.text</name>
         <load_address>0x2fd4</load_address>
         <run_address>0x2fd4</run_address>
         <size>0x134</size>
         <input_file_ref idref="fl-db"/>
      </object_component>
      <object_component id="oc-119">
         <name>.text:GPIOPadConfigSet</name>
         <load_address>0x3108</load_address>
         <run_address>0x3108</run_address>
         <size>0x132</size>
         <input_file_ref idref="fl-e9"/>
      </object_component>
      <object_component id="oc-149">
         <name>.text:CANMessageSet</name>
         <load_address>0x323a</load_address>
         <run_address>0x323a</run_address>
         <size>0x130</size>
         <input_file_ref idref="fl-e7"/>
      </object_component>
      <object_component id="oc-374">
         <name>.text</name>
         <load_address>0x336c</load_address>
         <run_address>0x336c</run_address>
         <size>0x114</size>
         <input_file_ref idref="fl-dd"/>
      </object_component>
      <object_component id="oc-109">
         <name>.text:SysCtlClockGet</name>
         <load_address>0x3480</load_address>
         <run_address>0x3480</run_address>
         <size>0x110</size>
         <input_file_ref idref="fl-ed"/>
      </object_component>
      <object_component id="oc-142">
         <name>.text:CANMessageGet</name>
         <load_address>0x3590</load_address>
         <run_address>0x3590</run_address>
         <size>0x10e</size>
         <input_file_ref idref="fl-e7"/>
      </object_component>
      <object_component id="oc-1a7">
         <name>.text</name>
         <load_address>0x369e</load_address>
         <run_address>0x369e</run_address>
         <size>0xfc</size>
         <input_file_ref idref="fl-bf"/>
      </object_component>
      <object_component id="oc-e5">
         <name>.text:SysCtlClockSet</name>
         <load_address>0x379c</load_address>
         <run_address>0x379c</run_address>
         <size>0xf4</size>
         <input_file_ref idref="fl-ed"/>
      </object_component>
      <object_component id="oc-411">
         <name>.text</name>
         <load_address>0x3890</load_address>
         <run_address>0x3890</run_address>
         <size>0xf4</size>
         <input_file_ref idref="fl-df"/>
      </object_component>
      <object_component id="oc-df">
         <name>.text</name>
         <load_address>0x3984</load_address>
         <run_address>0x3984</run_address>
         <size>0xcc</size>
         <input_file_ref idref="fl-c9"/>
      </object_component>
      <object_component id="oc-3e">
         <name>.text</name>
         <load_address>0x3a50</load_address>
         <run_address>0x3a50</run_address>
         <size>0x9c</size>
         <input_file_ref idref="fl-cb"/>
      </object_component>
      <object_component id="oc-40c">
         <name>.text:__aeabi_cdcmple</name>
         <load_address>0x3aec</load_address>
         <run_address>0x3aec</run_address>
         <size>0x86</size>
         <input_file_ref idref="fl-e2"/>
      </object_component>
      <object_component id="oc-251">
         <name>.text</name>
         <load_address>0x3b72</load_address>
         <run_address>0x3b72</run_address>
         <size>0x7a</size>
         <input_file_ref idref="fl-cc"/>
      </object_component>
      <object_component id="oc-380">
         <name>.text</name>
         <load_address>0x3bec</load_address>
         <run_address>0x3bec</run_address>
         <size>0x6e</size>
         <input_file_ref idref="fl-e3"/>
      </object_component>
      <object_component id="oc-161">
         <name>.text:CANBitRateSet</name>
         <load_address>0x3c5c</load_address>
         <run_address>0x3c5c</run_address>
         <size>0x6c</size>
         <input_file_ref idref="fl-e7"/>
      </object_component>
      <object_component id="oc-fd">
         <name>.text:IntEnable</name>
         <load_address>0x3cc8</load_address>
         <run_address>0x3cc8</run_address>
         <size>0x68</size>
         <input_file_ref idref="fl-ea"/>
      </object_component>
      <object_component id="oc-12">
         <name>.text:decompress:lzss</name>
         <load_address>0x3d30</load_address>
         <run_address>0x3d30</run_address>
         <size>0x68</size>
         <input_file_ref idref="fl-c7"/>
      </object_component>
      <object_component id="oc-17f">
         <name>.text:TimerConfigure</name>
         <load_address>0x3d98</load_address>
         <run_address>0x3d98</run_address>
         <size>0x60</size>
         <input_file_ref idref="fl-ee"/>
      </object_component>
      <object_component id="oc-11f">
         <name>.text:GPIOIntTypeSet</name>
         <load_address>0x3df8</load_address>
         <run_address>0x3df8</run_address>
         <size>0x58</size>
         <input_file_ref idref="fl-e9"/>
      </object_component>
      <object_component id="oc-14f">
         <name>.text:GPIOPinConfigure</name>
         <load_address>0x3e50</load_address>
         <run_address>0x3e50</run_address>
         <size>0x4c</size>
         <input_file_ref idref="fl-e9"/>
      </object_component>
      <object_component id="oc-39d">
         <name>.text</name>
         <load_address>0x3e9c</load_address>
         <run_address>0x3e9c</run_address>
         <size>0x4c</size>
         <input_file_ref idref="fl-d4"/>
      </object_component>
      <object_component id="oc-1ac">
         <name>.text</name>
         <load_address>0x3ee8</load_address>
         <run_address>0x3ee8</run_address>
         <size>0x48</size>
         <input_file_ref idref="fl-c0"/>
      </object_component>
      <object_component id="oc-7d">
         <name>.text:UARTConfigSetExpClk</name>
         <load_address>0x3f30</load_address>
         <run_address>0x3f30</run_address>
         <size>0x46</size>
         <input_file_ref idref="fl-ef"/>
      </object_component>
      <object_component id="oc-326">
         <name>.text:__TI_auto_init_nobinit_nopinit</name>
         <load_address>0x3f78</load_address>
         <run_address>0x3f78</run_address>
         <size>0x44</size>
         <input_file_ref idref="fl-cd"/>
      </object_component>
      <object_component id="oc-1e0">
         <name>.text</name>
         <load_address>0x3fbc</load_address>
         <run_address>0x3fbc</run_address>
         <size>0x44</size>
         <input_file_ref idref="fl-c1"/>
      </object_component>
      <object_component id="oc-b5">
         <name>.text:CANStatusGet</name>
         <load_address>0x4000</load_address>
         <run_address>0x4000</run_address>
         <size>0x40</size>
         <input_file_ref idref="fl-e7"/>
      </object_component>
      <object_component id="oc-2c1">
         <name>.text:_GPIOIntNumberGet</name>
         <load_address>0x4040</load_address>
         <run_address>0x4040</run_address>
         <size>0x40</size>
         <input_file_ref idref="fl-e9"/>
      </object_component>
      <object_component id="oc-9e">
         <name>.text</name>
         <load_address>0x4080</load_address>
         <run_address>0x4080</run_address>
         <size>0x40</size>
         <input_file_ref idref="fl-c4"/>
      </object_component>
      <object_component id="oc-15b">
         <name>.text:CANInit</name>
         <load_address>0x40c0</load_address>
         <run_address>0x40c0</run_address>
         <size>0x3a</size>
         <input_file_ref idref="fl-e7"/>
      </object_component>
      <object_component id="oc-71">
         <name>.text:SysCtlPeripheralPresent</name>
         <load_address>0x40fc</load_address>
         <run_address>0x40fc</run_address>
         <size>0x38</size>
         <input_file_ref idref="fl-ed"/>
      </object_component>
      <object_component id="oc-218">
         <name>.text:SysCtlPeripheralReady</name>
         <load_address>0x4134</load_address>
         <run_address>0x4134</run_address>
         <size>0x38</size>
         <input_file_ref idref="fl-ed"/>
      </object_component>
      <object_component id="oc-5c">
         <name>.text:_c_int00_noargs</name>
         <load_address>0x416c</load_address>
         <run_address>0x416c</run_address>
         <size>0x38</size>
         <input_file_ref idref="fl-ca"/>
      </object_component>
      <object_component id="oc-19d">
         <name>.text</name>
         <load_address>0x41a4</load_address>
         <run_address>0x41a4</run_address>
         <size>0x38</size>
         <input_file_ref idref="fl-c2"/>
      </object_component>
      <object_component id="oc-2c7">
         <name>.text:IntRegister</name>
         <load_address>0x41dc</load_address>
         <run_address>0x41dc</run_address>
         <size>0x34</size>
         <input_file_ref idref="fl-ea"/>
      </object_component>
      <object_component id="oc-77">
         <name>.text:SysCtlPeripheralEnable</name>
         <load_address>0x4210</load_address>
         <run_address>0x4210</run_address>
         <size>0x34</size>
         <input_file_ref idref="fl-ed"/>
      </object_component>
      <object_component id="oc-2b8">
         <name>.text:GPIODirModeSet</name>
         <load_address>0x4244</load_address>
         <run_address>0x4244</run_address>
         <size>0x2c</size>
         <input_file_ref idref="fl-e9"/>
      </object_component>
      <object_component id="oc-2d3">
         <name>.text:_CANDataRegRead</name>
         <load_address>0x4270</load_address>
         <run_address>0x4270</run_address>
         <size>0x2a</size>
         <input_file_ref idref="fl-e7"/>
      </object_component>
      <object_component id="oc-2da">
         <name>.text:_CANDataRegWrite</name>
         <load_address>0x429a</load_address>
         <run_address>0x429a</run_address>
         <size>0x24</size>
         <input_file_ref idref="fl-e7"/>
      </object_component>
      <object_component id="oc-bb">
         <name>.text:CANIntClear</name>
         <load_address>0x42be</load_address>
         <run_address>0x42be</run_address>
         <size>0x22</size>
         <input_file_ref idref="fl-e7"/>
      </object_component>
      <object_component id="oc-200">
         <name>.text:PWMGenConfigure</name>
         <load_address>0x42e0</load_address>
         <run_address>0x42e0</run_address>
         <size>0x22</size>
         <input_file_ref idref="fl-eb"/>
      </object_component>
      <object_component id="oc-af">
         <name>.text:CANIntStatus</name>
         <load_address>0x4302</load_address>
         <run_address>0x4302</run_address>
         <size>0x20</size>
         <input_file_ref idref="fl-e7"/>
      </object_component>
      <object_component id="oc-26c">
         <name>.text:UARTDisable</name>
         <load_address>0x4324</load_address>
         <run_address>0x4324</run_address>
         <size>0x20</size>
         <input_file_ref idref="fl-ef"/>
      </object_component>
      <object_component id="oc-1db">
         <name>.text</name>
         <load_address>0x4344</load_address>
         <run_address>0x4344</run_address>
         <size>0x20</size>
         <input_file_ref idref="fl-c3"/>
      </object_component>
      <object_component id="oc-197">
         <name>.text:PWMPulseWidthSet</name>
         <load_address>0x4364</load_address>
         <run_address>0x4364</run_address>
         <size>0x1e</size>
         <input_file_ref idref="fl-eb"/>
      </object_component>
      <object_component id="oc-125">
         <name>.text:GPIOIntRegister</name>
         <load_address>0x4382</load_address>
         <run_address>0x4382</run_address>
         <size>0x18</size>
         <input_file_ref idref="fl-e9"/>
      </object_component>
      <object_component id="oc-131">
         <name>.text:GPIOPinTypeGPIOOutput</name>
         <load_address>0x439a</load_address>
         <run_address>0x439a</run_address>
         <size>0x18</size>
         <input_file_ref idref="fl-e9"/>
      </object_component>
      <object_component id="oc-3f6">
         <name>.text</name>
         <load_address>0x43b2</load_address>
         <run_address>0x43b2</run_address>
         <size>0x18</size>
         <input_file_ref idref="fl-e4"/>
      </object_component>
      <object_component id="oc-368">
         <name>.text</name>
         <load_address>0x43ca</load_address>
         <run_address>0x43ca</run_address>
         <size>0x18</size>
         <input_file_ref idref="fl-d9"/>
      </object_component>
      <object_component id="oc-155">
         <name>.text:GPIOPinTypeCAN</name>
         <load_address>0x43e2</load_address>
         <run_address>0x43e2</run_address>
         <size>0x16</size>
         <input_file_ref idref="fl-e9"/>
      </object_component>
      <object_component id="oc-113">
         <name>.text:GPIOPinTypeGPIOInput</name>
         <load_address>0x43f8</load_address>
         <run_address>0x43f8</run_address>
         <size>0x16</size>
         <input_file_ref idref="fl-e9"/>
      </object_component>
      <object_component id="oc-1fa">
         <name>.text:GPIOPinTypePWM</name>
         <load_address>0x440e</load_address>
         <run_address>0x440e</run_address>
         <size>0x16</size>
         <input_file_ref idref="fl-e9"/>
      </object_component>
      <object_component id="oc-1bd">
         <name>.text:GPIOPinTypeQEI</name>
         <load_address>0x4424</load_address>
         <run_address>0x4424</run_address>
         <size>0x16</size>
         <input_file_ref idref="fl-e9"/>
      </object_component>
      <object_component id="oc-224">
         <name>.text:GPIOPinTypeUART</name>
         <load_address>0x443a</load_address>
         <run_address>0x443a</run_address>
         <size>0x16</size>
         <input_file_ref idref="fl-e9"/>
      </object_component>
      <object_component id="oc-3a3">
         <name>.text</name>
         <load_address>0x4450</load_address>
         <run_address>0x4450</run_address>
         <size>0x16</size>
         <input_file_ref idref="fl-d6"/>
      </object_component>
      <object_component id="oc-1f4">
         <name>.text:SysCtlPWMClockSet</name>
         <load_address>0x4468</load_address>
         <run_address>0x4468</run_address>
         <size>0x14</size>
         <input_file_ref idref="fl-ed"/>
      </object_component>
      <object_component id="oc-83">
         <name>.text:UARTEnable</name>
         <load_address>0x447c</load_address>
         <run_address>0x447c</run_address>
         <size>0x14</size>
         <input_file_ref idref="fl-ef"/>
      </object_component>
      <object_component id="oc-466">
         <name>.text</name>
         <load_address>0x4490</load_address>
         <run_address>0x4490</run_address>
         <size>0x14</size>
         <input_file_ref idref="fl-e0"/>
      </object_component>
      <object_component id="oc-391">
         <name>.text</name>
         <load_address>0x44a4</load_address>
         <run_address>0x44a4</run_address>
         <size>0x14</size>
         <input_file_ref idref="fl-d7"/>
      </object_component>
      <object_component id="oc-397">
         <name>.text</name>
         <load_address>0x44b8</load_address>
         <run_address>0x44b8</run_address>
         <size>0x14</size>
         <input_file_ref idref="fl-d8"/>
      </object_component>
      <object_component id="oc-212">
         <name>.text:PWMOutputState</name>
         <load_address>0x44cc</load_address>
         <run_address>0x44cc</run_address>
         <size>0x12</size>
         <input_file_ref idref="fl-eb"/>
      </object_component>
      <object_component id="oc-185">
         <name>.text:TimerLoadSet</name>
         <load_address>0x44de</load_address>
         <run_address>0x44de</run_address>
         <size>0x12</size>
         <input_file_ref idref="fl-ee"/>
      </object_component>
      <object_component id="oc-4a">
         <name>.text:decompress:ZI:__TI_zero_init_nomemset</name>
         <load_address>0x44f0</load_address>
         <run_address>0x44f0</run_address>
         <size>0x12</size>
         <input_file_ref idref="fl-c5"/>
      </object_component>
      <object_component id="oc-f1">
         <name>.text:FPUEnable</name>
         <load_address>0x4504</load_address>
         <run_address>0x4504</run_address>
         <size>0x10</size>
         <input_file_ref idref="fl-e8"/>
      </object_component>
      <object_component id="oc-eb">
         <name>.text:FPULazyStackingEnable</name>
         <load_address>0x4514</load_address>
         <run_address>0x4514</run_address>
         <size>0x10</size>
         <input_file_ref idref="fl-e8"/>
      </object_component>
      <object_component id="oc-f7">
         <name>.text:IntMasterEnable</name>
         <load_address>0x4524</load_address>
         <run_address>0x4524</run_address>
         <size>0x10</size>
         <input_file_ref idref="fl-ea"/>
      </object_component>
      <object_component id="oc-206">
         <name>.text:PWMGenPeriodSet</name>
         <load_address>0x4534</load_address>
         <run_address>0x4534</run_address>
         <size>0x10</size>
         <input_file_ref idref="fl-eb"/>
      </object_component>
      <object_component id="oc-1e5">
         <name>.text:QEIVelocityConfigure</name>
         <load_address>0x4544</load_address>
         <run_address>0x4544</run_address>
         <size>0x10</size>
         <input_file_ref idref="fl-ec"/>
      </object_component>
      <object_component id="oc-137">
         <name>.text:GPIOIntDisable</name>
         <load_address>0x4554</load_address>
         <run_address>0x4554</run_address>
         <size>0xe</size>
         <input_file_ref idref="fl-e9"/>
      </object_component>
      <object_component id="oc-a3">
         <name>.text:GPIOIntStatus</name>
         <load_address>0x4562</load_address>
         <run_address>0x4562</run_address>
         <size>0xe</size>
         <input_file_ref idref="fl-e9"/>
      </object_component>
      <object_component id="oc-1cf">
         <name>.text:QEIConfigure</name>
         <load_address>0x4570</load_address>
         <run_address>0x4570</run_address>
         <size>0xe</size>
         <input_file_ref idref="fl-ec"/>
      </object_component>
      <object_component id="oc-191">
         <name>.text:TimerEnable</name>
         <load_address>0x457e</load_address>
         <run_address>0x457e</run_address>
         <size>0xe</size>
         <input_file_ref idref="fl-ee"/>
      </object_component>
      <object_component id="oc-d9">
         <name>.text:UARTCharsAvail</name>
         <load_address>0x458c</load_address>
         <run_address>0x458c</run_address>
         <size>0xe</size>
         <input_file_ref idref="fl-ef"/>
      </object_component>
      <object_component id="oc-18">
         <name>.text:decompress:none</name>
         <load_address>0x459a</load_address>
         <run_address>0x459a</run_address>
         <size>0xe</size>
         <input_file_ref idref="fl-c6"/>
      </object_component>
      <object_component id="oc-2a4">
         <name>.text:CPUcpsie</name>
         <load_address>0x45a8</load_address>
         <run_address>0x45a8</run_address>
         <size>0xc</size>
         <input_file_ref idref="fl-f0"/>
      </object_component>
      <object_component id="oc-12b">
         <name>.text:GPIOIntEnable</name>
         <load_address>0x45b4</load_address>
         <run_address>0x45b4</run_address>
         <size>0xc</size>
         <input_file_ref idref="fl-e9"/>
      </object_component>
      <object_component id="oc-20c">
         <name>.text:PWMGenEnable</name>
         <load_address>0x45c0</load_address>
         <run_address>0x45c0</run_address>
         <size>0xc</size>
         <input_file_ref idref="fl-eb"/>
      </object_component>
      <object_component id="oc-24">
         <name>.text</name>
         <load_address>0x45cc</load_address>
         <run_address>0x45cc</run_address>
         <size>0xc</size>
         <input_file_ref idref="fl-3"/>
      </object_component>
      <object_component id="oc-16d">
         <name>.text:CANEnable</name>
         <load_address>0x45d8</load_address>
         <run_address>0x45d8</run_address>
         <size>0xa</size>
         <input_file_ref idref="fl-e7"/>
      </object_component>
      <object_component id="oc-1c3">
         <name>.text:QEIDisable</name>
         <load_address>0x45e2</load_address>
         <run_address>0x45e2</run_address>
         <size>0xa</size>
         <input_file_ref idref="fl-ec"/>
      </object_component>
      <object_component id="oc-1d5">
         <name>.text:QEIEnable</name>
         <load_address>0x45ec</load_address>
         <run_address>0x45ec</run_address>
         <size>0xa</size>
         <input_file_ref idref="fl-ec"/>
      </object_component>
      <object_component id="oc-1c9">
         <name>.text:QEIIntDisable</name>
         <load_address>0x45f6</load_address>
         <run_address>0x45f6</run_address>
         <size>0xa</size>
         <input_file_ref idref="fl-ec"/>
      </object_component>
      <object_component id="oc-1eb">
         <name>.text:QEIVelocityEnable</name>
         <load_address>0x4600</load_address>
         <run_address>0x4600</run_address>
         <size>0xa</size>
         <input_file_ref idref="fl-ec"/>
      </object_component>
      <object_component id="oc-8f">
         <name>.text:UARTCharGet</name>
         <load_address>0x460a</load_address>
         <run_address>0x460a</run_address>
         <size>0xa</size>
         <input_file_ref idref="fl-ef"/>
      </object_component>
      <object_component id="oc-89">
         <name>.text:UARTCharPut</name>
         <load_address>0x4614</load_address>
         <run_address>0x4614</run_address>
         <size>0xa</size>
         <input_file_ref idref="fl-ef"/>
      </object_component>
      <object_component id="oc-cd">
         <name>.text:UARTIntStatus</name>
         <load_address>0x461e</load_address>
         <run_address>0x461e</run_address>
         <size>0xa</size>
         <input_file_ref idref="fl-ef"/>
      </object_component>
      <object_component id="oc-167">
         <name>.text:CANIntEnable</name>
         <load_address>0x4628</load_address>
         <run_address>0x4628</run_address>
         <size>0x8</size>
         <input_file_ref idref="fl-e7"/>
      </object_component>
      <object_component id="oc-18b">
         <name>.text:TimerIntEnable</name>
         <load_address>0x4630</load_address>
         <run_address>0x4630</run_address>
         <size>0x8</size>
         <input_file_ref idref="fl-ee"/>
      </object_component>
      <object_component id="oc-103">
         <name>.text:UARTIntEnable</name>
         <load_address>0x4638</load_address>
         <run_address>0x4638</run_address>
         <size>0x8</size>
         <input_file_ref idref="fl-ef"/>
      </object_component>
      <object_component id="oc-a9">
         <name>.text:GPIOIntClear</name>
         <load_address>0x4640</load_address>
         <run_address>0x4640</run_address>
         <size>0x6</size>
         <input_file_ref idref="fl-e9"/>
      </object_component>
      <object_component id="oc-c7">
         <name>.text:GPIOPinWrite</name>
         <load_address>0x4646</load_address>
         <run_address>0x4646</run_address>
         <size>0x6</size>
         <input_file_ref idref="fl-e9"/>
      </object_component>
      <object_component id="oc-10f">
         <name>.text:SysCtlDelay</name>
         <load_address>0x464c</load_address>
         <run_address>0x464c</run_address>
         <size>0x6</size>
         <input_file_ref idref="fl-ed"/>
      </object_component>
      <object_component id="oc-21e">
         <name>.text:UARTClockSourceSet</name>
         <load_address>0x4652</load_address>
         <run_address>0x4652</run_address>
         <size>0x6</size>
         <input_file_ref idref="fl-ef"/>
      </object_component>
      <object_component id="oc-1b1">
         <name>.text:QEIPositionGet</name>
         <load_address>0x4658</load_address>
         <run_address>0x4658</run_address>
         <size>0x4</size>
         <input_file_ref idref="fl-ec"/>
      </object_component>
      <object_component id="oc-1b7">
         <name>.text:QEIPositionSet</name>
         <load_address>0x465c</load_address>
         <run_address>0x465c</run_address>
         <size>0x4</size>
         <input_file_ref idref="fl-ec"/>
      </object_component>
      <object_component id="oc-177">
         <name>.text:QEIVelocityGet</name>
         <load_address>0x4660</load_address>
         <run_address>0x4660</run_address>
         <size>0x4</size>
         <input_file_ref idref="fl-ec"/>
      </object_component>
      <object_component id="oc-c1">
         <name>.text:TimerIntClear</name>
         <load_address>0x4664</load_address>
         <run_address>0x4664</run_address>
         <size>0x4</size>
         <input_file_ref idref="fl-ee"/>
      </object_component>
      <object_component id="oc-d3">
         <name>.text:UARTIntClear</name>
         <load_address>0x4668</load_address>
         <run_address>0x4668</run_address>
         <size>0x4</size>
         <input_file_ref idref="fl-ef"/>
      </object_component>
      <object_component id="oc-31a">
         <name>.text:abort</name>
         <load_address>0x466c</load_address>
         <run_address>0x466c</run_address>
         <size>0x4</size>
         <input_file_ref idref="fl-d0"/>
      </object_component>
      <object_component id="oc-257">
         <name>.text</name>
         <load_address>0x4670</load_address>
         <run_address>0x4670</run_address>
         <size>0x4</size>
         <input_file_ref idref="fl-ce"/>
      </object_component>
      <object_component id="oc-29c">
         <name>.const:.string:_ctypes_</name>
         <load_address>0x4678</load_address>
         <run_address>0x4678</run_address>
         <size>0x101</size>
         <input_file_ref idref="fl-d5"/>
      </object_component>
      <object_component id="oc-110">
         <name>.const</name>
         <load_address>0x477c</load_address>
         <run_address>0x477c</run_address>
         <size>0x4</size>
         <input_file_ref idref="fl-2"/>
      </object_component>
      <object_component id="oc-417">
         <name>.const:$O1$$</name>
         <load_address>0x4780</load_address>
         <run_address>0x4780</run_address>
         <size>0xc8</size>
         <input_file_ref idref="fl-da"/>
      </object_component>
      <object_component id="oc-3bf">
         <name>.const:g_ppui32GPIOIntMapBlizzard</name>
         <load_address>0x4848</load_address>
         <run_address>0x4848</run_address>
         <size>0xc0</size>
         <input_file_ref idref="fl-e9"/>
      </object_component>
      <object_component id="oc-3c2">
         <name>.const:g_ppui32GPIOIntMapSnowflake</name>
         <load_address>0x4908</load_address>
         <run_address>0x4908</run_address>
         <size>0xc0</size>
         <input_file_ref idref="fl-e9"/>
      </object_component>
      <object_component id="oc-2e1">
         <name>.const:g_pui32GPIOBaseAddrs</name>
         <load_address>0x49c8</load_address>
         <run_address>0x49c8</run_address>
         <size>0x90</size>
         <input_file_ref idref="fl-e9"/>
      </object_component>
      <object_component id="oc-2b1">
         <name>.const:g_pui32Xtals</name>
         <load_address>0x4a58</load_address>
         <run_address>0x4a58</run_address>
         <size>0x6c</size>
         <input_file_ref idref="fl-ed"/>
      </object_component>
      <object_component id="oc-2e7">
         <name>.const:g_ui16CANBitValues</name>
         <load_address>0x4ac4</load_address>
         <run_address>0x4ac4</run_address>
         <size>0x20</size>
         <input_file_ref idref="fl-e7"/>
      </object_component>
      <object_component id="oc-2ab">
         <name>.const:g_pui32EnRegs</name>
         <load_address>0x4ae4</load_address>
         <run_address>0x4ae4</run_address>
         <size>0x14</size>
         <input_file_ref idref="fl-ea"/>
      </object_component>
      <object_component id="oc-2b5">
         <name>.const:.string</name>
         <load_address>0x4af8</load_address>
         <run_address>0x4af8</run_address>
         <size>0x12</size>
         <input_file_ref idref="fl-2"/>
      </object_component>
      <object_component id="oc-3a9">
         <name>.const:$O1$$</name>
         <load_address>0x4b0c</load_address>
         <run_address>0x4b0c</run_address>
         <size>0x10</size>
         <input_file_ref idref="fl-d2"/>
      </object_component>
      <object_component id="oc-9b">
         <name>.const:g_ui32UARTBase</name>
         <load_address>0x4b1c</load_address>
         <run_address>0x4b1c</run_address>
         <size>0xc</size>
         <input_file_ref idref="fl-2"/>
      </object_component>
      <object_component id="oc-95">
         <name>.const:g_ui32UARTPeriph</name>
         <load_address>0x4b28</load_address>
         <run_address>0x4b28</run_address>
         <size>0xc</size>
         <input_file_ref idref="fl-2"/>
      </object_component>
      <object_component id="oc-4ba">
         <name>.cinit..data.load</name>
         <load_address>0x4b38</load_address>
         <run_address>0x4b38</run_address>
         <size>0x31</size>
      </object_component>
      <object_component id="oc-4b7">
         <name>__TI_handler_table</name>
         <load_address>0x4b6c</load_address>
         <run_address>0x4b6c</run_address>
         <size>0xc</size>
      </object_component>
      <object_component id="oc-4bb">
         <name>.cinit..bss.load</name>
         <load_address>0x4b78</load_address>
         <run_address>0x4b78</run_address>
         <size>0x8</size>
      </object_component>
      <object_component id="oc-4b9">
         <name>.cinit..vtable.load</name>
         <load_address>0x4b80</load_address>
         <run_address>0x4b80</run_address>
         <size>0x8</size>
      </object_component>
      <object_component id="oc-4b8">
         <name>__TI_cinit_table</name>
         <load_address>0x4b88</load_address>
         <run_address>0x4b88</run_address>
         <size>0x18</size>
      </object_component>
      <object_component id="oc-3c6">
         <name>.vtable</name>
         <uninitialized>true</uninitialized>
         <run_address>0x20000000</run_address>
         <size>0x26c</size>
         <input_file_ref idref="fl-ea"/>
      </object_component>
      <object_component id="oc-98">
         <name>.data</name>
         <load_address>0x20000870</load_address>
         <run_address>0x20000870</run_address>
         <size>0xd7</size>
         <input_file_ref idref="fl-2"/>
      </object_component>
      <object_component id="oc-1f1">
         <name>.data:stateTable</name>
         <load_address>0x2000094c</load_address>
         <run_address>0x2000094c</run_address>
         <size>0x4</size>
         <input_file_ref idref="fl-2"/>
      </object_component>
      <object_component id="oc-400">
         <name>.data</name>
         <load_address>0x20000948</load_address>
         <run_address>0x20000948</run_address>
         <size>0x4</size>
         <input_file_ref idref="fl-e6"/>
      </object_component>
      <object_component id="oc-175">
         <name>.common:currPosition0</name>
         <uninitialized>true</uninitialized>
         <run_address>0x20000978</run_address>
         <size>0x4</size>
      </object_component>
      <object_component id="oc-176">
         <name>.common:currPosition1</name>
         <uninitialized>true</uninitialized>
         <run_address>0x2000097c</run_address>
         <size>0x4</size>
      </object_component>
      <object_component id="oc-17e">
         <name>.common:currVel0</name>
         <uninitialized>true</uninitialized>
         <run_address>0x20000980</run_address>
         <size>0x4</size>
      </object_component>
      <object_component id="oc-17d">
         <name>.common:currVel1</name>
         <uninitialized>true</uninitialized>
         <run_address>0x20000984</run_address>
         <size>0x4</size>
      </object_component>
      <object_component id="oc-174">
         <name>.common:sCANMessageTX</name>
         <uninitialized>true</uninitialized>
         <run_address>0x20000964</run_address>
         <size>0x14</size>
      </object_component>
      <object_component id="oc-140">
         <name>.common:ui32MsgDataTX</name>
         <uninitialized>true</uninitialized>
         <run_address>0x20000994</run_address>
         <size>0x4</size>
      </object_component>
      <object_component id="oc-13d">
         <name>.common:pui8MsgDataTX</name>
         <uninitialized>true</uninitialized>
         <run_address>0x2000098c</run_address>
         <size>0x4</size>
      </object_component>
      <object_component id="oc-173">
         <name>.common:sCANMessageRX</name>
         <uninitialized>true</uninitialized>
         <run_address>0x20000950</run_address>
         <size>0x14</size>
      </object_component>
      <object_component id="oc-141">
         <name>.common:ui32MsgDataRX</name>
         <uninitialized>true</uninitialized>
         <run_address>0x20000990</run_address>
         <size>0x4</size>
      </object_component>
      <object_component id="oc-148">
         <name>.common:pui8MsgDataRX</name>
         <uninitialized>true</uninitialized>
         <run_address>0x20000988</run_address>
         <size>0x4</size>
      </object_component>
      <object_component id="oc-21">
         <name>.stack</name>
         <uninitialized>true</uninitialized>
         <run_address>0x20000270</run_address>
         <size>0x4</size>
         <input_file_ref idref="fl-ca"/>
      </object_component>
      <object_component id="oc-4bc">
         <name>.stack</name>
         <uninitialized>true</uninitialized>
         <run_address>0x20000270</run_address>
         <size>0x0</size>
      </object_component>
      <object_component id="oc-13e">
         <name>.debug_info</name>
         <load_address>0x0</load_address>
         <run_address>0x0</run_address>
         <size>0x114a</size>
         <input_file_ref idref="fl-2"/>
      </object_component>
      <object_component id="oc-99">
         <name>.debug_info</name>
         <load_address>0x114a</load_address>
         <run_address>0x114a</run_address>
         <size>0x75c</size>
         <input_file_ref idref="fl-2"/>
      </object_component>
      <object_component id="oc-111">
         <name>.debug_info</name>
         <load_address>0x18a6</load_address>
         <run_address>0x18a6</run_address>
         <size>0xc5</size>
         <input_file_ref idref="fl-2"/>
      </object_component>
      <object_component id="oc-9c">
         <name>.debug_info</name>
         <load_address>0x196b</load_address>
         <run_address>0x196b</run_address>
         <size>0xd3</size>
         <input_file_ref idref="fl-2"/>
      </object_component>
      <object_component id="oc-96">
         <name>.debug_info</name>
         <load_address>0x1a3e</load_address>
         <run_address>0x1a3e</run_address>
         <size>0xd7</size>
         <input_file_ref idref="fl-2"/>
      </object_component>
      <object_component id="oc-1f2">
         <name>.debug_info</name>
         <load_address>0x1b15</load_address>
         <run_address>0x1b15</run_address>
         <size>0xcc</size>
         <input_file_ref idref="fl-2"/>
      </object_component>
      <object_component id="oc-2c">
         <name>.debug_info</name>
         <load_address>0x1be1</load_address>
         <run_address>0x1be1</run_address>
         <size>0x276f</size>
         <input_file_ref idref="fl-2"/>
      </object_component>
      <object_component id="oc-288">
         <name>.debug_info</name>
         <load_address>0x4350</load_address>
         <run_address>0x4350</run_address>
         <size>0x1b3</size>
         <input_file_ref idref="fl-2"/>
      </object_component>
      <object_component id="oc-230">
         <name>.debug_info</name>
         <load_address>0x4503</load_address>
         <run_address>0x4503</run_address>
         <size>0x8b</size>
         <input_file_ref idref="fl-2"/>
      </object_component>
      <object_component id="oc-22b">
         <name>.debug_info</name>
         <load_address>0x458e</load_address>
         <run_address>0x458e</run_address>
         <size>0x18b</size>
         <input_file_ref idref="fl-2"/>
      </object_component>
      <object_component id="oc-235">
         <name>.debug_info</name>
         <load_address>0x4719</load_address>
         <run_address>0x4719</run_address>
         <size>0x4e</size>
         <input_file_ref idref="fl-2"/>
      </object_component>
      <object_component id="oc-32">
         <name>.debug_info</name>
         <load_address>0x4767</load_address>
         <run_address>0x4767</run_address>
         <size>0x327</size>
         <input_file_ref idref="fl-3"/>
      </object_component>
      <object_component id="oc-10">
         <name>.debug_info</name>
         <load_address>0x4a8e</load_address>
         <run_address>0x4a8e</run_address>
         <size>0xe4</size>
         <input_file_ref idref="fl-3"/>
      </object_component>
      <object_component id="oc-26">
         <name>.debug_info</name>
         <load_address>0x4b72</load_address>
         <run_address>0x4b72</run_address>
         <size>0x260</size>
         <input_file_ref idref="fl-3"/>
      </object_component>
      <object_component id="oc-39">
         <name>.debug_info</name>
         <load_address>0x4dd2</load_address>
         <run_address>0x4dd2</run_address>
         <size>0x84</size>
         <input_file_ref idref="fl-3"/>
      </object_component>
      <object_component id="oc-1a5">
         <name>.debug_info</name>
         <load_address>0x4e56</load_address>
         <run_address>0x4e56</run_address>
         <size>0x132</size>
         <input_file_ref idref="fl-be"/>
      </object_component>
      <object_component id="oc-1a9">
         <name>.debug_info</name>
         <load_address>0x4f88</load_address>
         <run_address>0x4f88</run_address>
         <size>0x132</size>
         <input_file_ref idref="fl-bf"/>
      </object_component>
      <object_component id="oc-1ae">
         <name>.debug_info</name>
         <load_address>0x50ba</load_address>
         <run_address>0x50ba</run_address>
         <size>0x126</size>
         <input_file_ref idref="fl-c0"/>
      </object_component>
      <object_component id="oc-1e3">
         <name>.debug_info</name>
         <load_address>0x51e0</load_address>
         <run_address>0x51e0</run_address>
         <size>0x131</size>
         <input_file_ref idref="fl-c1"/>
      </object_component>
      <object_component id="oc-1a0">
         <name>.debug_info</name>
         <load_address>0x5311</load_address>
         <run_address>0x5311</run_address>
         <size>0x124</size>
         <input_file_ref idref="fl-c2"/>
      </object_component>
      <object_component id="oc-1dc">
         <name>.debug_info</name>
         <load_address>0x5435</load_address>
         <run_address>0x5435</run_address>
         <size>0x126</size>
         <input_file_ref idref="fl-c3"/>
      </object_component>
      <object_component id="oc-a1">
         <name>.debug_info</name>
         <load_address>0x555b</load_address>
         <run_address>0x555b</run_address>
         <size>0x13a</size>
         <input_file_ref idref="fl-c4"/>
      </object_component>
      <object_component id="oc-250">
         <name>.debug_info</name>
         <load_address>0x5695</load_address>
         <run_address>0x5695</run_address>
         <size>0x2c9</size>
         <input_file_ref idref="fl-c5"/>
      </object_component>
      <object_component id="oc-4b">
         <name>.debug_info</name>
         <load_address>0x595e</load_address>
         <run_address>0x595e</run_address>
         <size>0x1b4</size>
         <input_file_ref idref="fl-c5"/>
      </object_component>
      <object_component id="oc-24b">
         <name>.debug_info</name>
         <load_address>0x5b12</load_address>
         <run_address>0x5b12</run_address>
         <size>0x46</size>
         <input_file_ref idref="fl-c5"/>
      </object_component>
      <object_component id="oc-311">
         <name>.debug_info</name>
         <load_address>0x5b58</load_address>
         <run_address>0x5b58</run_address>
         <size>0x2c</size>
         <input_file_ref idref="fl-c5"/>
      </object_component>
      <object_component id="oc-49">
         <name>.debug_info</name>
         <load_address>0x5b84</load_address>
         <run_address>0x5b84</run_address>
         <size>0x2e4</size>
         <input_file_ref idref="fl-c6"/>
      </object_component>
      <object_component id="oc-1c">
         <name>.debug_info</name>
         <load_address>0x5e68</load_address>
         <run_address>0x5e68</run_address>
         <size>0x1df</size>
         <input_file_ref idref="fl-c6"/>
      </object_component>
      <object_component id="oc-44">
         <name>.debug_info</name>
         <load_address>0x6047</load_address>
         <run_address>0x6047</run_address>
         <size>0x46</size>
         <input_file_ref idref="fl-c6"/>
      </object_component>
      <object_component id="oc-243">
         <name>.debug_info</name>
         <load_address>0x608d</load_address>
         <run_address>0x608d</run_address>
         <size>0x2c</size>
         <input_file_ref idref="fl-c6"/>
      </object_component>
      <object_component id="oc-241">
         <name>.debug_info</name>
         <load_address>0x60b9</load_address>
         <run_address>0x60b9</run_address>
         <size>0x293</size>
         <input_file_ref idref="fl-c7"/>
      </object_component>
      <object_component id="oc-13">
         <name>.debug_info</name>
         <load_address>0x634c</load_address>
         <run_address>0x634c</run_address>
         <size>0x245</size>
         <input_file_ref idref="fl-c7"/>
      </object_component>
      <object_component id="oc-34">
         <name>.debug_info</name>
         <load_address>0x6591</load_address>
         <run_address>0x6591</run_address>
         <size>0x60</size>
         <input_file_ref idref="fl-c7"/>
      </object_component>
      <object_component id="oc-23c">
         <name>.debug_info</name>
         <load_address>0x65f1</load_address>
         <run_address>0x65f1</run_address>
         <size>0x46</size>
         <input_file_ref idref="fl-c7"/>
      </object_component>
      <object_component id="oc-27e">
         <name>.debug_info</name>
         <load_address>0x6637</load_address>
         <run_address>0x6637</run_address>
         <size>0x147</size>
         <input_file_ref idref="fl-c8"/>
      </object_component>
      <object_component id="oc-2a0">
         <name>.debug_info</name>
         <load_address>0x677e</load_address>
         <run_address>0x677e</run_address>
         <size>0x36f</size>
         <input_file_ref idref="fl-c9"/>
      </object_component>
      <object_component id="oc-e1">
         <name>.debug_info</name>
         <load_address>0x6aed</load_address>
         <run_address>0x6aed</run_address>
         <size>0x40a</size>
         <input_file_ref idref="fl-c9"/>
      </object_component>
      <object_component id="oc-22">
         <name>.debug_info</name>
         <load_address>0x6ef7</load_address>
         <run_address>0x6ef7</run_address>
         <size>0x100</size>
         <input_file_ref idref="fl-ca"/>
      </object_component>
      <object_component id="oc-5f">
         <name>.debug_info</name>
         <load_address>0x6ff7</load_address>
         <run_address>0x6ff7</run_address>
         <size>0x1a4</size>
         <input_file_ref idref="fl-ca"/>
      </object_component>
      <object_component id="oc-3f">
         <name>.debug_info</name>
         <load_address>0x719b</load_address>
         <run_address>0x719b</run_address>
         <size>0x111</size>
         <input_file_ref idref="fl-cb"/>
      </object_component>
      <object_component id="oc-254">
         <name>.debug_info</name>
         <load_address>0x72ac</load_address>
         <run_address>0x72ac</run_address>
         <size>0x13f</size>
         <input_file_ref idref="fl-cc"/>
      </object_component>
      <object_component id="oc-3df">
         <name>.debug_info</name>
         <load_address>0x73eb</load_address>
         <run_address>0x73eb</run_address>
         <size>0x4a8</size>
         <input_file_ref idref="fl-cd"/>
      </object_component>
      <object_component id="oc-328">
         <name>.debug_info</name>
         <load_address>0x7893</load_address>
         <run_address>0x7893</run_address>
         <size>0x19b</size>
         <input_file_ref idref="fl-cd"/>
      </object_component>
      <object_component id="oc-449">
         <name>.debug_info</name>
         <load_address>0x7a2e</load_address>
         <run_address>0x7a2e</run_address>
         <size>0x39</size>
         <input_file_ref idref="fl-cd"/>
      </object_component>
      <object_component id="oc-44e">
         <name>.debug_info</name>
         <load_address>0x7a67</load_address>
         <run_address>0x7a67</run_address>
         <size>0x39</size>
         <input_file_ref idref="fl-cd"/>
      </object_component>
      <object_component id="oc-453">
         <name>.debug_info</name>
         <load_address>0x7aa0</load_address>
         <run_address>0x7aa0</run_address>
         <size>0xcd</size>
         <input_file_ref idref="fl-cd"/>
      </object_component>
      <object_component id="oc-258">
         <name>.debug_info</name>
         <load_address>0x7b6d</load_address>
         <run_address>0x7b6d</run_address>
         <size>0x148</size>
         <input_file_ref idref="fl-ce"/>
      </object_component>
      <object_component id="oc-31d">
         <name>.debug_info</name>
         <load_address>0x7cb5</load_address>
         <run_address>0x7cb5</run_address>
         <size>0x117</size>
         <input_file_ref idref="fl-d0"/>
      </object_component>
      <object_component id="oc-3ab">
         <name>.debug_info</name>
         <load_address>0x7dcc</load_address>
         <run_address>0x7dcc</run_address>
         <size>0x5f0</size>
         <input_file_ref idref="fl-d2"/>
      </object_component>
      <object_component id="oc-297">
         <name>.debug_info</name>
         <load_address>0x83bc</load_address>
         <run_address>0x83bc</run_address>
         <size>0x8b5</size>
         <input_file_ref idref="fl-d2"/>
      </object_component>
      <object_component id="oc-3ad">
         <name>.debug_info</name>
         <load_address>0x8c71</load_address>
         <run_address>0x8c71</run_address>
         <size>0x9a</size>
         <input_file_ref idref="fl-d2"/>
      </object_component>
      <object_component id="oc-42c">
         <name>.debug_info</name>
         <load_address>0x8d0b</load_address>
         <run_address>0x8d0b</run_address>
         <size>0x2c</size>
         <input_file_ref idref="fl-d2"/>
      </object_component>
      <object_component id="oc-427">
         <name>.debug_info</name>
         <load_address>0x8d37</load_address>
         <run_address>0x8d37</run_address>
         <size>0x2ae</size>
         <input_file_ref idref="fl-d4"/>
      </object_component>
      <object_component id="oc-39f">
         <name>.debug_info</name>
         <load_address>0x8fe5</load_address>
         <run_address>0x8fe5</run_address>
         <size>0x171</size>
         <input_file_ref idref="fl-d4"/>
      </object_component>
      <object_component id="oc-3b4">
         <name>.debug_info</name>
         <load_address>0x9156</load_address>
         <run_address>0x9156</run_address>
         <size>0xee</size>
         <input_file_ref idref="fl-d5"/>
      </object_component>
      <object_component id="oc-29d">
         <name>.debug_info</name>
         <load_address>0x9244</load_address>
         <run_address>0x9244</run_address>
         <size>0xfa</size>
         <input_file_ref idref="fl-d5"/>
      </object_component>
      <object_component id="oc-429">
         <name>.debug_info</name>
         <load_address>0x933e</load_address>
         <run_address>0x933e</run_address>
         <size>0x28f</size>
         <input_file_ref idref="fl-d6"/>
      </object_component>
      <object_component id="oc-3a4">
         <name>.debug_info</name>
         <load_address>0x95cd</load_address>
         <run_address>0x95cd</run_address>
         <size>0x245</size>
         <input_file_ref idref="fl-d6"/>
      </object_component>
      <object_component id="oc-423">
         <name>.debug_info</name>
         <load_address>0x9812</load_address>
         <run_address>0x9812</run_address>
         <size>0x299</size>
         <input_file_ref idref="fl-d7"/>
      </object_component>
      <object_component id="oc-392">
         <name>.debug_info</name>
         <load_address>0x9aab</load_address>
         <run_address>0x9aab</run_address>
         <size>0x231</size>
         <input_file_ref idref="fl-d7"/>
      </object_component>
      <object_component id="oc-425">
         <name>.debug_info</name>
         <load_address>0x9cdc</load_address>
         <run_address>0x9cdc</run_address>
         <size>0x284</size>
         <input_file_ref idref="fl-d8"/>
      </object_component>
      <object_component id="oc-39b">
         <name>.debug_info</name>
         <load_address>0x9f60</load_address>
         <run_address>0x9f60</run_address>
         <size>0x22a</size>
         <input_file_ref idref="fl-d8"/>
      </object_component>
      <object_component id="oc-3f5">
         <name>.debug_info</name>
         <load_address>0xa18a</load_address>
         <run_address>0xa18a</run_address>
         <size>0x28b</size>
         <input_file_ref idref="fl-d9"/>
      </object_component>
      <object_component id="oc-369">
         <name>.debug_info</name>
         <load_address>0xa415</load_address>
         <run_address>0xa415</run_address>
         <size>0x24a</size>
         <input_file_ref idref="fl-d9"/>
      </object_component>
      <object_component id="oc-41b">
         <name>.debug_info</name>
         <load_address>0xa65f</load_address>
         <run_address>0xa65f</run_address>
         <size>0x41d</size>
         <input_file_ref idref="fl-da"/>
      </object_component>
      <object_component id="oc-418">
         <name>.debug_info</name>
         <load_address>0xaa7c</load_address>
         <run_address>0xaa7c</run_address>
         <size>0x118</size>
         <input_file_ref idref="fl-da"/>
      </object_component>
      <object_component id="oc-37c">
         <name>.debug_info</name>
         <load_address>0xab94</load_address>
         <run_address>0xab94</run_address>
         <size>0x4a3</size>
         <input_file_ref idref="fl-da"/>
      </object_component>
      <object_component id="oc-41f">
         <name>.debug_info</name>
         <load_address>0xb037</load_address>
         <run_address>0xb037</run_address>
         <size>0x2f0</size>
         <input_file_ref idref="fl-db"/>
      </object_component>
      <object_component id="oc-389">
         <name>.debug_info</name>
         <load_address>0xb327</load_address>
         <run_address>0xb327</run_address>
         <size>0x267</size>
         <input_file_ref idref="fl-db"/>
      </object_component>
      <object_component id="oc-421">
         <name>.debug_info</name>
         <load_address>0xb58e</load_address>
         <run_address>0xb58e</run_address>
         <size>0x2f1</size>
         <input_file_ref idref="fl-dc"/>
      </object_component>
      <object_component id="oc-38c">
         <name>.debug_info</name>
         <load_address>0xb87f</load_address>
         <run_address>0xb87f</run_address>
         <size>0x2ab</size>
         <input_file_ref idref="fl-dc"/>
      </object_component>
      <object_component id="oc-406">
         <name>.debug_info</name>
         <load_address>0xbb2a</load_address>
         <run_address>0xbb2a</run_address>
         <size>0x2f1</size>
         <input_file_ref idref="fl-dd"/>
      </object_component>
      <object_component id="oc-378">
         <name>.debug_info</name>
         <load_address>0xbe1b</load_address>
         <run_address>0xbe1b</run_address>
         <size>0x20d</size>
         <input_file_ref idref="fl-dd"/>
      </object_component>
      <object_component id="oc-404">
         <name>.debug_info</name>
         <load_address>0xc028</load_address>
         <run_address>0xc028</run_address>
         <size>0x2f2</size>
         <input_file_ref idref="fl-de"/>
      </object_component>
      <object_component id="oc-36f">
         <name>.debug_info</name>
         <load_address>0xc31a</load_address>
         <run_address>0xc31a</run_address>
         <size>0x230</size>
         <input_file_ref idref="fl-de"/>
      </object_component>
      <object_component id="oc-46d">
         <name>.debug_info</name>
         <load_address>0xc54a</load_address>
         <run_address>0xc54a</run_address>
         <size>0x316</size>
         <input_file_ref idref="fl-df"/>
      </object_component>
      <object_component id="oc-412">
         <name>.debug_info</name>
         <load_address>0xc860</load_address>
         <run_address>0xc860</run_address>
         <size>0x1c6</size>
         <input_file_ref idref="fl-df"/>
      </object_component>
      <object_component id="oc-46e">
         <name>.debug_info</name>
         <load_address>0xca26</load_address>
         <run_address>0xca26</run_address>
         <size>0x2c</size>
         <input_file_ref idref="fl-df"/>
      </object_component>
      <object_component id="oc-468">
         <name>.debug_info</name>
         <load_address>0xca52</load_address>
         <run_address>0xca52</run_address>
         <size>0x156</size>
         <input_file_ref idref="fl-e0"/>
      </object_component>
      <object_component id="oc-40a">
         <name>.debug_info</name>
         <load_address>0xcba8</load_address>
         <run_address>0xcba8</run_address>
         <size>0x144</size>
         <input_file_ref idref="fl-e1"/>
      </object_component>
      <object_component id="oc-40e">
         <name>.debug_info</name>
         <load_address>0xccec</load_address>
         <run_address>0xccec</run_address>
         <size>0x120</size>
         <input_file_ref idref="fl-e2"/>
      </object_component>
      <object_component id="oc-381">
         <name>.debug_info</name>
         <load_address>0xce0c</load_address>
         <run_address>0xce0c</run_address>
         <size>0x136</size>
         <input_file_ref idref="fl-e3"/>
      </object_component>
      <object_component id="oc-3f7">
         <name>.debug_info</name>
         <load_address>0xcf42</load_address>
         <run_address>0xcf42</run_address>
         <size>0x11a</size>
         <input_file_ref idref="fl-e4"/>
      </object_component>
      <object_component id="oc-3fc">
         <name>.debug_info</name>
         <load_address>0xd05c</load_address>
         <run_address>0xd05c</run_address>
         <size>0x17d</size>
         <input_file_ref idref="fl-e5"/>
      </object_component>
      <object_component id="oc-401">
         <name>.debug_info</name>
         <load_address>0xd1d9</load_address>
         <run_address>0xd1d9</run_address>
         <size>0xf3</size>
         <input_file_ref idref="fl-e6"/>
      </object_component>
      <object_component id="oc-28d">
         <name>.debug_info</name>
         <load_address>0xd2cc</load_address>
         <run_address>0xd2cc</run_address>
         <size>0x36c</size>
         <input_file_ref idref="fl-e7"/>
      </object_component>
      <object_component id="oc-2e8">
         <name>.debug_info</name>
         <load_address>0xd638</load_address>
         <run_address>0xd638</run_address>
         <size>0x10d</size>
         <input_file_ref idref="fl-e7"/>
      </object_component>
      <object_component id="oc-b6">
         <name>.debug_info</name>
         <load_address>0xd745</load_address>
         <run_address>0xd745</run_address>
         <size>0x1ef</size>
         <input_file_ref idref="fl-e7"/>
      </object_component>
      <object_component id="oc-2dc">
         <name>.debug_info</name>
         <load_address>0xd934</load_address>
         <run_address>0xd934</run_address>
         <size>0x246</size>
         <input_file_ref idref="fl-e7"/>
      </object_component>
      <object_component id="oc-14b">
         <name>.debug_info</name>
         <load_address>0xdb7a</load_address>
         <run_address>0xdb7a</run_address>
         <size>0x37c</size>
         <input_file_ref idref="fl-e7"/>
      </object_component>
      <object_component id="oc-2d4">
         <name>.debug_info</name>
         <load_address>0xdef6</load_address>
         <run_address>0xdef6</run_address>
         <size>0x247</size>
         <input_file_ref idref="fl-e7"/>
      </object_component>
      <object_component id="oc-143">
         <name>.debug_info</name>
         <load_address>0xe13d</load_address>
         <run_address>0xe13d</run_address>
         <size>0x351</size>
         <input_file_ref idref="fl-e7"/>
      </object_component>
      <object_component id="oc-b0">
         <name>.debug_info</name>
         <load_address>0xe48e</load_address>
         <run_address>0xe48e</run_address>
         <size>0x1f5</size>
         <input_file_ref idref="fl-e7"/>
      </object_component>
      <object_component id="oc-168">
         <name>.debug_info</name>
         <load_address>0xe683</load_address>
         <run_address>0xe683</run_address>
         <size>0x1f3</size>
         <input_file_ref idref="fl-e7"/>
      </object_component>
      <object_component id="oc-bc">
         <name>.debug_info</name>
         <load_address>0xe876</load_address>
         <run_address>0xe876</run_address>
         <size>0x1ef</size>
         <input_file_ref idref="fl-e7"/>
      </object_component>
      <object_component id="oc-15c">
         <name>.debug_info</name>
         <load_address>0xea65</load_address>
         <run_address>0xea65</run_address>
         <size>0x1d5</size>
         <input_file_ref idref="fl-e7"/>
      </object_component>
      <object_component id="oc-16e">
         <name>.debug_info</name>
         <load_address>0xec3a</load_address>
         <run_address>0xec3a</run_address>
         <size>0x1ab</size>
         <input_file_ref idref="fl-e7"/>
      </object_component>
      <object_component id="oc-162">
         <name>.debug_info</name>
         <load_address>0xede5</load_address>
         <run_address>0xede5</run_address>
         <size>0x2c9</size>
         <input_file_ref idref="fl-e7"/>
      </object_component>
      <object_component id="oc-ec">
         <name>.debug_info</name>
         <load_address>0xf0ae</load_address>
         <run_address>0xf0ae</run_address>
         <size>0x18e</size>
         <input_file_ref idref="fl-e8"/>
      </object_component>
      <object_component id="oc-f2">
         <name>.debug_info</name>
         <load_address>0xf23c</load_address>
         <run_address>0xf23c</run_address>
         <size>0x176</size>
         <input_file_ref idref="fl-e8"/>
      </object_component>
      <object_component id="oc-285">
         <name>.debug_info</name>
         <load_address>0xf3b2</load_address>
         <run_address>0xf3b2</run_address>
         <size>0x375</size>
         <input_file_ref idref="fl-e9"/>
      </object_component>
      <object_component id="oc-3c0">
         <name>.debug_info</name>
         <load_address>0xf727</load_address>
         <run_address>0xf727</run_address>
         <size>0x11e</size>
         <input_file_ref idref="fl-e9"/>
      </object_component>
      <object_component id="oc-3c3">
         <name>.debug_info</name>
         <load_address>0xf845</load_address>
         <run_address>0xf845</run_address>
         <size>0x120</size>
         <input_file_ref idref="fl-e9"/>
      </object_component>
      <object_component id="oc-2e2">
         <name>.debug_info</name>
         <load_address>0xf965</load_address>
         <run_address>0xf965</run_address>
         <size>0x112</size>
         <input_file_ref idref="fl-e9"/>
      </object_component>
      <object_component id="oc-c8">
         <name>.debug_info</name>
         <load_address>0xfa77</load_address>
         <run_address>0xfa77</run_address>
         <size>0x20c</size>
         <input_file_ref idref="fl-e9"/>
      </object_component>
      <object_component id="oc-2b9">
         <name>.debug_info</name>
         <load_address>0xfc83</load_address>
         <run_address>0xfc83</run_address>
         <size>0x21c</size>
         <input_file_ref idref="fl-e9"/>
      </object_component>
      <object_component id="oc-11a">
         <name>.debug_info</name>
         <load_address>0xfe9f</load_address>
         <run_address>0xfe9f</run_address>
         <size>0x27f</size>
         <input_file_ref idref="fl-e9"/>
      </object_component>
      <object_component id="oc-226">
         <name>.debug_info</name>
         <load_address>0x1011e</load_address>
         <run_address>0x1011e</run_address>
         <size>0x1fb</size>
         <input_file_ref idref="fl-e9"/>
      </object_component>
      <object_component id="oc-1bf">
         <name>.debug_info</name>
         <load_address>0x10319</load_address>
         <run_address>0x10319</run_address>
         <size>0x1f9</size>
         <input_file_ref idref="fl-e9"/>
      </object_component>
      <object_component id="oc-1fc">
         <name>.debug_info</name>
         <load_address>0x10512</load_address>
         <run_address>0x10512</run_address>
         <size>0x1f9</size>
         <input_file_ref idref="fl-e9"/>
      </object_component>
      <object_component id="oc-133">
         <name>.debug_info</name>
         <load_address>0x1070b</load_address>
         <run_address>0x1070b</run_address>
         <size>0x220</size>
         <input_file_ref idref="fl-e9"/>
      </object_component>
      <object_component id="oc-115">
         <name>.debug_info</name>
         <load_address>0x1092b</load_address>
         <run_address>0x1092b</run_address>
         <size>0x205</size>
         <input_file_ref idref="fl-e9"/>
      </object_component>
      <object_component id="oc-157">
         <name>.debug_info</name>
         <load_address>0x10b30</load_address>
         <run_address>0x10b30</run_address>
         <size>0x1f9</size>
         <input_file_ref idref="fl-e9"/>
      </object_component>
      <object_component id="oc-151">
         <name>.debug_info</name>
         <load_address>0x10d29</load_address>
         <run_address>0x10d29</run_address>
         <size>0x1e9</size>
         <input_file_ref idref="fl-e9"/>
      </object_component>
      <object_component id="oc-2c3">
         <name>.debug_info</name>
         <load_address>0x10f12</load_address>
         <run_address>0x10f12</run_address>
         <size>0x1e7</size>
         <input_file_ref idref="fl-e9"/>
      </object_component>
      <object_component id="oc-121">
         <name>.debug_info</name>
         <load_address>0x110f9</load_address>
         <run_address>0x110f9</run_address>
         <size>0x224</size>
         <input_file_ref idref="fl-e9"/>
      </object_component>
      <object_component id="oc-a5">
         <name>.debug_info</name>
         <load_address>0x1131d</load_address>
         <run_address>0x1131d</run_address>
         <size>0x1e8</size>
         <input_file_ref idref="fl-e9"/>
      </object_component>
      <object_component id="oc-127">
         <name>.debug_info</name>
         <load_address>0x11505</load_address>
         <run_address>0x11505</run_address>
         <size>0x238</size>
         <input_file_ref idref="fl-e9"/>
      </object_component>
      <object_component id="oc-12d">
         <name>.debug_info</name>
         <load_address>0x1173d</load_address>
         <run_address>0x1173d</run_address>
         <size>0x1f8</size>
         <input_file_ref idref="fl-e9"/>
      </object_component>
      <object_component id="oc-139">
         <name>.debug_info</name>
         <load_address>0x11935</load_address>
         <run_address>0x11935</run_address>
         <size>0x1fa</size>
         <input_file_ref idref="fl-e9"/>
      </object_component>
      <object_component id="oc-ab">
         <name>.debug_info</name>
[...]
         <object_component_ref idref="oc-1a7"/>
      </symbol>
      <symbol id="sm-2c4">
         <name>__aeabi_d2iz</name>
         <value>0x3ee9</value>
         <object_component_ref idref="oc-1ac"/>
      </symbol>
      <symbol id="sm-2ce">
         <name>__aeabi_d2uiz</name>
         <value>0x3fbd</value>
         <object_component_ref idref="oc-1e0"/>
      </symbol>
      <symbol id="sm-2d9">
         <name>__aeabi_f2d</name>
         <value>0x41a5</value>
         <object_component_ref idref="oc-19d"/>
      </symbol>
      <symbol id="sm-2e3">
         <name>__aeabi_ui2d</name>
         <value>0x4345</value>
         <object_component_ref idref="oc-1db"/>
      </symbol>
      <symbol id="sm-2f2">
         <name>__aeabi_uidivmod</name>
         <value>0x4081</value>
         <object_component_ref idref="oc-9e"/>
      </symbol>
      <symbol id="sm-2f3">
         <name>__aeabi_uidiv</name>
         <value>0x4081</value>
         <object_component_ref idref="oc-9e"/>
      </symbol>
      <symbol id="sm-30c">
         <name>__TI_zero_init_nomemset</name>
         <value>0x44f1</value>
         <object_component_ref idref="oc-4a"/>
      </symbol>
      <symbol id="sm-323">
         <name>__TI_decompress_none</name>
         <value>0x459b</value>
         <object_component_ref idref="oc-18"/>
      </symbol>
      <symbol id="sm-341">
         <name>__TI_decompress_lzss</name>
         <value>0x3d31</value>
         <object_component_ref idref="oc-12"/>
      </symbol>
      <symbol id="sm-34b">
         <name>__aeabi_idiv0</name>
         <value>0x2d3f</value>
         <object_component_ref idref="oc-27d"/>
      </symbol>
      <symbol id="sm-36d">
         <name>sscanf</name>
         <value>0x3997</value>
         <object_component_ref idref="oc-df"/>
      </symbol>
      <symbol id="sm-36e">
         <name>vsscanf</name>
         <value>0x3985</value>
         <object_component_ref idref="oc-df"/>
      </symbol>
      <symbol id="sm-381">
         <name>__stack</name>
         <value>0x20000270</value>
         <object_component_ref idref="oc-21"/>
      </symbol>
      <symbol id="sm-382">
         <name>_c_int00_noargs</name>
         <value>0x416d</value>
         <object_component_ref idref="oc-5c"/>
      </symbol>
      <symbol id="sm-39d">
         <name>memcpy</name>
         <value>0x3a51</value>
         <object_component_ref idref="oc-3e"/>
      </symbol>
      <symbol id="sm-39e">
         <name>__aeabi_memcpy</name>
         <value>0x3a51</value>
         <object_component_ref idref="oc-3e"/>
      </symbol>
      <symbol id="sm-39f">
         <name>__aeabi_memcpy8</name>
         <value>0x3a51</value>
         <object_component_ref idref="oc-3e"/>
      </symbol>
      <symbol id="sm-3a0">
         <name>__aeabi_memcpy4</name>
         <value>0x3a51</value>
         <object_component_ref idref="oc-3e"/>
      </symbol>
      <symbol id="sm-3af">
         <name>__aeabi_memset</name>
         <value>0x3b75</value>
         <object_component_ref idref="oc-251"/>
      </symbol>
      <symbol id="sm-3b0">
         <name>memset</name>
         <value>0x3b7b</value>
         <object_component_ref idref="oc-251"/>
      </symbol>
      <symbol id="sm-3b1">
         <name>__aeabi_memset8</name>
         <value>0x3b75</value>
         <object_component_ref idref="oc-251"/>
      </symbol>
      <symbol id="sm-3b2">
         <name>__aeabi_memset4</name>
         <value>0x3b75</value>
         <object_component_ref idref="oc-251"/>
      </symbol>
      <symbol id="sm-3b3">
         <name>__aeabi_memclr8</name>
         <value>0x3b73</value>
         <object_component_ref idref="oc-251"/>
      </symbol>
      <symbol id="sm-3b4">
         <name>__aeabi_memclr4</name>
         <value>0x3b73</value>
         <object_component_ref idref="oc-251"/>
      </symbol>
      <symbol id="sm-3b5">
         <name>__aeabi_memclr</name>
         <value>0x3b73</value>
         <object_component_ref idref="oc-251"/>
      </symbol>
      <symbol id="sm-3d8">
         <name>__TI_auto_init_nobinit_nopinit</name>
         <value>0x3f79</value>
         <object_component_ref idref="oc-326"/>
      </symbol>
      <symbol id="sm-3e2">
         <name>_system_pre_init</name>
         <value>0x4671</value>
         <object_component_ref idref="oc-257"/>
      </symbol>
      <symbol id="sm-3ee">
         <name>C$$EXIT</name>
         <value>0x466d</value>
         <object_component_ref idref="oc-31a"/>
      </symbol>
      <symbol id="sm-3ef">
         <name>abort</name>
         <value>0x466d</value>
         <object_component_ref idref="oc-31a"/>
      </symbol>
      <symbol id="sm-494">
         <name>__TI_scanfi</name>
         <value>0x1945</value>
         <object_component_ref idref="oc-296"/>
      </symbol>
      <symbol id="sm-4ab">
         <name>atoi</name>
         <value>0x3e9d</value>
         <object_component_ref idref="oc-39d"/>
      </symbol>
      <symbol id="sm-4b6">
         <name>_ctypes_</name>
         <value>0x4678</value>
         <object_component_ref idref="oc-29c"/>
      </symbol>
      <symbol id="sm-4c6">
         <name>strchr</name>
         <value>0x4451</value>
         <object_component_ref idref="oc-3a3"/>
      </symbol>
      <symbol id="sm-4d4">
         <name>strcpy</name>
         <value>0x44a5</value>
         <object_component_ref idref="oc-391"/>
      </symbol>
      <symbol id="sm-4e2">
         <name>strlen</name>
         <value>0x44b9</value>
         <object_component_ref idref="oc-397"/>
      </symbol>
      <symbol id="sm-4f1">
         <name>strrchr</name>
         <value>0x43cb</value>
         <object_component_ref idref="oc-368"/>
      </symbol>
      <symbol id="sm-551">
         <name>strtold</name>
         <value>0x235d</value>
         <object_component_ref idref="oc-37a"/>
      </symbol>
      <symbol id="sm-552">
         <name>strtod</name>
         <value>0x235d</value>
         <object_component_ref idref="oc-37a"/>
      </symbol>
      <symbol id="sm-577">
         <name>strtol</name>
         <value>0x2fd5</value>
         <object_component_ref idref="oc-385"/>
      </symbol>
      <symbol id="sm-59e">
         <name>strtoll</name>
         <value>0x29ad</value>
         <object_component_ref idref="oc-38b"/>
      </symbol>
      <symbol id="sm-5bf">
         <name>strtoul</name>
         <value>0x336d</value>
         <object_component_ref idref="oc-374"/>
      </symbol>
      <symbol id="sm-5e3">
         <name>strtoull</name>
         <value>0x2d41</value>
         <object_component_ref idref="oc-36e"/>
      </symbol>
      <symbol id="sm-605">
         <name>scalbn</name>
         <value>0x3891</value>
         <object_component_ref idref="oc-411"/>
      </symbol>
      <symbol id="sm-606">
         <name>scalbnl</name>
         <value>0x3891</value>
         <object_component_ref idref="oc-411"/>
      </symbol>
      <symbol id="sm-607">
         <name>ldexpl</name>
         <value>0x3891</value>
         <object_component_ref idref="oc-411"/>
      </symbol>
      <symbol id="sm-608">
         <name>ldexp</name>
         <value>0x3891</value>
         <object_component_ref idref="oc-411"/>
      </symbol>
      <symbol id="sm-612">
         <name>copysign</name>
         <value>0x4491</value>
         <object_component_ref idref="oc-466"/>
      </symbol>
      <symbol id="sm-613">
         <name>copysignl</name>
         <value>0x4491</value>
         <object_component_ref idref="oc-466"/>
      </symbol>
      <symbol id="sm-62a">
         <name>__aeabi_dsub</name>
         <value>0x2b89</value>
         <object_component_ref idref="oc-407"/>
      </symbol>
      <symbol id="sm-62b">
         <name>__aeabi_dadd</name>
         <value>0x2b93</value>
         <object_component_ref idref="oc-407"/>
      </symbol>
      <symbol id="sm-63d">
         <name>__aeabi_cdcmpeq</name>
         <value>0x3aed</value>
         <object_component_ref idref="oc-40c"/>
      </symbol>
      <symbol id="sm-63e">
         <name>__aeabi_cdcmple</name>
         <value>0x3aed</value>
         <object_component_ref idref="oc-40c"/>
      </symbol>
      <symbol id="sm-64a">
         <name>__aeabi_d2f</name>
         <value>0x3bed</value>
         <object_component_ref idref="oc-380"/>
      </symbol>
      <symbol id="sm-653">
         <name>__aeabi_lmul</name>
         <value>0x43b3</value>
         <object_component_ref idref="oc-3f6"/>
      </symbol>
      <symbol id="sm-66f">
         <name>__aeabi_uldivmod</name>
         <value>0x27b9</value>
         <object_component_ref idref="oc-3fb"/>
      </symbol>
      <symbol id="sm-677">
         <name>errno</name>
         <value>0x20000948</value>
         <object_component_ref idref="oc-400"/>
      </symbol>
      <symbol id="sm-714">
         <name>CANMessageGet</name>
         <value>0x3591</value>
         <object_component_ref idref="oc-142"/>
      </symbol>
      <symbol id="sm-715">
         <name>CANBitRateSet</name>
         <value>0x3c5d</value>
         <object_component_ref idref="oc-161"/>
      </symbol>
      <symbol id="sm-716">
         <name>CANEnable</name>
         <value>0x45d9</value>
         <object_component_ref idref="oc-16d"/>
      </symbol>
      <symbol id="sm-717">
         <name>CANStatusGet</name>
         <value>0x4001</value>
         <object_component_ref idref="oc-b5"/>
      </symbol>
      <symbol id="sm-718">
         <name>CANMessageSet</name>
         <value>0x323b</value>
         <object_component_ref idref="oc-149"/>
      </symbol>
      <symbol id="sm-719">
         <name>CANIntClear</name>
         <value>0x42bf</value>
         <object_component_ref idref="oc-bb"/>
      </symbol>
      <symbol id="sm-71a">
         <name>CANIntStatus</name>
         <value>0x4303</value>
         <object_component_ref idref="oc-af"/>
      </symbol>
      <symbol id="sm-71b">
         <name>CANInit</name>
         <value>0x40c1</value>
         <object_component_ref idref="oc-15b"/>
      </symbol>
      <symbol id="sm-71c">
         <name>CANIntEnable</name>
         <value>0x4629</value>
         <object_component_ref idref="oc-167"/>
      </symbol>
      <symbol id="sm-732">
         <name>FPULazyStackingEnable</name>
         <value>0x4515</value>
         <object_component_ref idref="oc-eb"/>
      </symbol>
      <symbol id="sm-733">
         <name>FPUEnable</name>
         <value>0x4505</value>
         <object_component_ref idref="oc-f1"/>
      </symbol>
      <symbol id="sm-7e5">
         <name>GPIOPinTypePWM</name>
         <value>0x440f</value>
         <object_component_ref idref="oc-1fa"/>
      </symbol>
      <symbol id="sm-7e6">
         <name>GPIOIntRegister</name>
         <value>0x4383</value>
         <object_component_ref idref="oc-125"/>
      </symbol>
      <symbol id="sm-7e7">
         <name>GPIOPinConfigure</name>
         <value>0x3e51</value>
         <object_component_ref idref="oc-14f"/>
      </symbol>
      <symbol id="sm-7e8">
         <name>GPIOIntDisable</name>
         <value>0x4555</value>
         <object_component_ref idref="oc-137"/>
      </symbol>
      <symbol id="sm-7e9">
         <name>GPIOIntEnable</name>
         <value>0x45b5</value>
         <object_component_ref idref="oc-12b"/>
      </symbol>
      <symbol id="sm-7ea">
         <name>GPIOIntTypeSet</name>
         <value>0x3df9</value>
         <object_component_ref idref="oc-11f"/>
      </symbol>
      <symbol id="sm-7eb">
         <name>GPIOPinTypeGPIOInput</name>
         <value>0x43f9</value>
         <object_component_ref idref="oc-113"/>
      </symbol>
      <symbol id="sm-7ec">
         <name>GPIOIntClear</name>
         <value>0x4641</value>
         <object_component_ref idref="oc-a9"/>
      </symbol>
      <symbol id="sm-7ed">
         <name>GPIOPinTypeUART</name>
         <value>0x443b</value>
         <object_component_ref idref="oc-224"/>
      </symbol>
      <symbol id="sm-7ee">
         <name>GPIOIntStatus</name>
         <value>0x4563</value>
         <object_component_ref idref="oc-a3"/>
      </symbol>
      <symbol id="sm-7ef">
         <name>GPIOPinTypeGPIOOutput</name>
         <value>0x439b</value>
         <object_component_ref idref="oc-131"/>
      </symbol>
      <symbol id="sm-7f0">
         <name>GPIODirModeSet</name>
         <value>0x4245</value>
         <object_component_ref idref="oc-2b8"/>
      </symbol>
      <symbol id="sm-7f1">
         <name>GPIOPinTypeQEI</name>
         <value>0x4425</value>
         <object_component_ref idref="oc-1bd"/>
      </symbol>
      <symbol id="sm-7f2">
         <name>GPIOPinWrite</name>
         <value>0x4647</value>
         <object_component_ref idref="oc-c7"/>
      </symbol>
      <symbol id="sm-7f3">
         <name>GPIOPadConfigSet</name>
         <value>0x3109</value>
         <object_component_ref idref="oc-119"/>
      </symbol>
      <symbol id="sm-7f4">
         <name>GPIOPinTypeCAN</name>
         <value>0x43e3</value>
         <object_component_ref idref="oc-155"/>
      </symbol>
      <symbol id="sm-82e">
         <name>IntEnable</name>
         <value>0x3cc9</value>
         <object_component_ref idref="oc-fd"/>
      </symbol>
      <symbol id="sm-82f">
         <name>IntRegister</name>
         <value>0x41dd</value>
         <object_component_ref idref="oc-2c7"/>
      </symbol>
      <symbol id="sm-830">
         <name>g_pfnRAMVectors</name>
         <value>0x20000000</value>
         <object_component_ref idref="oc-3c6"/>
      </symbol>
      <symbol id="sm-831">
         <name>IntMasterEnable</name>
         <value>0x4525</value>
         <object_component_ref idref="oc-f7"/>
      </symbol>
      <symbol id="sm-85e">
         <name>PWMGenPeriodSet</name>
         <value>0x4535</value>
         <object_component_ref idref="oc-206"/>
      </symbol>
      <symbol id="sm-85f">
         <name>PWMPulseWidthSet</name>
         <value>0x4365</value>
         <object_component_ref idref="oc-197"/>
      </symbol>
      <symbol id="sm-860">
         <name>PWMOutputState</name>
         <value>0x44cd</value>
         <object_component_ref idref="oc-212"/>
      </symbol>
      <symbol id="sm-861">
         <name>PWMGenEnable</name>
         <value>0x45c1</value>
         <object_component_ref idref="oc-20c"/>
      </symbol>
      <symbol id="sm-862">
         <name>PWMGenConfigure</name>
         <value>0x42e1</value>
         <object_component_ref idref="oc-200"/>
      </symbol>
      <symbol id="sm-8af">
         <name>QEIPositionGet</name>
         <value>0x4659</value>
         <object_component_ref idref="oc-1b1"/>
      </symbol>
      <symbol id="sm-8b0">
         <name>QEIVelocityGet</name>
         <value>0x4661</value>
         <object_component_ref idref="oc-177"/>
      </symbol>
      <symbol id="sm-8b1">
         <name>QEIVelocityConfigure</name>
         <value>0x4545</value>
         <object_component_ref idref="oc-1e5"/>
      </symbol>
      <symbol id="sm-8b2">
         <name>QEIIntDisable</name>
         <value>0x45f7</value>
         <object_component_ref idref="oc-1c9"/>
      </symbol>
      <symbol id="sm-8b3">
         <name>QEIDisable</name>
         <value>0x45e3</value>
         <object_component_ref idref="oc-1c3"/>
      </symbol>
      <symbol id="sm-8b4">
         <name>QEIEnable</name>
         <value>0x45ed</value>
         <object_component_ref idref="oc-1d5"/>
      </symbol>
      <symbol id="sm-8b5">
         <name>QEIPositionSet</name>
         <value>0x465d</value>
         <object_component_ref idref="oc-1b7"/>
      </symbol>
      <symbol id="sm-8b6">
         <name>QEIVelocityEnable</name>
         <value>0x4601</value>
         <object_component_ref idref="oc-1eb"/>
      </symbol>
      <symbol id="sm-8b7">
         <name>QEIConfigure</name>
         <value>0x4571</value>
         <object_component_ref idref="oc-1cf"/>
      </symbol>
      <symbol id="sm-928">
         <name>SysCtlPeripheralPresent</name>
         <value>0x40fd</value>
         <object_component_ref idref="oc-71"/>
      </symbol>
      <symbol id="sm-929">
         <name>SysCtlClockSet</name>
         <value>0x379d</value>
         <object_component_ref idref="oc-e5"/>
      </symbol>
      <symbol id="sm-92a">
         <name>SysCtlDelay</name>
         <value>0x464d</value>
         <object_component_ref idref="oc-10f"/>
      </symbol>
      <symbol id="sm-92b">
         <name>SysCtlPeripheralEnable</name>
         <value>0x4211</value>
         <object_component_ref idref="oc-77"/>
      </symbol>
      <symbol id="sm-92c">
         <name>SysCtlClockGet</name>
         <value>0x3481</value>
         <object_component_ref idref="oc-109"/>
      </symbol>
      <symbol id="sm-92d">
         <name>SysCtlPWMClockSet</name>
         <value>0x4469</value>
         <object_component_ref idref="oc-1f4"/>
      </symbol>
      <symbol id="sm-92e">
         <name>SysCtlPeripheralReady</name>
         <value>0x4135</value>
         <object_component_ref idref="oc-218"/>
      </symbol>
      <symbol id="sm-962">
         <name>TimerLoadSet</name>
         <value>0x44df</value>
         <object_component_ref idref="oc-185"/>
      </symbol>
      <symbol id="sm-963">
         <name>TimerEnable</name>
         <value>0x457f</value>
         <object_component_ref idref="oc-191"/>
      </symbol>
      <symbol id="sm-964">
         <name>TimerIntEnable</name>
         <value>0x4631</value>
         <object_component_ref idref="oc-18b"/>
      </symbol>
      <symbol id="sm-965">
         <name>TimerConfigure</name>
         <value>0x3d99</value>
         <object_component_ref idref="oc-17f"/>
      </symbol>
      <symbol id="sm-966">
         <name>TimerIntClear</name>
         <value>0x4665</value>
         <object_component_ref idref="oc-c1"/>
      </symbol>
      <symbol id="sm-9c1">
         <name>UARTConfigSetExpClk</name>
         <value>0x3f31</value>
         <object_component_ref idref="oc-7d"/>
      </symbol>
      <symbol id="sm-9c2">
         <name>UARTDisable</name>
         <value>0x4325</value>
         <object_component_ref idref="oc-26c"/>
      </symbol>
      <symbol id="sm-9c3">
         <name>UARTIntEnable</name>
         <value>0x4639</value>
         <object_component_ref idref="oc-103"/>
      </symbol>
      <symbol id="sm-9c4">
         <name>UARTCharsAvail</name>
         <value>0x458d</value>
         <object_component_ref idref="oc-d9"/>
      </symbol>
      <symbol id="sm-9c5">
         <name>UARTClockSourceSet</name>
         <value>0x4653</value>
         <object_component_ref idref="oc-21e"/>
      </symbol>
      <symbol id="sm-9c6">
         <name>UARTCharPut</name>
         <value>0x4615</value>
         <object_component_ref idref="oc-89"/>
      </symbol>
      <symbol id="sm-9c7">
         <name>UARTEnable</name>
         <value>0x447d</value>
         <object_component_ref idref="oc-83"/>
      </symbol>
      <symbol id="sm-9c8">
         <name>UARTIntClear</name>
         <value>0x4669</value>
         <object_component_ref idref="oc-d3"/>
      </symbol>
      <symbol id="sm-9c9">
         <name>UARTIntStatus</name>
         <value>0x461f</value>
         <object_component_ref idref="oc-cd"/>
      </symbol>
      <symbol id="sm-9ca">
         <name>UARTCharGet</name>
         <value>0x460b</value>
         <object_component_ref idref="oc-8f"/>
      </symbol>
      <symbol id="sm-9d4">
         <name>CPUcpsie</name>
         <value>0x45a9</value>
         <object_component_ref idref="oc-2a4"/>
      </symbol>
      <symbol id="sm-9d5">
         <name>__TI_static_base__</name>
         <value>0x0</value>
      </symbol>
      <symbol id="sm-9d8">
         <name>__mpu_init</name>
         <value>0x0</value>
      </symbol>
      <symbol id="sm-9d9">
         <name>_system_post_cinit</name>
         <value>0x0</value>
      </symbol>
   </symbol_table>
   <title>Link successful</title>
</link_info>
