******************************************************************************
                  TI ARM Linker PC v17.9.0                     
******************************************************************************
>> Linked Mon Apr 23 10:50:58 2018

OUTPUT FILE NAME:   <qei_mit_pwm.out>
ENTRY POINT SYMBOL: "_c_int00_noargs"  address: 0000416d


MEMORY CONFIGURATION

         name            origin    length      used     unused   attr    fill
----------------------  --------  ---------  --------  --------  ----  --------
  FLASH                 00000000   00040000  00004b98  0003b468  R  X
  SRAM                  20000000   00008000  00000994  0000766c  RW X


SEGMENT ALLOCATION MAP

run origin  load origin   length   init length attrs members
----------  ----------- ---------- ----------- ----- -------
00000000    00000000    00004ba0   00004ba0    r-x
  00000000    00000000    0000026c   0000026c    r-- .intvecs
  0000026c    0000026c    00004408   00004408    r-x .text
  00004678    00004678    000004bc   000004bc    r-- .const
  00004b38    00004b38    00000068   00000068    r-- .cinit
20000000    20000000    00000998   00000000    rw-
  20000000    20000000    0000026c   00000000    rw- .vtable
  20000270    20000270    00000600   00000000    rw- .stack
  20000870    20000870    000000e0   00000000    rw- .data
  20000950    20000950    00000048   00000000    rw- .bss


SECTION ALLOCATION MAP

 output                                  attributes/
section   page    origin      length       input sections
--------  ----  ----------  ----------   ----------------
.intvecs   0    00000000    0000026c     
                  00000000    0000026c     tm4c123gh6pm_startup_ccs.obj (.intvecs)

.text      0    0000026c    00004408     
                  0000026c    000016d8     main.obj (.text)
                  00001944    00000a18     rtsv7M4_T_le_v4SPD16_eabi.lib : _scanfi.obj (.text)
                  0000235c    0000045c                                   : strtod.obj (.text)
                  000027b8    000001f4                                   : ull_div_t2.obj (.text)
                  000029ac    000001dc                                   : strtoll.obj (.text)
                  00002b88    000001b6                                   : fd_add_t2.obj (.text)
                  00002d3e    00000002                                   : i_div0.obj (.text)
                  00002d40    0000015c                                   : strtoull.obj (.text)
                  00002e9c    00000136                                   : fd_div_t2.obj (.text)
                  00002fd2    00000002     --HOLE-- [fill = 0]
                  00002fd4    00000134                                   : strtol.obj (.text)
                  00003108    00000132     driverlib.lib : gpio.obj (.text:GPIOPadConfigSet)
                  0000323a    00000130                   : can.obj (.text:CANMessageSet)
                  0000336a    00000002     --HOLE-- [fill = 0]
                  0000336c    00000114     rtsv7M4_T_le_v4SPD16_eabi.lib : strtoul.obj (.text)
                  00003480    00000110     driverlib.lib : sysctl.obj (.text:SysCtlClockGet)
                  00003590    0000010e                   : can.obj (.text:CANMessageGet)
                  0000369e    000000fc     rtsv7M4_T_le_v4SPD16_eabi.lib : fd_mul_t2.obj (.text)
                  0000379a    00000002     --HOLE-- [fill = 0]
                  0000379c    000000f4     driverlib.lib : sysctl.obj (.text:SysCtlClockSet)
                  00003890    000000f4     rtsv7M4_T_le_v4SPD16_eabi.lib : s_scalbn.obj (.text)
                  00003984    000000cc                                   : sscanf.obj (.text)
                  00003a50    0000009c                                   : memcpy_t2.obj (.text)
                  00003aec    00000086                                   : fd_cmp_t2.obj (.text:__aeabi_cdcmple)
                  00003b72    0000007a                                   : memset_t2.obj (.text)
                  00003bec    0000006e                                   : fd_tos_t2.obj (.text)
                  00003c5a    00000002     --HOLE-- [fill = 0]
                  00003c5c    0000006c     driverlib.lib : can.obj (.text:CANBitRateSet)
                  00003cc8    00000068                   : interrupt.obj (.text:IntEnable)
                  00003d30    00000068     rtsv7M4_T_le_v4SPD16_eabi.lib : copy_decompress_lzss.obj (.text:decompress:lzss)
                  00003d98    00000060     driverlib.lib : timer.obj (.text:TimerConfigure)
                  00003df8    00000058                   : gpio.obj (.text:GPIOIntTypeSet)
                  00003e50    0000004c                   : gpio.obj (.text:GPIOPinConfigure)
                  00003e9c    0000004c     rtsv7M4_T_le_v4SPD16_eabi.lib : atoi.obj (.text)
                  00003ee8    00000048                                   : fd_toi_t2.obj (.text)
                  00003f30    00000046     driverlib.lib : uart.obj (.text:UARTConfigSetExpClk)
                  00003f76    00000002     --HOLE-- [fill = 0]
                  00003f78    00000044     rtsv7M4_T_le_v4SPD16_eabi.lib : autoinit.obj (.text:__TI_auto_init_nobinit_nopinit)
                  00003fbc    00000044                                   : fd_tou_t2.obj (.text)
                  00004000    00000040     driverlib.lib : can.obj (.text:CANStatusGet)
                  00004040    00000040                   : gpio.obj (.text:_GPIOIntNumberGet)
                  00004080    00000040     rtsv7M4_T_le_v4SPD16_eabi.lib : u_divt2.obj (.text)
                  000040c0    0000003a     driverlib.lib : can.obj (.text:CANInit)
                  000040fa    00000002     --HOLE-- [fill = 0]
                  000040fc    00000038                   : sysctl.obj (.text:SysCtlPeripheralPresent)
                  00004134    00000038                   : sysctl.obj (.text:SysCtlPeripheralReady)
                  0000416c    00000038     rtsv7M4_T_le_v4SPD16_eabi.lib : boot_cortex_m.obj (.text:_c_int00_noargs)
                  000041a4    00000038                                   : fs_tod_t2.obj (.text)
                  000041dc    00000034     driverlib.lib : interrupt.obj (.text:IntRegister)
                  00004210    00000034                   : sysctl.obj (.text:SysCtlPeripheralEnable)
                  00004244    0000002c                   : gpio.obj (.text:GPIODirModeSet)
                  00004270    0000002a                   : can.obj (.text:_CANDataRegRead)
                  0000429a    00000024                   : can.obj (.text:_CANDataRegWrite)
                  000042be    00000022                   : can.obj (.text:CANIntClear)
                  000042e0    00000022                   : pwm.obj (.text:PWMGenConfigure)
                  00004302    00000020                   : can.obj (.text:CANIntStatus)
                  00004322    00000002     --HOLE-- [fill = 0]
                  00004324    00000020                   : uart.obj (.text:UARTDisable)
                  00004344    00000020     rtsv7M4_T_le_v4SPD16_eabi.lib : u_tofd_t2.obj (.text)
                  00004364    0000001e     driverlib.lib : pwm.obj (.text:PWMPulseWidthSet)
                  00004382    00000018                   : gpio.obj (.text:GPIOIntRegister)
                  0000439a    00000018                   : gpio.obj (.text:GPIOPinTypeGPIOOutput)
                  000043b2    00000018     rtsv7M4_T_le_v4SPD16_eabi.lib : ll_mul_t2.obj (.text)
                  000043ca    00000018                                   : strrchr.obj (.text)
                  000043e2    00000016     driverlib.lib : gpio.obj (.text:GPIOPinTypeCAN)
                  000043f8    00000016                   : gpio.obj (.text:GPIOPinTypeGPIOInput)
                  0000440e    00000016                   : gpio.obj (.text:GPIOPinTypePWM)
                  00004424    00000016                   : gpio.obj (.text:GPIOPinTypeQEI)
                  0000443a    00000016                   : gpio.obj (.text:GPIOPinTypeUART)
                  00004450    00000016     rtsv7M4_T_le_v4SPD16_eabi.lib : strchr.obj (.text)
                  00004466    00000002     --HOLE-- [fill = 0]
                  00004468    00000014     driverlib.lib : sysctl.obj (.text:SysCtlPWMClockSet)
                  0000447c    00000014                   : uart.obj (.text:UARTEnable)
                  00004490    00000014     rtsv7M4_T_le_v4SPD16_eabi.lib : s_copysign.obj (.text)
                  000044a4    00000014                                   : strcpy.obj (.text)
                  000044b8    00000014                                   : strlen.obj (.text)
                  000044cc    00000012     driverlib.lib : pwm.obj (.text:PWMOutputState)
                  000044de    00000012                   : timer.obj (.text:TimerLoadSet)
                  000044f0    00000012     rtsv7M4_T_le_v4SPD16_eabi.lib : copy_zero_init.obj (.text:decompress:ZI:__TI_zero_init_nomemset)
                  00004502    00000002     --HOLE-- [fill = 0]
                  00004504    00000010     driverlib.lib : fpu.obj (.text:FPUEnable)
                  00004514    00000010                   : fpu.obj (.text:FPULazyStackingEnable)
                  00004524    00000010                   : interrupt.obj (.text:IntMasterEnable)
                  00004534    00000010                   : pwm.obj (.text:PWMGenPeriodSet)
                  00004544    00000010                   : qei.obj (.text:QEIVelocityConfigure)
                  00004554    0000000e                   : gpio.obj (.text:GPIOIntDisable)
                  00004562    0000000e                   : gpio.obj (.text:GPIOIntStatus)
                  00004570    0000000e                   : qei.obj (.text:QEIConfigure)
                  0000457e    0000000e                   : timer.obj (.text:TimerEnable)
                  0000458c    0000000e                   : uart.obj (.text:UARTCharsAvail)
                  0000459a    0000000e     rtsv7M4_T_le_v4SPD16_eabi.lib : copy_decompress_none.obj (.text:decompress:none)
                  000045a8    0000000c     driverlib.lib : cpu.obj (.text:CPUcpsie)
                  000045b4    0000000c                   : gpio.obj (.text:GPIOIntEnable)
                  000045c0    0000000c                   : pwm.obj (.text:PWMGenEnable)
                  000045cc    0000000c     tm4c123gh6pm_startup_ccs.obj (.text)
                  000045d8    0000000a     driverlib.lib : can.obj (.text:CANEnable)
                  000045e2    0000000a                   : qei.obj (.text:QEIDisable)
                  000045ec    0000000a                   : qei.obj (.text:QEIEnable)
                  000045f6    0000000a                   : qei.obj (.text:QEIIntDisable)
                  00004600    0000000a                   : qei.obj (.text:QEIVelocityEnable)
                  0000460a    0000000a                   : uart.obj (.text:UARTCharGet)
                  00004614    0000000a                   : uart.obj (.text:UARTCharPut)
                  0000461e    0000000a                   : uart.obj (.text:UARTIntStatus)
                  00004628    00000008                   : can.obj (.text:CANIntEnable)
                  00004630    00000008                   : timer.obj (.text:TimerIntEnable)
                  00004638    00000008                   : uart.obj (.text:UARTIntEnable)
                  00004640    00000006                   : gpio.obj (.text:GPIOIntClear)
                  00004646    00000006                   : gpio.obj (.text:GPIOPinWrite)
                  0000464c    00000006                   : sysctl.obj (.text:SysCtlDelay)
                  00004652    00000006                   : uart.obj (.text:UARTClockSourceSet)
                  00004658    00000004                   : qei.obj (.text:QEIPositionGet)
                  0000465c    00000004                   : qei.obj (.text:QEIPositionSet)
                  00004660    00000004                   : qei.obj (.text:QEIVelocityGet)
                  00004664    00000004                   : timer.obj (.text:TimerIntClear)
                  00004668    00000004                   : uart.obj (.text:UARTIntClear)
                  0000466c    00000004     rtsv7M4_T_le_v4SPD16_eabi.lib : exit.obj (.text:abort)
                  00004670    00000004                                   : pre_init.obj (.text)

.const     0    00004678    000004bc     
                  00004678    00000101     rtsv7M4_T_le_v4SPD16_eabi.lib : ctype.obj (.const:.string:_ctypes_)
                  00004779    00000003     --HOLE-- [fill = 0]
                  0000477c    00000004     main.obj (.const)
                  00004780    000000c8     rtsv7M4_T_le_v4SPD16_eabi.lib : strtod.obj (.const:$O1$$)
                  00004848    000000c0     driverlib.lib : gpio.obj (.const:g_ppui32GPIOIntMapBlizzard)
                  00004908    000000c0                   : gpio.obj (.const:g_ppui32GPIOIntMapSnowflake)
                  000049c8    00000090                   : gpio.obj (.const:g_pui32GPIOBaseAddrs)
                  00004a58    0000006c                   : sysctl.obj (.const:g_pui32Xtals)
                  00004ac4    00000020                   : can.obj (.const:g_ui16CANBitValues)
                  00004ae4    00000014                   : interrupt.obj (.const:g_pui32EnRegs)
                  00004af8    00000012     main.obj (.const:.string)
                  00004b0a    00000002     --HOLE-- [fill = 0]
                  00004b0c    00000010     rtsv7M4_T_le_v4SPD16_eabi.lib : _scanfi.obj (.const:$O1$$)
                  00004b1c    0000000c     main.obj (.const:g_ui32UARTBase)
                  00004b28    0000000c     main.obj (.const:g_ui32UARTPeriph)

.cinit     0    00004b38    00000068     
                  00004b38    00000031     (.cinit..data.load) [load image, compression = lzss]
                  00004b69    00000003     --HOLE-- [fill = 0]
                  00004b6c    0000000c     (__TI_handler_table)
                  00004b78    00000008     (.cinit..bss.load) [load image, compression = zero_init]
                  00004b80    00000008     (.cinit..vtable.load) [load image, compression = zero_init]
                  00004b88    00000018     (__TI_cinit_table)

.init_array 
*          0    00000000    00000000     UNINITIALIZED

.vtable    0    20000000    0000026c     UNINITIALIZED
                  20000000    0000026c     driverlib.lib : interrupt.obj (.vtable)

.data      0    20000870    000000e0     UNINITIALIZED
                  20000870    000000d7     main.obj (.data)
                  20000947    00000001     --HOLE--
                  20000948    00000004     rtsv7M4_T_le_v4SPD16_eabi.lib : errno.obj (.data)
                  2000094c    00000004     main.obj (.data:stateTable)

.bss       0    20000950    00000048     UNINITIALIZED
                  20000950    00000014     (.common:sCANMessageRX)
                  20000964    00000014     (.common:sCANMessageTX)
                  20000978    00000004     (.common:currPosition0)
                  2000097c    00000004     (.common:currPosition1)
                  20000980    00000004     (.common:currVel0)
                  20000984    00000004     (.common:currVel1)
                  20000988    00000004     (.common:pui8MsgDataRX)
                  2000098c    00000004     (.common:pui8MsgDataTX)
                  20000990    00000004     (.common:ui32MsgDataRX)
                  20000994    00000004     (.common:ui32MsgDataTX)

.stack     0    20000270    00000600     UNINITIALIZED
                  20000270    00000004     rtsv7M4_T_le_v4SPD16_eabi.lib : boot_cortex_m.obj (.stack)
                  20000274    000005fc     --HOLE--

MODULE SUMMARY

       Module                         code    ro data   rw data
       ------                         ----    -------   -------
    .\
       main.obj                       5848    46        291    
       tm4c123gh6pm_startup_ccs.obj   12      620       0      
    +--+------------------------------+-------+---------+---------+
       Total:                         5860    666       291    
                                                               
    C:/ti/TivaWare_C_Series-2.1.3.156/driverlib/ccs/Debug/driverlib.lib
       gpio.obj                       788     528       0      
       can.obj                        966     32        0      
       sysctl.obj                     706     108       0      
       interrupt.obj                  172     20        620    
       uart.obj                       184     0         0      
       timer.obj                      140     0         0      
       pwm.obj                        110     0         0      
       qei.obj                        82      0         0      
       fpu.obj                        32      0         0      
       cpu.obj                        12      0         0      
    +--+------------------------------+-------+---------+---------+
       Total:                         3192    688       620    
                                                               
    C:\ti\ccsv7\tools\compiler\ti-cgt-arm_17.9.0.STS\lib\rtsv7M4_T_le_v4SPD16_eabi.lib
       _scanfi.obj                    2584    16        0      
       strtod.obj                     1116    200       0      
       ull_div_t2.obj                 500     0         0      
       strtoll.obj                    476     0         0      
       fd_add_t2.obj                  438     0         0      
       strtoull.obj                   348     0         0      
       fd_div_t2.obj                  310     0         0      
       strtol.obj                     308     0         0      
       strtoul.obj                    276     0         0      
       ctype.obj                      0       257       0      
       fd_mul_t2.obj                  252     0         0      
       s_scalbn.obj                   244     0         0      
       sscanf.obj                     204     0         0      
       memcpy_t2.obj                  156     0         0      
       fd_cmp_t2.obj                  134     0         0      
       memset_t2.obj                  122     0         0      
       fd_tos_t2.obj                  110     0         0      
       copy_decompress_lzss.obj       104     0         0      
       atoi.obj                       76      0         0      
       fd_toi_t2.obj                  72      0         0      
       autoinit.obj                   68      0         0      
       fd_tou_t2.obj                  68      0         0      
       u_divt2.obj                    64      0         0      
       boot_cortex_m.obj              56      0         0      
       fs_tod_t2.obj                  56      0         0      
       u_tofd_t2.obj                  32      0         0      
       ll_mul_t2.obj                  24      0         0      
       strrchr.obj                    24      0         0      
       strchr.obj                     22      0         0      
       s_copysign.obj                 20      0         0      
       strcpy.obj                     20      0         0      
       strlen.obj                     20      0         0      
       copy_zero_init.obj             18      0         0      
       copy_decompress_none.obj       14      0         0      
       errno.obj                      0       0         4      
       exit.obj                       4       0         0      
       pre_init.obj                   4       0         0      
       i_div0.obj                     2       0         0      
    +--+------------------------------+-------+---------+---------+
       Total:                         8346    473       4      
                                                               
       Stack:                         0       0         1536   
       Linker Generated:              0       101       0      
    +--+------------------------------+-------+---------+---------+
       Grand Total:                   17398   1928      2451   


LINKER GENERATED COPY TABLES

__TI_cinit_table @ 00004b88 records: 3, size/record: 8, table size: 24
	.data: load addr=00004b38, load size=00000031 bytes, run addr=20000870, run size=000000e0 bytes, compression=lzss
	.bss: load addr=00004b78, load size=00000008 bytes, run addr=20000950, run size=00000048 bytes, compression=zero_init
	.vtable: load addr=00004b80, load size=00000008 bytes, run addr=20000000, run size=0000026c bytes, compression=zero_init


LINKER GENERATED HANDLER TABLE

__TI_handler_table @ 00004b6c records: 3, size/record: 4, table size: 12
	index: 0, handler: __TI_zero_init
	index: 1, handler: __TI_decompress_lzss
	index: 2, handler: __TI_decompress_none


GLOBAL SYMBOLS: SORTED ALPHABETICALLY BY Name 

address   name                          
-------   ----                          
0000466d  C$$EXIT                       
00003c5d  CANBitRateSet                 
000045d9  CANEnable                     
000040c1  CANInit                       
000042bf  CANIntClear                   
00004629  CANIntEnable                  
00000727  CANIntHandler                 
00004303  CANIntStatus                  
00003591  CANMessageGet                 
0000323b  CANMessageSet                 
00000c05  CANRXmsgconfig                
00004001  CANStatusGet                  
00000c49  CANTXmsgconfig                
00000cb5  CANconfig                     
00000af9  CANget                        
00000baf  CANsend                       
000045a9  CPUcpsie                      
00004505  FPUEnable                     
00004515  FPULazyStackingEnable         
00004245  GPIODirModeSet                
00004641  GPIOIntClear                  
00004555  GPIOIntDisable                
000045b5  GPIOIntEnable                 
00004383  GPIOIntRegister               
00004563  GPIOIntStatus                 
00003df9  GPIOIntTypeSet                
00003109  GPIOPadConfigSet              
00003e51  GPIOPinConfigure              
000043e3  GPIOPinTypeCAN                
000043f9  GPIOPinTypeGPIOInput          
0000439b  GPIOPinTypeGPIOOutput         
0000440f  GPIOPinTypePWM                
00004425  GPIOPinTypeQEI                
0000443b  GPIOPinTypeUART               
00004647  GPIOPinWrite                  
00001819  GPIOconfig                    
00001865  InitConsole                   
00003cc9  IntEnable                     
00004525  IntMasterEnable               
000041dd  IntRegister                   
200008a0  Kd0                           
200008ac  Kd1                           
200008f0  Kdv0                          
200008fc  Kdv1                          
200008a4  Ki0                           
200008b0  Ki1                           
200008f4  Kiv0                          
20000900  Kiv1                          
2000089c  Kp0                           
200008a8  Kp1                           
200008ec  Kpv0                          
200008f8  Kpv1                          
00001179  PIDPosupdate                  
00000e75  PIDVelupdate                  
00000a11  PULSEconfig                   
000009b1  PULSEorderconfig              
00000a71  PULSEsend                     
000042e1  PWMGenConfigure               
000045c1  PWMGenEnable                  
00004535  PWMGenPeriodSet               
000044cd  PWMOutputState                
00004365  PWMPulseWidthSet              
00001775  PWMconfig                     
000006f7  PortDIntHandler               
00001549  QEI0angleGet                  
00001587  QEI0posGet                    
000015a9  QEI0zero                      
000015d1  QEI1angleGet                  
00001619  QEI1posGet                    
0000163d  QEI1zero                      
00004571  QEIConfigure                  
000045e3  QEIDisable                    
000045ed  QEIEnable                     
000045f7  QEIIntDisable                 
00004659  QEIPositionGet                
0000465d  QEIPositionSet                
00004545  QEIVelocityConfigure          
00004601  QEIVelocityEnable             
00004661  QEIVelocityGet                
00001659  QEIconfig                     
00001721  QEIvelocityConfig             
000045cd  ResetISR                      
00003481  SysCtlClockGet                
0000379d  SysCtlClockSet                
0000464d  SysCtlDelay                   
00004469  SysCtlPWMClockSet             
00004211  SysCtlPeripheralEnable        
000040fd  SysCtlPeripheralPresent       
00004135  SysCtlPeripheralReady         
0000143d  TIMERconfig                   
0000078f  Timer2IntHandler              
00003d99  TimerConfigure                
0000457f  TimerEnable                   
00004665  TimerIntClear                 
00004631  TimerIntEnable                
000044df  TimerLoadSet                  
0000460b  UARTCharGet                   
00004615  UARTCharPut                   
0000458d  UARTCharsAvail                
00004653  UARTClockSourceSet            
00003f31  UARTConfigSetExpClk           
00004325  UARTDisable                   
0000447d  UARTEnable                    
00004669  UARTIntClear                  
00004639  UARTIntEnable                 
000007b3  UARTIntHandler                
0000461f  UARTIntStatus                 
0000026d  UARTStdioConfig               
000003b3  UARTgetc                      
000002f9  UARTgets                      
000006d3  UARTprintf                    
000003d9  UARTvprintf                   
000002b3  UARTwrite                     
20000870  __STACK_END                   
00000600  __STACK_SIZE                  
20000470  __STACK_TOP                   
00004b88  __TI_CINIT_Base               
00004ba0  __TI_CINIT_Limit              
00004b6c  __TI_Handler_Table_Base       
00004b78  __TI_Handler_Table_Limit      
00003f79  __TI_auto_init_nobinit_nopinit
00003d31  __TI_decompress_lzss          
0000459b  __TI_decompress_none          
ffffffff  __TI_pprof_out_hndl           
ffffffff  __TI_prof_data_size           
ffffffff  __TI_prof_data_start          
00001945  __TI_scanfi                   
00000000  __TI_static_base__            
000044f1  __TI_zero_init_nomemset       
00003aed  __aeabi_cdcmpeq               
00003aed  __aeabi_cdcmple               
00003bed  __aeabi_d2f                   
00003ee9  __aeabi_d2iz                  
00003fbd  __aeabi_d2uiz                 
00002b93  __aeabi_dadd                  
00002e9d  __aeabi_ddiv                  
0000369f  __aeabi_dmul                  
00002b89  __aeabi_dsub                  
000041a5  __aeabi_f2d                   
00002d3f  __aeabi_idiv0                 
000043b3  __aeabi_lmul                  
00003b73  __aeabi_memclr                
00003b73  __aeabi_memclr4               
00003b73  __aeabi_memclr8               
00003a51  __aeabi_memcpy                
00003a51  __aeabi_memcpy4               
00003a51  __aeabi_memcpy8               
00003b75  __aeabi_memset                
00003b75  __aeabi_memset4               
00003b75  __aeabi_memset8               
00004345  __aeabi_ui2d                  
00004081  __aeabi_uidiv                 
00004081  __aeabi_uidivmod              
000027b9  __aeabi_uldivmod              
ffffffff  __binit__                     
ffffffff  __c_args__                    
UNDEFED   __mpu_init                    
20000270  __stack                       
0000416d  _c_int00_noargs               
00004678  _ctypes_                      
UNDEFED   _system_post_cinit            
00004671  _system_pre_init              
0000466d  abort                         
000014dd  angleToPosition               
00003e9d  atoi                          
ffffffff  binit                         
2000093c  config_flag                   
200008c4  controlsig0                   
200008d8  controlsig1                   
20000914  controlsigv0                  
20000928  controlsigv1                  
00004491  copysign                      
00004491  copysignl                     
00000d3d  counttoRPM                    
20000978  currPosition0                 
2000097c  currPosition1                 
20000980  currVel0                      
20000984  currVel1                      
20000878  desiredPos0                   
2000087c  desiredPos1                   
20000884  desiredVel0                   
20000888  desiredVel1                   
2000088c  dir0                          
20000894  dir1                          
200008dc  dirv0                         
200008e4  dirv1                         
200008bc  ediv0                         
200008d0  ediv1                         
2000090c  edivv0                        
20000920  edivv1                        
200008c0  eint0                         
200008d4  eint1                         
20000910  eintv0                        
20000924  eintv1                        
200008b8  eprev0                        
200008cc  eprev1                        
20000908  eprevv0                       
2000091c  eprevv1                       
20000948  errno                         
200008b4  error0                        
200008c8  error1                        
20000904  errorv0                       
20000918  errorv1                       
20000930  first_node_flag               
20000945  g_bErrFlag                    
20000944  g_bRXFlag                     
20000000  g_pfnRAMVectors               
00000000  g_pfnVectors                  
20000940  g_ui32MsgCount                
20000938  interrupt_counter             
00003891  ldexp                         
00003891  ldexpl                        
2000092c  ledFlag                       
00000833  main                          
00003a51  memcpy                        
00003b7b  memset                        
20000880  motornum                      
0000150d  positionToAngle               
20000988  pui8MsgDataRX                 
2000098c  pui8MsgDataTX                 
20000874  pwmSpeed                      
20000890  pwmout0                       
20000898  pwmout1                       
200008e0  pwmoutv0                      
200008e8  pwmoutv1                      
20000950  sCANMessageRX                 
20000964  sCANMessageTX                 
00003891  scalbn                        
00003891  scalbnl                       
0000148d  setSpeed                      
00003997  sscanf                        
2000094c  stateTable                    
00004451  strchr                        
000044a5  strcpy                        
000044b9  strlen                        
000043cb  strrchr                       
0000235d  strtod                        
00002fd5  strtol                        
0000235d  strtold                       
000029ad  strtoll                       
0000336d  strtoul                       
00002d41  strtoull                      
00000953  tellMasterAngle               
000008d5  tellSlaveAngle                
20000934  txID                          
20000990  ui32MsgDataRX                 
20000994  ui32MsgDataTX                 
00003985  vsscanf                       


GLOBAL SYMBOLS: SORTED BY Symbol Address 

address   name                          
-------   ----                          
00000000  __TI_static_base__            
00000000  g_pfnVectors                  
0000026d  UARTStdioConfig               
000002b3  UARTwrite                     
000002f9  UARTgets                      
000003b3  UARTgetc                      
000003d9  UARTvprintf                   
00000600  __STACK_SIZE                  
000006d3  UARTprintf                    
000006f7  PortDIntHandler               
00000727  CANIntHandler                 
0000078f  Timer2IntHandler              
000007b3  UARTIntHandler                
00000833  main                          
000008d5  tellSlaveAngle                
00000953  tellMasterAngle               
000009b1  PULSEorderconfig              
00000a11  PULSEconfig                   
00000a71  PULSEsend                     
00000af9  CANget                        
00000baf  CANsend                       
00000c05  CANRXmsgconfig                
00000c49  CANTXmsgconfig                
00000cb5  CANconfig                     
00000d3d  counttoRPM                    
00000e75  PIDVelupdate                  
00001179  PIDPosupdate                  
0000143d  TIMERconfig                   
0000148d  setSpeed                      
000014dd  angleToPosition               
0000150d  positionToAngle               
00001549  QEI0angleGet                  
00001587  QEI0posGet                    
000015a9  QEI0zero                      
000015d1  QEI1angleGet                  
00001619  QEI1posGet                    
0000163d  QEI1zero                      
00001659  QEIconfig                     
00001721  QEIvelocityConfig             
00001775  PWMconfig                     
00001819  GPIOconfig                    
00001865  InitConsole                   
00001945  __TI_scanfi                   
0000235d  strtod                        
0000235d  strtold                       
000027b9  __aeabi_uldivmod              
000029ad  strtoll                       
00002b89  __aeabi_dsub                  
00002b93  __aeabi_dadd                  
00002d3f  __aeabi_idiv0                 
00002d41  strtoull                      
00002e9d  __aeabi_ddiv                  
00002fd5  strtol                        
00003109  GPIOPadConfigSet              
0000323b  CANMessageSet                 
0000336d  strtoul                       
00003481  SysCtlClockGet                
00003591  CANMessageGet                 
0000369f  __aeabi_dmul                  
0000379d  SysCtlClockSet                
00003891  ldexp                         
00003891  ldexpl                        
00003891  scalbn                        
00003891  scalbnl                       
00003985  vsscanf                       
00003997  sscanf                        
00003a51  __aeabi_memcpy                
00003a51  __aeabi_memcpy4               
00003a51  __aeabi_memcpy8               
00003a51  memcpy                        
00003aed  __aeabi_cdcmpeq               
00003aed  __aeabi_cdcmple               
00003b73  __aeabi_memclr                
00003b73  __aeabi_memclr4               
00003b73  __aeabi_memclr8               
00003b75  __aeabi_memset                
00003b75  __aeabi_memset4               
00003b75  __aeabi_memset8               
00003b7b  memset                        
00003bed  __aeabi_d2f                   
00003c5d  CANBitRateSet                 
00003cc9  IntEnable                     
00003d31  __TI_decompress_lzss          
00003d99  TimerConfigure                
00003df9  GPIOIntTypeSet                
00003e51  GPIOPinConfigure              
00003e9d  atoi                          
00003ee9  __aeabi_d2iz                  
00003f31  UARTConfigSetExpClk           
00003f79  __TI_auto_init_nobinit_nopinit
00003fbd  __aeabi_d2uiz                 
00004001  CANStatusGet                  
00004081  __aeabi_uidiv                 
00004081  __aeabi_uidivmod              
000040c1  CANInit                       
000040fd  SysCtlPeripheralPresent       
00004135  SysCtlPeripheralReady         
0000416d  _c_int00_noargs               
000041a5  __aeabi_f2d                   
000041dd  IntRegister                   
00004211  SysCtlPeripheralEnable        
00004245  GPIODirModeSet                
000042bf  CANIntClear                   
000042e1  PWMGenConfigure               
00004303  CANIntStatus                  
00004325  UARTDisable                   
00004345  __aeabi_ui2d                  
00004365  PWMPulseWidthSet              
00004383  GPIOIntRegister               
0000439b  GPIOPinTypeGPIOOutput         
000043b3  __aeabi_lmul                  
000043cb  strrchr                       
000043e3  GPIOPinTypeCAN                
000043f9  GPIOPinTypeGPIOInput          
0000440f  GPIOPinTypePWM                
00004425  GPIOPinTypeQEI                
0000443b  GPIOPinTypeUART               
00004451  strchr                        
00004469  SysCtlPWMClockSet             
0000447d  UARTEnable                    
00004491  copysign                      
00004491  copysignl                     
000044a5  strcpy                        
000044b9  strlen                        
000044cd  PWMOutputState                
000044df  TimerLoadSet                  
000044f1  __TI_zero_init_nomemset       
00004505  FPUEnable                     
00004515  FPULazyStackingEnable         
00004525  IntMasterEnable               
00004535  PWMGenPeriodSet               
00004545  QEIVelocityConfigure          
00004555  GPIOIntDisable                
00004563  GPIOIntStatus                 
00004571  QEIConfigure                  
0000457f  TimerEnable                   
0000458d  UARTCharsAvail                
0000459b  __TI_decompress_none          
000045a9  CPUcpsie                      
000045b5  GPIOIntEnable                 
000045c1  PWMGenEnable                  
000045cd  ResetISR                      
000045d9  CANEnable                     
000045e3  QEIDisable                    
000045ed  QEIEnable                     
000045f7  QEIIntDisable                 
00004601  QEIVelocityEnable             
0000460b  UARTCharGet                   
00004615  UARTCharPut                   
0000461f  UARTIntStatus                 
00004629  CANIntEnable                  
00004631  TimerIntEnable                
00004639  UARTIntEnable                 
00004641  GPIOIntClear                  
00004647  GPIOPinWrite                  
0000464d  SysCtlDelay                   
00004653  UARTClockSourceSet            
00004659  QEIPositionGet                
0000465d  QEIPositionSet                
00004661  QEIVelocityGet                
00004665  TimerIntClear                 
00004669  UARTIntClear                  
0000466d  C$$EXIT                       
0000466d  abort                         
00004671  _system_pre_init              
00004678  _ctypes_                      
00004b6c  __TI_Handler_Table_Base       
00004b78  __TI_Handler_Table_Limit      
00004b88  __TI_CINIT_Base               
00004ba0  __TI_CINIT_Limit              
20000000  g_pfnRAMVectors               
20000270  __stack                       
20000470  __STACK_TOP                   
20000870  __STACK_END                   
20000874  pwmSpeed                      
20000878  desiredPos0                   
2000087c  desiredPos1                   
20000880  motornum                      
20000884  desiredVel0                   
20000888  desiredVel1                   
2000088c  dir0                          
20000890  pwmout0                       
20000894  dir1                          
20000898  pwmout1                       
2000089c  Kp0                           
200008a0  Kd0                           
200008a4  Ki0                           
200008a8  Kp1                           
200008ac  Kd1                           
200008b0  Ki1                           
200008b4  error0                        
200008b8  eprev0                        
200008bc  ediv0                         
200008c0  eint0                         
200008c4  controlsig0                   
200008c8  error1                        
200008cc  eprev1                        
200008d0  ediv1                         
200008d4  eint1                         
200008d8  controlsig1                   
200008dc  dirv0                         
200008e0  pwmoutv0                      
200008e4  dirv1                         
200008e8  pwmoutv1                      
200008ec  Kpv0                          
200008f0  Kdv0                          
200008f4  Kiv0                          
200008f8  Kpv1                          
200008fc  Kdv1                          
20000900  Kiv1                          
20000904  errorv0                       
20000908  eprevv0                       
2000090c  edivv0                        
20000910  eintv0                        
20000914  controlsigv0                  
20000918  errorv1                       
2000091c  eprevv1                       
20000920  edivv1                        
20000924  eintv1                        
20000928  controlsigv1                  
2000092c  ledFlag                       
20000930  first_node_flag               
20000934  txID                          
20000938  interrupt_counter             
2000093c  config_flag                   
20000940  g_ui32MsgCount                
20000944  g_bRXFlag                     
20000945  g_bErrFlag                    
20000948  errno                         
2000094c  stateTable                    
20000950  sCANMessageRX                 
20000964  sCANMessageTX                 
20000978  currPosition0                 
2000097c  currPosition1                 
20000980  currVel0                      
20000984  currVel1                      
20000988  pui8MsgDataRX                 
2000098c  pui8MsgDataTX                 
20000990  ui32MsgDataRX                 
20000994  ui32MsgDataTX                 
ffffffff  __TI_pprof_out_hndl           
ffffffff  __TI_prof_data_size           
ffffffff  __TI_prof_data_start          
ffffffff  __binit__                     
ffffffff  __c_args__                    
ffffffff  binit                         
UNDEFED   __mpu_init                    
UNDEFED   _system_post_cinit            

[248 symbols]
