<?xml version="1.0"?>
<link_info>
   <banner>TI ARM Linker PC v17.9.0.STS</banner>
   <copyright>Copyright (c) 1996-2017 Texas Instruments Incorporated</copyright>
   <link_time>0x5acd8e56</link_time>
   <link_errors>0x0</link_errors>
   <output_file>qei_mit_pwm.out</output_file>
   <entry_point>
      <name>_c_int00_noargs</name>
      <address>0x3fa5</address>
   </entry_point>
   <input_file_list>
      <input_file id="fl-2">
         <path>.\</path>
         <kind>object</kind>
         <file>main.obj</file>
         <name>main.obj</name>
      </input_file>
      <input_file id="fl-3">
         <path>.\</path>
         <kind>object</kind>
         <file>tm4c123gh6pm_startup_ccs.obj</file>
         <name>tm4c123gh6pm_startup_ccs.obj</name>
      </input_file>
      <input_file id="fl-8">
         <kind>object</kind>
         <file>&lt;internal&gt;</file>
         <name>&lt;internal&gt;</name>
      </input_file>
      <input_file id="fl-be">
         <path>C:\ti\ccsv7\tools\compiler\ti-cgt-arm_17.9.0.STS\lib\</path>
         <kind>archive</kind>
         <file>rtsv7M4_T_le_v4SPD16_eabi.lib</file>
         <name>fd_div_t2.obj</name>
      </input_file>
      <input_file id="fl-bf">
         <path>C:\ti\ccsv7\tools\compiler\ti-cgt-arm_17.9.0.STS\lib\</path>
         <kind>archive</kind>
         <file>rtsv7M4_T_le_v4SPD16_eabi.lib</file>
         <name>fd_mul_t2.obj</name>
      </input_file>
      <input_file id="fl-c0">
         <path>C:\ti\ccsv7\tools\compiler\ti-cgt-arm_17.9.0.STS\lib\</path>
         <kind>archive</kind>
         <file>rtsv7M4_T_le_v4SPD16_eabi.lib</file>
         <name>fd_toi_t2.obj</name>
      </input_file>
      <input_file id="fl-c1">
         <path>C:\ti\ccsv7\tools\compiler\ti-cgt-arm_17.9.0.STS\lib\</path>
         <kind>archive</kind>
         <file>rtsv7M4_T_le_v4SPD16_eabi.lib</file>
         <name>fd_tou_t2.obj</name>
      </input_file>
      <input_file id="fl-c2">
         <path>C:\ti\ccsv7\tools\compiler\ti-cgt-arm_17.9.0.STS\lib\</path>
         <kind>archive</kind>
         <file>rtsv7M4_T_le_v4SPD16_eabi.lib</file>
         <name>fs_tod_t2.obj</name>
      </input_file>
      <input_file id="fl-c3">
         <path>C:\ti\ccsv7\tools\compiler\ti-cgt-arm_17.9.0.STS\lib\</path>
         <kind>archive</kind>
         <file>rtsv7M4_T_le_v4SPD16_eabi.lib</file>
         <name>u_tofd_t2.obj</name>
      </input_file>
      <input_file id="fl-c4">
         <path>C:\ti\ccsv7\tools\compiler\ti-cgt-arm_17.9.0.STS\lib\</path>
         <kind>archive</kind>
         <file>rtsv7M4_T_le_v4SPD16_eabi.lib</file>
         <name>u_divt2.obj</name>
      </input_file>
      <input_file id="fl-c5">
         <path>C:\ti\ccsv7\tools\compiler\ti-cgt-arm_17.9.0.STS\lib\</path>
         <kind>archive</kind>
         <file>rtsv7M4_T_le_v4SPD16_eabi.lib</file>
         <name>copy_zero_init.obj</name>
      </input_file>
      <input_file id="fl-c6">
         <path>C:\ti\ccsv7\tools\compiler\ti-cgt-arm_17.9.0.STS\lib\</path>
         <kind>archive</kind>
         <file>rtsv7M4_T_le_v4SPD16_eabi.lib</file>
         <name>copy_decompress_none.obj</name>
      </input_file>
      <input_file id="fl-c7">
         <path>C:\ti\ccsv7\tools\compiler\ti-cgt-arm_17.9.0.STS\lib\</path>
         <kind>archive</kind>
         <file>rtsv7M4_T_le_v4SPD16_eabi.lib</file>
         <name>copy_decompress_lzss.obj</name>
      </input_file>
      <input_file id="fl-c8">
         <path>C:\ti\ccsv7\tools\compiler\ti-cgt-arm_17.9.0.STS\lib\</path>
         <kind>archive</kind>
         <file>rtsv7M4_T_le_v4SPD16_eabi.lib</file>
         <name>i_div0.obj</name>
      </input_file>
      <input_file id="fl-c9">
         <path>C:\ti\ccsv7\tools\compiler\ti-cgt-arm_17.9.0.STS\lib\</path>
         <kind>archive</kind>
         <file>rtsv7M4_T_le_v4SPD16_eabi.lib</file>
         <name>sscanf.obj</name>
      </input_file>
      <input_file id="fl-ca">
         <path>C:\ti\ccsv7\tools\compiler\ti-cgt-arm_17.9.0.STS\lib\</path>
         <kind>archive</kind>
         <file>rtsv7M4_T_le_v4SPD16_eabi.lib</file>
         <name>boot_cortex_m.obj</name>
      </input_file>
      <input_file id="fl-cb">
         <path>C:\ti\ccsv7\tools\compiler\ti-cgt-arm_17.9.0.STS\lib\</path>
         <kind>archive</kind>
         <file>rtsv7M4_T_le_v4SPD16_eabi.lib</file>
         <name>memcpy_t2.obj</name>
      </input_file>
      <input_file id="fl-cc">
         <path>C:\ti\ccsv7\tools\compiler\ti-cgt-arm_17.9.0.STS\lib\</path>
         <kind>archive</kind>
         <file>rtsv7M4_T_le_v4SPD16_eabi.lib</file>
         <name>memset_t2.obj</name>
      </input_file>
      <input_file id="fl-cd">
         <path>C:\ti\ccsv7\tools\compiler\ti-cgt-arm_17.9.0.STS\lib\</path>
         <kind>archive</kind>
         <file>rtsv7M4_T_le_v4SPD16_eabi.lib</file>
         <name>autoinit.obj</name>
      </input_file>
      <input_file id="fl-ce">
         <path>C:\ti\ccsv7\tools\compiler\ti-cgt-arm_17.9.0.STS\lib\</path>
         <kind>archive</kind>
         <file>rtsv7M4_T_le_v4SPD16_eabi.lib</file>
         <name>pre_init.obj</name>
      </input_file>
      <input_file id="fl-cf">
         <path>C:\ti\ccsv7\tools\compiler\ti-cgt-arm_17.9.0.STS\lib\</path>
         <kind>archive</kind>
         <file>rtsv7M4_T_le_v4SPD16_eabi.lib</file>
         <name>cpy_tbl.obj</name>
      </input_file>
      <input_file id="fl-d0">
         <path>C:\ti\ccsv7\tools\compiler\ti-cgt-arm_17.9.0.STS\lib\</path>
         <kind>archive</kind>
         <file>rtsv7M4_T_le_v4SPD16_eabi.lib</file>
         <name>exit.obj</name>
      </input_file>
      <input_file id="fl-d1">
         <path>C:\ti\ccsv7\tools\compiler\ti-cgt-arm_17.9.0.STS\lib\</path>
         <kind>archive</kind>
         <file>rtsv7M4_T_le_v4SPD16_eabi.lib</file>
         <name>_lock.obj</name>
      </input_file>
      <input_file id="fl-d2">
         <path>C:\ti\ccsv7\tools\compiler\ti-cgt-arm_17.9.0.STS\lib\</path>
         <kind>archive</kind>
         <file>rtsv7M4_T_le_v4SPD16_eabi.lib</file>
         <name>_scanfi.obj</name>
      </input_file>
      <input_file id="fl-d3">
         <path>C:\ti\ccsv7\tools\compiler\ti-cgt-arm_17.9.0.STS\lib\</path>
         <kind>archive</kind>
         <file>rtsv7M4_T_le_v4SPD16_eabi.lib</file>
         <name>args_main.obj</name>
      </input_file>
      <input_file id="fl-d4">
         <path>C:\ti\ccsv7\tools\compiler\ti-cgt-arm_17.9.0.STS\lib\</path>
         <kind>archive</kind>
         <file>rtsv7M4_T_le_v4SPD16_eabi.lib</file>
         <name>atoi.obj</name>
      </input_file>
      <input_file id="fl-d5">
         <path>C:\ti\ccsv7\tools\compiler\ti-cgt-arm_17.9.0.STS\lib\</path>
         <kind>archive</kind>
         <file>rtsv7M4_T_le_v4SPD16_eabi.lib</file>
         <name>ctype.obj</name>
      </input_file>
      <input_file id="fl-d6">
         <path>C:\ti\ccsv7\tools\compiler\ti-cgt-arm_17.9.0.STS\lib\</path>
         <kind>archive</kind>
         <file>rtsv7M4_T_le_v4SPD16_eabi.lib</file>
         <name>strchr.obj</name>
      </input_file>
      <input_file id="fl-d7">
         <path>C:\ti\ccsv7\tools\compiler\ti-cgt-arm_17.9.0.STS\lib\</path>
         <kind>archive</kind>
         <file>rtsv7M4_T_le_v4SPD16_eabi.lib</file>
         <name>strcpy.obj</name>
      </input_file>
      <input_file id="fl-d8">
         <path>C:\ti\ccsv7\tools\compiler\ti-cgt-arm_17.9.0.STS\lib\</path>
         <kind>archive</kind>
         <file>rtsv7M4_T_le_v4SPD16_eabi.lib</file>
         <name>strlen.obj</name>
      </input_file>
      <input_file id="fl-d9">
         <path>C:\ti\ccsv7\tools\compiler\ti-cgt-arm_17.9.0.STS\lib\</path>
         <kind>archive</kind>
         <file>rtsv7M4_T_le_v4SPD16_eabi.lib</file>
         <name>strrchr.obj</name>
      </input_file>
      <input_file id="fl-da">
         <path>C:\ti\ccsv7\tools\compiler\ti-cgt-arm_17.9.0.STS\lib\</path>
         <kind>archive</kind>
         <file>rtsv7M4_T_le_v4SPD16_eabi.lib</file>
         <name>strtod.obj</name>
      </input_file>
      <input_file id="fl-db">
         <path>C:\ti\ccsv7\tools\compiler\ti-cgt-arm_17.9.0.STS\lib\</path>
         <kind>archive</kind>
         <file>rtsv7M4_T_le_v4SPD16_eabi.lib</file>
         <name>strtol.obj</name>
      </input_file>
      <input_file id="fl-dc">
         <path>C:\ti\ccsv7\tools\compiler\ti-cgt-arm_17.9.0.STS\lib\</path>
         <kind>archive</kind>
         <file>rtsv7M4_T_le_v4SPD16_eabi.lib</file>
         <name>strtoll.obj</name>
      </input_file>
      <input_file id="fl-dd">
         <path>C:\ti\ccsv7\tools\compiler\ti-cgt-arm_17.9.0.STS\lib\</path>
         <kind>archive</kind>
         <file>rtsv7M4_T_le_v4SPD16_eabi.lib</file>
         <name>strtoul.obj</name>
      </input_file>
      <input_file id="fl-de">
         <path>C:\ti\ccsv7\tools\compiler\ti-cgt-arm_17.9.0.STS\lib\</path>
         <kind>archive</kind>
         <file>rtsv7M4_T_le_v4SPD16_eabi.lib</file>
         <name>strtoull.obj</name>
      </input_file>
      <input_file id="fl-df">
         <path>C:\ti\ccsv7\tools\compiler\ti-cgt-arm_17.9.0.STS\lib\</path>
         <kind>archive</kind>
         <file>rtsv7M4_T_le_v4SPD16_eabi.lib</file>
         <name>s_scalbn.obj</name>
      </input_file>
      <input_file id="fl-e0">
         <path>C:\ti\ccsv7\tools\compiler\ti-cgt-arm_17.9.0.STS\lib\</path>
         <kind>archive</kind>
         <file>rtsv7M4_T_le_v4SPD16_eabi.lib</file>
         <name>s_copysign.obj</name>
      </input_file>
      <input_file id="fl-e1">
         <path>C:\ti\ccsv7\tools\compiler\ti-cgt-arm_17.9.0.STS\lib\</path>
         <kind>archive</kind>
         <file>rtsv7M4_T_le_v4SPD16_eabi.lib</file>
         <name>fd_add_t2.obj</name>
      </input_file>
      <input_file id="fl-e2">
         <path>C:\ti\ccsv7\tools\compiler\ti-cgt-arm_17.9.0.STS\lib\</path>
         <kind>archive</kind>
         <file>rtsv7M4_T_le_v4SPD16_eabi.lib</file>
         <name>fd_cmp_t2.obj</name>
      </input_file>
      <input_file id="fl-e3">
         <path>C:\ti\ccsv7\tools\compiler\ti-cgt-arm_17.9.0.STS\lib\</path>
         <kind>archive</kind>
         <file>rtsv7M4_T_le_v4SPD16_eabi.lib</file>
         <name>fd_tos_t2.obj</name>
      </input_file>
      <input_file id="fl-e4">
         <path>C:\ti\ccsv7\tools\compiler\ti-cgt-arm_17.9.0.STS\lib\</path>
         <kind>archive</kind>
         <file>rtsv7M4_T_le_v4SPD16_eabi.lib</file>
         <name>ll_mul_t2.obj</name>
      </input_file>
      <input_file id="fl-e5">
         <path>C:\ti\ccsv7\tools\compiler\ti-cgt-arm_17.9.0.STS\lib\</path>
         <kind>archive</kind>
         <file>rtsv7M4_T_le_v4SPD16_eabi.lib</file>
         <name>ull_div_t2.obj</name>
      </input_file>
      <input_file id="fl-e6">
         <path>C:\ti\ccsv7\tools\compiler\ti-cgt-arm_17.9.0.STS\lib\</path>
         <kind>archive</kind>
         <file>rtsv7M4_T_le_v4SPD16_eabi.lib</file>
         <name>errno.obj</name>
      </input_file>
      <input_file id="fl-e7">
         <path>C:\ti\TivaWare_C_Series-2.1.3.156\driverlib\ccs\Debug\</path>
         <kind>archive</kind>
         <file>driverlib.lib</file>
         <name>can.obj</name>
      </input_file>
      <input_file id="fl-e8">
         <path>C:\ti\TivaWare_C_Series-2.1.3.156\driverlib\ccs\Debug\</path>
         <kind>archive</kind>
         <file>driverlib.lib</file>
         <name>fpu.obj</name>
      </input_file>
      <input_file id="fl-e9">
         <path>C:\ti\TivaWare_C_Series-2.1.3.156\driverlib\ccs\Debug\</path>
         <kind>archive</kind>
         <file>driverlib.lib</file>
         <name>gpio.obj</name>
      </input_file>
      <input_file id="fl-ea">
         <path>C:\ti\TivaWare_C_Series-2.1.3.156\driverlib\ccs\Debug\</path>
         <kind>archive</kind>
         <file>driverlib.lib</file>
         <name>interrupt.obj</name>
      </input_file>
      <input_file id="fl-eb">
         <path>C:\ti\TivaWare_C_Series-2.1.3.156\driverlib\ccs\Debug\</path>
         <kind>archive</kind>
         <file>driverlib.lib</file>
         <name>pwm.obj</name>
      </input_file>
      <input_file id="fl-ec">
         <path>C:\ti\TivaWare_C_Series-2.1.3.156\driverlib\ccs\Debug\</path>
         <kind>archive</kind>
         <file>driverlib.lib</file>
         <name>qei.obj</name>
      </input_file>
      <input_file id="fl-ed">
         <path>C:\ti\TivaWare_C_Series-2.1.3.156\driverlib\ccs\Debug\</path>
         <kind>archive</kind>
         <file>driverlib.lib</file>
         <name>sysctl.obj</name>
      </input_file>
      <input_file id="fl-ee">
         <path>C:\ti\TivaWare_C_Series-2.1.3.156\driverlib\ccs\Debug\</path>
         <kind>archive</kind>
         <file>driverlib.lib</file>
         <name>timer.obj</name>
      </input_file>
      <input_file id="fl-ef">
         <path>C:\ti\TivaWare_C_Series-2.1.3.156\driverlib\ccs\Debug\</path>
         <kind>archive</kind>
         <file>driverlib.lib</file>
         <name>uart.obj</name>
      </input_file>
      <input_file id="fl-f0">
         <path>C:\ti\TivaWare_C_Series-2.1.3.156\driverlib\ccs\Debug\</path>
         <kind>archive</kind>
         <file>driverlib.lib</file>
         <name>cpu.obj</name>
      </input_file>
   </input_file_list>
   <object_component_list>
      <object_component id="oc-f">
         <name>.intvecs</name>
         <load_address>0x0</load_address>
         <run_address>0x0</run_address>
         <size>0x26c</size>
         <input_file_ref idref="fl-3"/>
      </object_component>
      <object_component id="oc-2a">
         <name>.text</name>
         <load_address>0x26c</load_address>
         <run_address>0x26c</run_address>
         <size>0x1510</size>
         <input_file_ref idref="fl-2"/>
      </object_component>
      <object_component id="oc-296">
         <name>.text</name>
         <load_address>0x177c</load_address>
         <run_address>0x177c</run_address>
         <size>0xa18</size>
         <input_file_ref idref="fl-d2"/>
      </object_component>
      <object_component id="oc-37a">
         <name>.text</name>
         <load_address>0x2194</load_address>
         <run_address>0x2194</run_address>
         <size>0x45c</size>
         <input_file_ref idref="fl-da"/>
      </object_component>
      <object_component id="oc-3fb">
         <name>.text</name>
         <load_address>0x25f0</load_address>
         <run_address>0x25f0</run_address>
         <size>0x1f4</size>
         <input_file_ref idref="fl-e5"/>
      </object_component>
      <object_component id="oc-38b">
         <name>.text</name>
         <load_address>0x27e4</load_address>
         <run_address>0x27e4</run_address>
         <size>0x1dc</size>
         <input_file_ref idref="fl-dc"/>
      </object_component>
      <object_component id="oc-407">
         <name>.text</name>
         <load_address>0x29c0</load_address>
         <run_address>0x29c0</run_address>
         <size>0x1b6</size>
         <input_file_ref idref="fl-e1"/>
      </object_component>
      <object_component id="oc-27d">
         <name>.text</name>
         <load_address>0x2b76</load_address>
         <run_address>0x2b76</run_address>
         <size>0x2</size>
         <input_file_ref idref="fl-c8"/>
      </object_component>
      <object_component id="oc-36e">
         <name>.text</name>
         <load_address>0x2b78</load_address>
         <run_address>0x2b78</run_address>
         <size>0x15c</size>
         <input_file_ref idref="fl-de"/>
      </object_component>
      <object_component id="oc-1a2">
         <name>.text</name>
         <load_address>0x2cd4</load_address>
         <run_address>0x2cd4</run_address>
         <size>0x136</size>
         <input_file_ref idref="fl-be"/>
      </object_component>
      <object_component id="oc-385">
         <name>.text</name>
         <load_address>0x2e0c</load_address>
         <run_address>0x2e0c</run_address>
         <size>0x134</size>
         <input_file_ref idref="fl-db"/>
      </object_component>
      <object_component id="oc-119">
         <name>.text:GPIOPadConfigSet</name>
         <load_address>0x2f40</load_address>
         <run_address>0x2f40</run_address>
         <size>0x132</size>
         <input_file_ref idref="fl-e9"/>
      </object_component>
      <object_component id="oc-143">
         <name>.text:CANMessageSet</name>
         <load_address>0x3072</load_address>
         <run_address>0x3072</run_address>
         <size>0x130</size>
         <input_file_ref idref="fl-e7"/>
      </object_component>
      <object_component id="oc-374">
         <name>.text</name>
         <load_address>0x31a4</load_address>
         <run_address>0x31a4</run_address>
         <size>0x114</size>
         <input_file_ref idref="fl-dd"/>
      </object_component>
      <object_component id="oc-109">
         <name>.text:SysCtlClockGet</name>
         <load_address>0x32b8</load_address>
         <run_address>0x32b8</run_address>
         <size>0x110</size>
         <input_file_ref idref="fl-ed"/>
      </object_component>
      <object_component id="oc-13d">
         <name>.text:CANMessageGet</name>
         <load_address>0x33c8</load_address>
         <run_address>0x33c8</run_address>
         <size>0x10e</size>
         <input_file_ref idref="fl-e7"/>
      </object_component>
      <object_component id="oc-1a7">
         <name>.text</name>
         <load_address>0x34d6</load_address>
         <run_address>0x34d6</run_address>
         <size>0xfc</size>
         <input_file_ref idref="fl-bf"/>
      </object_component>
      <object_component id="oc-e5">
         <name>.text:SysCtlClockSet</name>
         <load_address>0x35d4</load_address>
         <run_address>0x35d4</run_address>
         <size>0xf4</size>
         <input_file_ref idref="fl-ed"/>
      </object_component>
      <object_component id="oc-411">
         <name>.text</name>
         <load_address>0x36c8</load_address>
         <run_address>0x36c8</run_address>
         <size>0xf4</size>
         <input_file_ref idref="fl-df"/>
      </object_component>
      <object_component id="oc-df">
         <name>.text</name>
         <load_address>0x37bc</load_address>
         <run_address>0x37bc</run_address>
         <size>0xcc</size>
         <input_file_ref idref="fl-c9"/>
      </object_component>
      <object_component id="oc-3e">
         <name>.text</name>
         <load_address>0x3888</load_address>
         <run_address>0x3888</run_address>
         <size>0x9c</size>
         <input_file_ref idref="fl-cb"/>
      </object_component>
      <object_component id="oc-40c">
         <name>.text:__aeabi_cdcmple</name>
         <load_address>0x3924</load_address>
         <run_address>0x3924</run_address>
         <size>0x86</size>
         <input_file_ref idref="fl-e2"/>
      </object_component>
      <object_component id="oc-251">
         <name>.text</name>
         <load_address>0x39aa</load_address>
         <run_address>0x39aa</run_address>
         <size>0x7a</size>
         <input_file_ref idref="fl-cc"/>
      </object_component>
      <object_component id="oc-380">
         <name>.text</name>
         <load_address>0x3a24</load_address>
         <run_address>0x3a24</run_address>
         <size>0x6e</size>
         <input_file_ref idref="fl-e3"/>
      </object_component>
      <object_component id="oc-161">
         <name>.text:CANBitRateSet</name>
         <load_address>0x3a94</load_address>
         <run_address>0x3a94</run_address>
         <size>0x6c</size>
         <input_file_ref idref="fl-e7"/>
      </object_component>
      <object_component id="oc-fd">
         <name>.text:IntEnable</name>
         <load_address>0x3b00</load_address>
         <run_address>0x3b00</run_address>
         <size>0x68</size>
         <input_file_ref idref="fl-ea"/>
      </object_component>
      <object_component id="oc-12">
         <name>.text:decompress:lzss</name>
         <load_address>0x3b68</load_address>
         <run_address>0x3b68</run_address>
         <size>0x68</size>
         <input_file_ref idref="fl-c7"/>
      </object_component>
      <object_component id="oc-17d">
         <name>.text:TimerConfigure</name>
         <load_address>0x3bd0</load_address>
         <run_address>0x3bd0</run_address>
         <size>0x60</size>
         <input_file_ref idref="fl-ee"/>
      </object_component>
      <object_component id="oc-11f">
         <name>.text:GPIOIntTypeSet</name>
         <load_address>0x3c30</load_address>
         <run_address>0x3c30</run_address>
         <size>0x58</size>
         <input_file_ref idref="fl-e9"/>
      </object_component>
      <object_component id="oc-14f">
         <name>.text:GPIOPinConfigure</name>
         <load_address>0x3c88</load_address>
         <run_address>0x3c88</run_address>
         <size>0x4c</size>
         <input_file_ref idref="fl-e9"/>
      </object_component>
      <object_component id="oc-39d">
         <name>.text</name>
         <load_address>0x3cd4</load_address>
         <run_address>0x3cd4</run_address>
         <size>0x4c</size>
         <input_file_ref idref="fl-d4"/>
      </object_component>
      <object_component id="oc-1ac">
         <name>.text</name>
         <load_address>0x3d20</load_address>
         <run_address>0x3d20</run_address>
         <size>0x48</size>
         <input_file_ref idref="fl-c0"/>
      </object_component>
      <object_component id="oc-7d">
         <name>.text:UARTConfigSetExpClk</name>
         <load_address>0x3d68</load_address>
         <run_address>0x3d68</run_address>
         <size>0x46</size>
         <input_file_ref idref="fl-ef"/>
      </object_component>
      <object_component id="oc-326">
         <name>.text:__TI_auto_init_nobinit_nopinit</name>
         <load_address>0x3db0</load_address>
         <run_address>0x3db0</run_address>
         <size>0x44</size>
         <input_file_ref idref="fl-cd"/>
      </object_component>
      <object_component id="oc-1e0">
         <name>.text</name>
         <load_address>0x3df4</load_address>
         <run_address>0x3df4</run_address>
         <size>0x44</size>
         <input_file_ref idref="fl-c1"/>
      </object_component>
      <object_component id="oc-b5">
         <name>.text:CANStatusGet</name>
         <load_address>0x3e38</load_address>
         <run_address>0x3e38</run_address>
         <size>0x40</size>
         <input_file_ref idref="fl-e7"/>
      </object_component>
      <object_component id="oc-2c1">
         <name>.text:_GPIOIntNumberGet</name>
         <load_address>0x3e78</load_address>
         <run_address>0x3e78</run_address>
         <size>0x40</size>
         <input_file_ref idref="fl-e9"/>
      </object_component>
      <object_component id="oc-9e">
         <name>.text</name>
         <load_address>0x3eb8</load_address>
         <run_address>0x3eb8</run_address>
         <size>0x40</size>
         <input_file_ref idref="fl-c4"/>
      </object_component>
      <object_component id="oc-15b">
         <name>.text:CANInit</name>
         <load_address>0x3ef8</load_address>
         <run_address>0x3ef8</run_address>
         <size>0x3a</size>
         <input_file_ref idref="fl-e7"/>
      </object_component>
      <object_component id="oc-71">
         <name>.text:SysCtlPeripheralPresent</name>
         <load_address>0x3f34</load_address>
         <run_address>0x3f34</run_address>
         <size>0x38</size>
         <input_file_ref idref="fl-ed"/>
      </object_component>
      <object_component id="oc-218">
         <name>.text:SysCtlPeripheralReady</name>
         <load_address>0x3f6c</load_address>
         <run_address>0x3f6c</run_address>
         <size>0x38</size>
         <input_file_ref idref="fl-ed"/>
      </object_component>
      <object_component id="oc-5c">
         <name>.text:_c_int00_noargs</name>
         <load_address>0x3fa4</load_address>
         <run_address>0x3fa4</run_address>
         <size>0x38</size>
         <input_file_ref idref="fl-ca"/>
      </object_component>
      <object_component id="oc-19d">
         <name>.text</name>
         <load_address>0x3fdc</load_address>
         <run_address>0x3fdc</run_address>
         <size>0x38</size>
         <input_file_ref idref="fl-c2"/>
      </object_component>
      <object_component id="oc-2c7">
         <name>.text:IntRegister</name>
         <load_address>0x4014</load_address>
         <run_address>0x4014</run_address>
         <size>0x34</size>
         <input_file_ref idref="fl-ea"/>
      </object_component>
      <object_component id="oc-77">
         <name>.text:SysCtlPeripheralEnable</name>
         <load_address>0x4048</load_address>
         <run_address>0x4048</run_address>
         <size>0x34</size>
         <input_file_ref idref="fl-ed"/>
      </object_component>
      <object_component id="oc-2b8">
         <name>.text:GPIODirModeSet</name>
         <load_address>0x407c</load_address>
         <run_address>0x407c</run_address>
         <size>0x2c</size>
         <input_file_ref idref="fl-e9"/>
      </object_component>
      <object_component id="oc-2d1">
         <name>.text:_CANDataRegRead</name>
         <load_address>0x40a8</load_address>
         <run_address>0x40a8</run_address>
         <size>0x2a</size>
         <input_file_ref idref="fl-e7"/>
      </object_component>
      <object_component id="oc-2d8">
         <name>.text:_CANDataRegWrite</name>
         <load_address>0x40d2</load_address>
         <run_address>0x40d2</run_address>
         <size>0x24</size>
         <input_file_ref idref="fl-e7"/>
      </object_component>
      <object_component id="oc-bb">
         <name>.text:CANIntClear</name>
         <load_address>0x40f6</load_address>
         <run_address>0x40f6</run_address>
         <size>0x22</size>
         <input_file_ref idref="fl-e7"/>
      </object_component>
      <object_component id="oc-200">
         <name>.text:PWMGenConfigure</name>
         <load_address>0x4118</load_address>
         <run_address>0x4118</run_address>
         <size>0x22</size>
         <input_file_ref idref="fl-eb"/>
      </object_component>
      <object_component id="oc-af">
         <name>.text:CANIntStatus</name>
         <load_address>0x413a</load_address>
         <run_address>0x413a</run_address>
         <size>0x20</size>
         <input_file_ref idref="fl-e7"/>
      </object_component>
      <object_component id="oc-26c">
         <name>.text:UARTDisable</name>
         <load_address>0x415c</load_address>
         <run_address>0x415c</run_address>
         <size>0x20</size>
         <input_file_ref idref="fl-ef"/>
      </object_component>
      <object_component id="oc-1db">
         <name>.text</name>
         <load_address>0x417c</load_address>
         <run_address>0x417c</run_address>
         <size>0x20</size>
         <input_file_ref idref="fl-c3"/>
      </object_component>
      <object_component id="oc-197">
         <name>.text:PWMPulseWidthSet</name>
         <load_address>0x419c</load_address>
         <run_address>0x419c</run_address>
         <size>0x1e</size>
         <input_file_ref idref="fl-eb"/>
      </object_component>
      <object_component id="oc-125">
         <name>.text:GPIOIntRegister</name>
         <load_address>0x41ba</load_address>
         <run_address>0x41ba</run_address>
         <size>0x18</size>
         <input_file_ref idref="fl-e9"/>
      </object_component>
      <object_component id="oc-131">
         <name>.text:GPIOPinTypeGPIOOutput</name>
         <load_address>0x41d2</load_address>
         <run_address>0x41d2</run_address>
         <size>0x18</size>
         <input_file_ref idref="fl-e9"/>
      </object_component>
      <object_component id="oc-3f6">
         <name>.text</name>
         <load_address>0x41ea</load_address>
         <run_address>0x41ea</run_address>
         <size>0x18</size>
         <input_file_ref idref="fl-e4"/>
      </object_component>
      <object_component id="oc-368">
         <name>.text</name>
         <load_address>0x4202</load_address>
         <run_address>0x4202</run_address>
         <size>0x18</size>
         <input_file_ref idref="fl-d9"/>
      </object_component>
      <object_component id="oc-155">
         <name>.text:GPIOPinTypeCAN</name>
         <load_address>0x421a</load_address>
         <run_address>0x421a</run_address>
         <size>0x16</size>
         <input_file_ref idref="fl-e9"/>
      </object_component>
      <object_component id="oc-113">
         <name>.text:GPIOPinTypeGPIOInput</name>
         <load_address>0x4230</load_address>
         <run_address>0x4230</run_address>
         <size>0x16</size>
         <input_file_ref idref="fl-e9"/>
      </object_component>
      <object_component id="oc-1fa">
         <name>.text:GPIOPinTypePWM</name>
         <load_address>0x4246</load_address>
         <run_address>0x4246</run_address>
         <size>0x16</size>
         <input_file_ref idref="fl-e9"/>
      </object_component>
      <object_component id="oc-1bd">
         <name>.text:GPIOPinTypeQEI</name>
         <load_address>0x425c</load_address>
         <run_address>0x425c</run_address>
         <size>0x16</size>
         <input_file_ref idref="fl-e9"/>
      </object_component>
      <object_component id="oc-224">
         <name>.text:GPIOPinTypeUART</name>
         <load_address>0x4272</load_address>
         <run_address>0x4272</run_address>
         <size>0x16</size>
         <input_file_ref idref="fl-e9"/>
      </object_component>
      <object_component id="oc-3a3">
         <name>.text</name>
         <load_address>0x4288</load_address>
         <run_address>0x4288</run_address>
         <size>0x16</size>
         <input_file_ref idref="fl-d6"/>
      </object_component>
      <object_component id="oc-1f4">
         <name>.text:SysCtlPWMClockSet</name>
         <load_address>0x42a0</load_address>
         <run_address>0x42a0</run_address>
         <size>0x14</size>
         <input_file_ref idref="fl-ed"/>
      </object_component>
      <object_component id="oc-83">
         <name>.text:UARTEnable</name>
         <load_address>0x42b4</load_address>
         <run_address>0x42b4</run_address>
         <size>0x14</size>
         <input_file_ref idref="fl-ef"/>
      </object_component>
      <object_component id="oc-466">
         <name>.text</name>
         <load_address>0x42c8</load_address>
         <run_address>0x42c8</run_address>
         <size>0x14</size>
         <input_file_ref idref="fl-e0"/>
      </object_component>
      <object_component id="oc-391">
         <name>.text</name>
         <load_address>0x42dc</load_address>
         <run_address>0x42dc</run_address>
         <size>0x14</size>
         <input_file_ref idref="fl-d7"/>
      </object_component>
      <object_component id="oc-397">
         <name>.text</name>
         <load_address>0x42f0</load_address>
         <run_address>0x42f0</run_address>
         <size>0x14</size>
         <input_file_ref idref="fl-d8"/>
      </object_component>
      <object_component id="oc-212">
         <name>.text:PWMOutputState</name>
         <load_address>0x4304</load_address>
         <run_address>0x4304</run_address>
         <size>0x12</size>
         <input_file_ref idref="fl-eb"/>
      </object_component>
      <object_component id="oc-183">
         <name>.text:TimerLoadSet</name>
         <load_address>0x4316</load_address>
         <run_address>0x4316</run_address>
         <size>0x12</size>
         <input_file_ref idref="fl-ee"/>
      </object_component>
      <object_component id="oc-4a">
         <name>.text:decompress:ZI:__TI_zero_init_nomemset</name>
         <load_address>0x4328</load_address>
         <run_address>0x4328</run_address>
         <size>0x12</size>
         <input_file_ref idref="fl-c5"/>
      </object_component>
      <object_component id="oc-f1">
         <name>.text:FPUEnable</name>
         <load_address>0x433c</load_address>
         <run_address>0x433c</run_address>
         <size>0x10</size>
         <input_file_ref idref="fl-e8"/>
      </object_component>
      <object_component id="oc-eb">
         <name>.text:FPULazyStackingEnable</name>
         <load_address>0x434c</load_address>
         <run_address>0x434c</run_address>
         <size>0x10</size>
         <input_file_ref idref="fl-e8"/>
      </object_component>
      <object_component id="oc-f7">
         <name>.text:IntMasterEnable</name>
         <load_address>0x435c</load_address>
         <run_address>0x435c</run_address>
         <size>0x10</size>
         <input_file_ref idref="fl-ea"/>
      </object_component>
      <object_component id="oc-206">
         <name>.text:PWMGenPeriodSet</name>
         <load_address>0x436c</load_address>
         <run_address>0x436c</run_address>
         <size>0x10</size>
         <input_file_ref idref="fl-eb"/>
      </object_component>
      <object_component id="oc-1e5">
         <name>.text:QEIVelocityConfigure</name>
         <load_address>0x437c</load_address>
         <run_address>0x437c</run_address>
         <size>0x10</size>
         <input_file_ref idref="fl-ec"/>
      </object_component>
      <object_component id="oc-137">
         <name>.text:GPIOIntDisable</name>
         <load_address>0x438c</load_address>
         <run_address>0x438c</run_address>
         <size>0xe</size>
         <input_file_ref idref="fl-e9"/>
      </object_component>
      <object_component id="oc-a3">
         <name>.text:GPIOIntStatus</name>
         <load_address>0x439a</load_address>
         <run_address>0x439a</run_address>
         <size>0xe</size>
         <input_file_ref idref="fl-e9"/>
      </object_component>
      <object_component id="oc-1cf">
         <name>.text:QEIConfigure</name>
         <load_address>0x43a8</load_address>
         <run_address>0x43a8</run_address>
         <size>0xe</size>
         <input_file_ref idref="fl-ec"/>
      </object_component>
      <object_component id="oc-18f">
         <name>.text:TimerEnable</name>
         <load_address>0x43b6</load_address>
         <run_address>0x43b6</run_address>
         <size>0xe</size>
         <input_file_ref idref="fl-ee"/>
      </object_component>
      <object_component id="oc-d9">
         <name>.text:UARTCharsAvail</name>
         <load_address>0x43c4</load_address>
         <run_address>0x43c4</run_address>
         <size>0xe</size>
         <input_file_ref idref="fl-ef"/>
      </object_component>
      <object_component id="oc-18">
         <name>.text:decompress:none</name>
         <load_address>0x43d2</load_address>
         <run_address>0x43d2</run_address>
         <size>0xe</size>
         <input_file_ref idref="fl-c6"/>
      </object_component>
      <object_component id="oc-2a4">
         <name>.text:CPUcpsie</name>
         <load_address>0x43e0</load_address>
         <run_address>0x43e0</run_address>
         <size>0xc</size>
         <input_file_ref idref="fl-f0"/>
      </object_component>
      <object_component id="oc-12b">
         <name>.text:GPIOIntEnable</name>
         <load_address>0x43ec</load_address>
         <run_address>0x43ec</run_address>
         <size>0xc</size>
         <input_file_ref idref="fl-e9"/>
      </object_component>
      <object_component id="oc-20c">
         <name>.text:PWMGenEnable</name>
         <load_address>0x43f8</load_address>
         <run_address>0x43f8</run_address>
         <size>0xc</size>
         <input_file_ref idref="fl-eb"/>
      </object_component>
      <object_component id="oc-24">
         <name>.text</name>
         <load_address>0x4404</load_address>
         <run_address>0x4404</run_address>
         <size>0xc</size>
         <input_file_ref idref="fl-3"/>
      </object_component>
      <object_component id="oc-16d">
         <name>.text:CANEnable</name>
         <load_address>0x4410</load_address>
         <run_address>0x4410</run_address>
         <size>0xa</size>
         <input_file_ref idref="fl-e7"/>
      </object_component>
      <object_component id="oc-1c3">
         <name>.text:QEIDisable</name>
         <load_address>0x441a</load_address>
         <run_address>0x441a</run_address>
         <size>0xa</size>
         <input_file_ref idref="fl-ec"/>
      </object_component>
      <object_component id="oc-1d5">
         <name>.text:QEIEnable</name>
         <load_address>0x4424</load_address>
         <run_address>0x4424</run_address>
         <size>0xa</size>
         <input_file_ref idref="fl-ec"/>
      </object_component>
      <object_component id="oc-1c9">
         <name>.text:QEIIntDisable</name>
         <load_address>0x442e</load_address>
         <run_address>0x442e</run_address>
         <size>0xa</size>
         <input_file_ref idref="fl-ec"/>
      </object_component>
      <object_component id="oc-1eb">
         <name>.text:QEIVelocityEnable</name>
         <load_address>0x4438</load_address>
         <run_address>0x4438</run_address>
         <size>0xa</size>
         <input_file_ref idref="fl-ec"/>
      </object_component>
      <object_component id="oc-8f">
         <name>.text:UARTCharGet</name>
         <load_address>0x4442</load_address>
         <run_address>0x4442</run_address>
         <size>0xa</size>
         <input_file_ref idref="fl-ef"/>
      </object_component>
      <object_component id="oc-89">
         <name>.text:UARTCharPut</name>
         <load_address>0x444c</load_address>
         <run_address>0x444c</run_address>
         <size>0xa</size>
         <input_file_ref idref="fl-ef"/>
      </object_component>
      <object_component id="oc-cd">
         <name>.text:UARTIntStatus</name>
         <load_address>0x4456</load_address>
         <run_address>0x4456</run_address>
         <size>0xa</size>
         <input_file_ref idref="fl-ef"/>
      </object_component>
      <object_component id="oc-167">
         <name>.text:CANIntEnable</name>
         <load_address>0x4460</load_address>
         <run_address>0x4460</run_address>
         <size>0x8</size>
         <input_file_ref idref="fl-e7"/>
      </object_component>
      <object_component id="oc-189">
         <name>.text:TimerIntEnable</name>
         <load_address>0x4468</load_address>
         <run_address>0x4468</run_address>
         <size>0x8</size>
         <input_file_ref idref="fl-ee"/>
      </object_component>
      <object_component id="oc-103">
         <name>.text:UARTIntEnable</name>
         <load_address>0x4470</load_address>
         <run_address>0x4470</run_address>
         <size>0x8</size>
         <input_file_ref idref="fl-ef"/>
      </object_component>
      <object_component id="oc-a9">
         <name>.text:GPIOIntClear</name>
         <load_address>0x4478</load_address>
         <run_address>0x4478</run_address>
         <size>0x6</size>
         <input_file_ref idref="fl-e9"/>
      </object_component>
      <object_component id="oc-c7">
         <name>.text:GPIOPinWrite</name>
         <load_address>0x447e</load_address>
         <run_address>0x447e</run_address>
         <size>0x6</size>
         <input_file_ref idref="fl-e9"/>
      </object_component>
      <object_component id="oc-10f">
         <name>.text:SysCtlDelay</name>
         <load_address>0x4484</load_address>
         <run_address>0x4484</run_address>
         <size>0x6</size>
         <input_file_ref idref="fl-ed"/>
      </object_component>
      <object_component id="oc-21e">
         <name>.text:UARTClockSourceSet</name>
         <load_address>0x448a</load_address>
         <run_address>0x448a</run_address>
         <size>0x6</size>
         <input_file_ref idref="fl-ef"/>
      </object_component>
      <object_component id="oc-1b1">
         <name>.text:QEIPositionGet</name>
         <load_address>0x4490</load_address>
         <run_address>0x4490</run_address>
         <size>0x4</size>
         <input_file_ref idref="fl-ec"/>
      </object_component>
      <object_component id="oc-1b7">
         <name>.text:QEIPositionSet</name>
         <load_address>0x4494</load_address>
         <run_address>0x4494</run_address>
         <size>0x4</size>
         <input_file_ref idref="fl-ec"/>
      </object_component>
      <object_component id="oc-175">
         <name>.text:QEIVelocityGet</name>
         <load_address>0x4498</load_address>
         <run_address>0x4498</run_address>
         <size>0x4</size>
         <input_file_ref idref="fl-ec"/>
      </object_component>
      <object_component id="oc-c1">
         <name>.text:TimerIntClear</name>
         <load_address>0x449c</load_address>
         <run_address>0x449c</run_address>
         <size>0x4</size>
         <input_file_ref idref="fl-ee"/>
      </object_component>
      <object_component id="oc-d3">
         <name>.text:UARTIntClear</name>
         <load_address>0x44a0</load_address>
         <run_address>0x44a0</run_address>
         <size>0x4</size>
         <input_file_ref idref="fl-ef"/>
      </object_component>
      <object_component id="oc-31a">
         <name>.text:abort</name>
         <load_address>0x44a4</load_address>
         <run_address>0x44a4</run_address>
         <size>0x4</size>
         <input_file_ref idref="fl-d0"/>
      </object_component>
      <object_component id="oc-257">
         <name>.text</name>
         <load_address>0x44a8</load_address>
         <run_address>0x44a8</run_address>
         <size>0x4</size>
         <input_file_ref idref="fl-ce"/>
      </object_component>
      <object_component id="oc-29c">
         <name>.const:.string:_ctypes_</name>
         <load_address>0x44b0</load_address>
         <run_address>0x44b0</run_address>
         <size>0x101</size>
         <input_file_ref idref="fl-d5"/>
      </object_component>
      <object_component id="oc-110">
         <name>.const</name>
         <load_address>0x45b4</load_address>
         <run_address>0x45b4</run_address>
         <size>0x4</size>
         <input_file_ref idref="fl-2"/>
      </object_component>
      <object_component id="oc-417">
         <name>.const:$O1$$</name>
         <load_address>0x45b8</load_address>
         <run_address>0x45b8</run_address>
         <size>0xc8</size>
         <input_file_ref idref="fl-da"/>
      </object_component>
      <object_component id="oc-3bf">
         <name>.const:g_ppui32GPIOIntMapBlizzard</name>
         <load_address>0x4680</load_address>
         <run_address>0x4680</run_address>
         <size>0xc0</size>
         <input_file_ref idref="fl-e9"/>
      </object_component>
      <object_component id="oc-3c2">
         <name>.const:g_ppui32GPIOIntMapSnowflake</name>
         <load_address>0x4740</load_address>
         <run_address>0x4740</run_address>
         <size>0xc0</size>
         <input_file_ref idref="fl-e9"/>
      </object_component>
      <object_component id="oc-2e1">
         <name>.const:g_pui32GPIOBaseAddrs</name>
         <load_address>0x4800</load_address>
         <run_address>0x4800</run_address>
         <size>0x90</size>
         <input_file_ref idref="fl-e9"/>
      </object_component>
      <object_component id="oc-2b1">
         <name>.const:g_pui32Xtals</name>
         <load_address>0x4890</load_address>
         <run_address>0x4890</run_address>
         <size>0x6c</size>
         <input_file_ref idref="fl-ed"/>
      </object_component>
      <object_component id="oc-2e7">
         <name>.const:g_ui16CANBitValues</name>
         <load_address>0x48fc</load_address>
         <run_address>0x48fc</run_address>
         <size>0x20</size>
         <input_file_ref idref="fl-e7"/>
      </object_component>
      <object_component id="oc-2ab">
         <name>.const:g_pui32EnRegs</name>
         <load_address>0x491c</load_address>
         <run_address>0x491c</run_address>
         <size>0x14</size>
         <input_file_ref idref="fl-ea"/>
      </object_component>
      <object_component id="oc-2b5">
         <name>.const:.string</name>
         <load_address>0x4930</load_address>
         <run_address>0x4930</run_address>
         <size>0x12</size>
         <input_file_ref idref="fl-2"/>
      </object_component>
      <object_component id="oc-3a9">
         <name>.const:$O1$$</name>
         <load_address>0x4944</load_address>
         <run_address>0x4944</run_address>
         <size>0x10</size>
         <input_file_ref idref="fl-d2"/>
      </object_component>
      <object_component id="oc-9b">
         <name>.const:g_ui32UARTBase</name>
         <load_address>0x4954</load_address>
         <run_address>0x4954</run_address>
         <size>0xc</size>
         <input_file_ref idref="fl-2"/>
      </object_component>
      <object_component id="oc-95">
         <name>.const:g_ui32UARTPeriph</name>
         <load_address>0x4960</load_address>
         <run_address>0x4960</run_address>
         <size>0xc</size>
         <input_file_ref idref="fl-2"/>
      </object_component>
      <object_component id="oc-4ba">
         <name>.cinit..data.load</name>
         <load_address>0x4970</load_address>
         <run_address>0x4970</run_address>
         <size>0x31</size>
      </object_component>
      <object_component id="oc-4b7">
         <name>__TI_handler_table</name>
         <load_address>0x49a4</load_address>
         <run_address>0x49a4</run_address>
         <size>0xc</size>
      </object_component>
      <object_component id="oc-4bb">
         <name>.cinit..bss.load</name>
         <load_address>0x49b0</load_address>
         <run_address>0x49b0</run_address>
         <size>0x8</size>
      </object_component>
      <object_component id="oc-4b9">
         <name>.cinit..vtable.load</name>
         <load_address>0x49b8</load_address>
         <run_address>0x49b8</run_address>
         <size>0x8</size>
      </object_component>
      <object_component id="oc-4b8">
         <name>__TI_cinit_table</name>
         <load_address>0x49c0</load_address>
         <run_address>0x49c0</run_address>
         <size>0x18</size>
      </object_component>
      <object_component id="oc-3c6">
         <name>.vtable</name>
         <uninitialized>true</uninitialized>
         <run_address>0x20000000</run_address>
         <size>0x26c</size>
         <input_file_ref idref="fl-ea"/>
      </object_component>
      <object_component id="oc-98">
         <name>.data</name>
         <load_address>0x20000870</load_address>
         <run_address>0x20000870</run_address>
         <size>0xd7</size>
         <input_file_ref idref="fl-2"/>
      </object_component>
      <object_component id="oc-1f1">
         <name>.data:stateTable</name>
         <load_address>0x2000094c</load_address>
         <run_address>0x2000094c</run_address>
         <size>0x4</size>
         <input_file_ref idref="fl-2"/>
      </object_component>
      <object_component id="oc-400">
         <name>.data</name>
         <load_address>0x20000948</load_address>
         <run_address>0x20000948</run_address>
         <size>0x4</size>
         <input_file_ref idref="fl-e6"/>
      </object_component>
      <object_component id="oc-196">
         <name>.common:currPosition0</name>
         <uninitialized>true</uninitialized>
         <run_address>0x20000978</run_address>
         <size>0x4</size>
      </object_component>
      <object_component id="oc-195">
         <name>.common:currPosition1</name>
         <uninitialized>true</uninitialized>
         <run_address>0x2000097c</run_address>
         <size>0x4</size>
      </object_component>
      <object_component id="oc-17c">
         <name>.common:currVel0</name>
         <uninitialized>true</uninitialized>
         <run_address>0x20000980</run_address>
         <size>0x4</size>
      </object_component>
      <object_component id="oc-17b">
         <name>.common:currVel1</name>
         <uninitialized>true</uninitialized>
         <run_address>0x20000984</run_address>
         <size>0x4</size>
      </object_component>
      <object_component id="oc-174">
         <name>.common:sCANMessageTX</name>
         <uninitialized>true</uninitialized>
         <run_address>0x20000964</run_address>
         <size>0x14</size>
      </object_component>
      <object_component id="oc-14c">
         <name>.common:ui32MsgDataTX</name>
         <uninitialized>true</uninitialized>
         <run_address>0x20000994</run_address>
         <size>0x4</size>
      </object_component>
      <object_component id="oc-149">
         <name>.common:pui8MsgDataTX</name>
         <uninitialized>true</uninitialized>
         <run_address>0x2000098c</run_address>
         <size>0x4</size>
      </object_component>
      <object_component id="oc-173">
         <name>.common:sCANMessageRX</name>
         <uninitialized>true</uninitialized>
         <run_address>0x20000950</run_address>
         <size>0x14</size>
      </object_component>
      <object_component id="oc-14e">
         <name>.common:ui32MsgDataRX</name>
         <uninitialized>true</uninitialized>
         <run_address>0x20000990</run_address>
         <size>0x4</size>
      </object_component>
      <object_component id="oc-14d">
         <name>.common:pui8MsgDataRX</name>
         <uninitialized>true</uninitialized>
         <run_address>0x20000988</run_address>
         <size>0x4</size>
      </object_component>
      <object_component id="oc-21">
         <name>.stack</name>
         <uninitialized>true</uninitialized>
         <run_address>0x20000270</run_address>
         <size>0x4</size>
         <input_file_ref idref="fl-ca"/>
      </object_component>
      <object_component id="oc-4bc">
         <name>.stack</name>
         <uninitialized>true</uninitialized>
         <run_address>0x20000270</run_address>
         <size>0x0</size>
      </object_component>
      <object_component id="oc-14a">
         <name>.debug_info</name>
         <load_address>0x0</load_address>
         <run_address>0x0</run_address>
         <size>0x114a</size>
         <input_file_ref idref="fl-2"/>
      </object_component>
      <object_component id="oc-99">
         <name>.debug_info</name>
         <load_address>0x114a</load_address>
         <run_address>0x114a</run_address>
         <size>0x75a</size>
         <input_file_ref idref="fl-2"/>
      </object_component>
      <object_component id="oc-111">
         <name>.debug_info</name>
         <load_address>0x18a4</load_address>
         <run_address>0x18a4</run_address>
         <size>0xc5</size>
         <input_file_ref idref="fl-2"/>
      </object_component>
      <object_component id="oc-9c">
         <name>.debug_info</name>
         <load_address>0x1969</load_address>
         <run_address>0x1969</run_address>
         <size>0xd3</size>
         <input_file_ref idref="fl-2"/>
      </object_component>
      <object_component id="oc-96">
         <name>.debug_info</name>
         <load_address>0x1a3c</load_address>
         <run_address>0x1a3c</run_address>
         <size>0xd7</size>
         <input_file_ref idref="fl-2"/>
      </object_component>
      <object_component id="oc-1f2">
         <name>.debug_info</name>
         <load_address>0x1b13</load_address>
         <run_address>0x1b13</run_address>
         <size>0xcc</size>
         <input_file_ref idref="fl-2"/>
      </object_component>
      <object_component id="oc-2d">
         <name>.debug_info</name>
         <load_address>0x1bdf</load_address>
         <run_address>0x1bdf</run_address>
         <size>0x2559</size>
         <input_file_ref idref="fl-2"/>
      </object_component>
      <object_component id="oc-288">
         <name>.debug_info</name>
         <load_address>0x4138</load_address>
         <run_address>0x4138</run_address>
         <size>0x1b3</size>
         <input_file_ref idref="fl-2"/>
      </object_component>
      <object_component id="oc-230">
         <name>.debug_info</name>
         <load_address>0x42eb</load_address>
         <run_address>0x42eb</run_address>
         <size>0x8b</size>
         <input_file_ref idref="fl-2"/>
      </object_component>
      <object_component id="oc-22b">
         <name>.debug_info</name>
         <load_address>0x4376</load_address>
         <run_address>0x4376</run_address>
         <size>0x18b</size>
         <input_file_ref idref="fl-2"/>
      </object_component>
      <object_component id="oc-235">
         <name>.debug_info</name>
         <load_address>0x4501</load_address>
         <run_address>0x4501</run_address>
         <size>0x4e</size>
         <input_file_ref idref="fl-2"/>
      </object_component>
      <object_component id="oc-32">
         <name>.debug_info</name>
         <load_address>0x454f</load_address>
         <run_address>0x454f</run_address>
         <size>0x327</size>
         <input_file_ref idref="fl-3"/>
      </object_component>
      <object_component id="oc-10">
         <name>.debug_info</name>
         <load_address>0x4876</load_address>
         <run_address>0x4876</run_address>
         <size>0xe4</size>
         <input_file_ref idref="fl-3"/>
      </object_component>
      <object_component id="oc-26">
         <name>.debug_info</name>
         <load_address>0x495a</load_address>
         <run_address>0x495a</run_address>
         <size>0x260</size>
         <input_file_ref idref="fl-3"/>
      </object_component>
      <object_component id="oc-39">
         <name>.debug_info</name>
         <load_address>0x4bba</load_address>
         <run_address>0x4bba</run_address>
         <size>0x84</size>
         <input_file_ref idref="fl-3"/>
      </object_component>
      <object_component id="oc-1a5">
         <name>.debug_info</name>
         <load_address>0x4c3e</load_address>
         <run_address>0x4c3e</run_address>
         <size>0x132</size>
         <input_file_ref idref="fl-be"/>
      </object_component>
      <object_component id="oc-1a9">
         <name>.debug_info</name>
         <load_address>0x4d70</load_address>
         <run_address>0x4d70</run_address>
         <size>0x132</size>
         <input_file_ref idref="fl-bf"/>
      </object_component>
      <object_component id="oc-1af">
         <name>.debug_info</name>
         <load_address>0x4ea2</load_address>
         <run_address>0x4ea2</run_address>
         <size>0x126</size>
         <input_file_ref idref="fl-c0"/>
      </object_component>
      <object_component id="oc-1e3">
         <name>.debug_info</name>
         <load_address>0x4fc8</load_address>
         <run_address>0x4fc8</run_address>
         <size>0x131</size>
         <input_file_ref idref="fl-c1"/>
      </object_component>
      <object_component id="oc-19f">
         <name>.debug_info</name>
         <load_address>0x50f9</load_address>
         <run_address>0x50f9</run_address>
         <size>0x124</size>
         <input_file_ref idref="fl-c2"/>
      </object_component>
      <object_component id="oc-1dd">
         <name>.debug_info</name>
         <load_address>0x521d</load_address>
         <run_address>0x521d</run_address>
         <size>0x126</size>
         <input_file_ref idref="fl-c3"/>
      </object_component>
      <object_component id="oc-a0">
         <name>.debug_info</name>
         <load_address>0x5343</load_address>
         <run_address>0x5343</run_address>
         <size>0x13a</size>
         <input_file_ref idref="fl-c4"/>
      </object_component>
      <object_component id="oc-250">
         <name>.debug_info</name>
         <load_address>0x547d</load_address>
         <run_address>0x547d</run_address>
         <size>0x2c9</size>
         <input_file_ref idref="fl-c5"/>
      </object_component>
      <object_component id="oc-4b">
         <name>.debug_info</name>
         <load_address>0x5746</load_address>
         <run_address>0x5746</run_address>
         <size>0x1b4</size>
         <input_file_ref idref="fl-c5"/>
      </object_component>
      <object_component id="oc-24b">
         <name>.debug_info</name>
         <load_address>0x58fa</load_address>
         <run_address>0x58fa</run_address>
         <size>0x46</size>
         <input_file_ref idref="fl-c5"/>
      </object_component>
      <object_component id="oc-311">
         <name>.debug_info</name>
         <load_address>0x5940</load_address>
         <run_address>0x5940</run_address>
         <size>0x2c</size>
         <input_file_ref idref="fl-c5"/>
      </object_component>
      <object_component id="oc-49">
         <name>.debug_info</name>
         <load_address>0x596c</load_address>
         <run_address>0x596c</run_address>
         <size>0x2e4</size>
         <input_file_ref idref="fl-c6"/>
      </object_component>
      <object_component id="oc-1c">
         <name>.debug_info</name>
         <load_address>0x5c50</load_address>
         <run_address>0x5c50</run_address>
         <size>0x1df</size>
         <input_file_ref idref="fl-c6"/>
      </object_component>
      <object_component id="oc-44">
         <name>.debug_info</name>
         <load_address>0x5e2f</load_address>
         <run_address>0x5e2f</run_address>
         <size>0x46</size>
         <input_file_ref idref="fl-c6"/>
      </object_component>
      <object_component id="oc-243">
         <name>.debug_info</name>
         <load_address>0x5e75</load_address>
         <run_address>0x5e75</run_address>
         <size>0x2c</size>
         <input_file_ref idref="fl-c6"/>
      </object_component>
      <object_component id="oc-241">
         <name>.debug_info</name>
         <load_address>0x5ea1</load_address>
         <run_address>0x5ea1</run_address>
         <size>0x293</size>
         <input_file_ref idref="fl-c7"/>
      </object_component>
      <object_component id="oc-13">
         <name>.debug_info</name>
         <load_address>0x6134</load_address>
         <run_address>0x6134</run_address>
         <size>0x245</size>
         <input_file_ref idref="fl-c7"/>
      </object_component>
      <object_component id="oc-34">
         <name>.debug_info</name>
         <load_address>0x6379</load_address>
         <run_address>0x6379</run_address>
         <size>0x60</size>
         <input_file_ref idref="fl-c7"/>
      </object_component>
      <object_component id="oc-23c">
         <name>.debug_info</name>
         <load_address>0x63d9</load_address>
         <run_address>0x63d9</run_address>
         <size>0x46</size>
         <input_file_ref idref="fl-c7"/>
      </object_component>
      <object_component id="oc-27e">
         <name>.debug_info</name>
         <load_address>0x641f</load_address>
         <run_address>0x641f</run_address>
         <size>0x147</size>
         <input_file_ref idref="fl-c8"/>
      </object_component>
      <object_component id="oc-2a0">
         <name>.debug_info</name>
         <load_address>0x6566</load_address>
         <run_address>0x6566</run_address>
         <size>0x36f</size>
         <input_file_ref idref="fl-c9"/>
      </object_component>
      <object_component id="oc-e1">
         <name>.debug_info</name>
         <load_address>0x68d5</load_address>
         <run_address>0x68d5</run_address>
         <size>0x40a</size>
         <input_file_ref idref="fl-c9"/>
      </object_component>
      <object_component id="oc-22">
         <name>.debug_info</name>
         <load_address>0x6cdf</load_address>
         <run_address>0x6cdf</run_address>
         <size>0x100</size>
         <input_file_ref idref="fl-ca"/>
      </object_component>
      <object_component id="oc-5e">
         <name>.debug_info</name>
         <load_address>0x6ddf</load_address>
         <run_address>0x6ddf</run_address>
         <size>0x1a4</size>
         <input_file_ref idref="fl-ca"/>
      </object_component>
      <object_component id="oc-3f">
         <name>.debug_info</name>
         <load_address>0x6f83</load_address>
         <run_address>0x6f83</run_address>
         <size>0x111</size>
         <input_file_ref idref="fl-cb"/>
      </object_component>
      <object_component id="oc-254">
         <name>.debug_info</name>
         <load_address>0x7094</load_address>
         <run_address>0x7094</run_address>
         <size>0x13f</size>
         <input_file_ref idref="fl-cc"/>
      </object_component>
      <object_component id="oc-3df">
         <name>.debug_info</name>
         <load_address>0x71d3</load_address>
         <run_address>0x71d3</run_address>
         <size>0x4a8</size>
         <input_file_ref idref="fl-cd"/>
      </object_component>
      <object_component id="oc-329">
         <name>.debug_info</name>
         <load_address>0x767b</load_address>
         <run_address>0x767b</run_address>
         <size>0x19b</size>
         <input_file_ref idref="fl-cd"/>
      </object_component>
      <object_component id="oc-449">
         <name>.debug_info</name>
         <load_address>0x7816</load_address>
         <run_address>0x7816</run_address>
         <size>0x39</size>
         <input_file_ref idref="fl-cd"/>
      </object_component>
      <object_component id="oc-44e">
         <name>.debug_info</name>
         <load_address>0x784f</load_address>
         <run_address>0x784f</run_address>
         <size>0x39</size>
         <input_file_ref idref="fl-cd"/>
      </object_component>
      <object_component id="oc-453">
         <name>.debug_info</name>
         <load_address>0x7888</load_address>
         <run_address>0x7888</run_address>
         <size>0xcd</size>
         <input_file_ref idref="fl-cd"/>
      </object_component>
      <object_component id="oc-25a">
         <name>.debug_info</name>
         <load_address>0x7955</load_address>
         <run_address>0x7955</run_address>
         <size>0x148</size>
         <input_file_ref idref="fl-ce"/>
      </object_component>
      <object_component id="oc-31b">
         <name>.debug_info</name>
         <load_address>0x7a9d</load_address>
         <run_address>0x7a9d</run_address>
         <size>0x117</size>
         <input_file_ref idref="fl-d0"/>
      </object_component>
      <object_component id="oc-3ab">
         <name>.debug_info</name>
         <load_address>0x7bb4</load_address>
         <run_address>0x7bb4</run_address>
         <size>0x5f0</size>
         <input_file_ref idref="fl-d2"/>
      </object_component>
      <object_component id="oc-297">
         <name>.debug_info</name>
         <load_address>0x81a4</load_address>
         <run_address>0x81a4</run_address>
         <size>0x8b5</size>
         <input_file_ref idref="fl-d2"/>
      </object_component>
      <object_component id="oc-3ad">
         <name>.debug_info</name>
         <load_address>0x8a59</load_address>
         <run_address>0x8a59</run_address>
         <size>0x9a</size>
         <input_file_ref idref="fl-d2"/>
      </object_component>
      <object_component id="oc-42c">
         <name>.debug_info</name>
         <load_address>0x8af3</load_address>
         <run_address>0x8af3</run_address>
         <size>0x2c</size>
         <input_file_ref idref="fl-d2"/>
      </object_component>
      <object_component id="oc-427">
         <name>.debug_info</name>
         <load_address>0x8b1f</load_address>
         <run_address>0x8b1f</run_address>
         <size>0x2ae</size>
         <input_file_ref idref="fl-d4"/>
      </object_component>
      <object_component id="oc-39e">
         <name>.debug_info</name>
         <load_address>0x8dcd</load_address>
         <run_address>0x8dcd</run_address>
         <size>0x171</size>
         <input_file_ref idref="fl-d4"/>
      </object_component>
      <object_component id="oc-3b4">
         <name>.debug_info</name>
         <load_address>0x8f3e</load_address>
         <run_address>0x8f3e</run_address>
         <size>0xee</size>
         <input_file_ref idref="fl-d5"/>
      </object_component>
      <object_component id="oc-29d">
         <name>.debug_info</name>
         <load_address>0x902c</load_address>
         <run_address>0x902c</run_address>
         <size>0xfa</size>
         <input_file_ref idref="fl-d5"/>
      </object_component>
      <object_component id="oc-429">
         <name>.debug_info</name>
         <load_address>0x9126</load_address>
         <run_address>0x9126</run_address>
         <size>0x28f</size>
         <input_file_ref idref="fl-d6"/>
      </object_component>
      <object_component id="oc-3a4">
         <name>.debug_info</name>
         <load_address>0x93b5</load_address>
         <run_address>0x93b5</run_address>
         <size>0x245</size>
         <input_file_ref idref="fl-d6"/>
      </object_component>
      <object_component id="oc-423">
         <name>.debug_info</name>
         <load_address>0x95fa</load_address>
         <run_address>0x95fa</run_address>
         <size>0x299</size>
         <input_file_ref idref="fl-d7"/>
      </object_component>
      <object_component id="oc-393">
         <name>.debug_info</name>
         <load_address>0x9893</load_address>
         <run_address>0x9893</run_address>
         <size>0x231</size>
         <input_file_ref idref="fl-d7"/>
      </object_component>
      <object_component id="oc-425">
         <name>.debug_info</name>
         <load_address>0x9ac4</load_address>
         <run_address>0x9ac4</run_address>
         <size>0x284</size>
         <input_file_ref idref="fl-d8"/>
      </object_component>
      <object_component id="oc-39b">
         <name>.debug_info</name>
         <load_address>0x9d48</load_address>
         <run_address>0x9d48</run_address>
         <size>0x22a</size>
         <input_file_ref idref="fl-d8"/>
      </object_component>
      <object_component id="oc-3f5">
         <name>.debug_info</name>
         <load_address>0x9f72</load_address>
         <run_address>0x9f72</run_address>
         <size>0x28b</size>
         <input_file_ref idref="fl-d9"/>
      </object_component>
      <object_component id="oc-369">
         <name>.debug_info</name>
         <load_address>0xa1fd</load_address>
         <run_address>0xa1fd</run_address>
         <size>0x24a</size>
         <input_file_ref idref="fl-d9"/>
      </object_component>
      <object_component id="oc-41b">
         <name>.debug_info</name>
         <load_address>0xa447</load_address>
         <run_address>0xa447</run_address>
         <size>0x41d</size>
         <input_file_ref idref="fl-da"/>
      </object_component>
      <object_component id="oc-418">
         <name>.debug_info</name>
         <load_address>0xa864</load_address>
         <run_address>0xa864</run_address>
         <size>0x118</size>
         <input_file_ref idref="fl-da"/>
      </object_component>
      <object_component id="oc-37c">
         <name>.debug_info</name>
         <load_address>0xa97c</load_address>
         <run_address>0xa97c</run_address>
         <size>0x4a3</size>
         <input_file_ref idref="fl-da"/>
      </object_component>
      <object_component id="oc-41f">
         <name>.debug_info</name>
         <load_address>0xae1f</load_address>
         <run_address>0xae1f</run_address>
         <size>0x2f0</size>
         <input_file_ref idref="fl-db"/>
      </object_component>
      <object_component id="oc-386">
         <name>.debug_info</name>
         <load_address>0xb10f</load_address>
         <run_address>0xb10f</run_address>
         <size>0x267</size>
         <input_file_ref idref="fl-db"/>
      </object_component>
      <object_component id="oc-421">
         <name>.debug_info</name>
         <load_address>0xb376</load_address>
         <run_address>0xb376</run_address>
         <size>0x2f1</size>
         <input_file_ref idref="fl-dc"/>
      </object_component>
      <object_component id="oc-38d">
         <name>.debug_info</name>
         <load_address>0xb667</load_address>
         <run_address>0xb667</run_address>
         <size>0x2ab</size>
         <input_file_ref idref="fl-dc"/>
      </object_component>
      <object_component id="oc-406">
         <name>.debug_info</name>
         <load_address>0xb912</load_address>
         <run_address>0xb912</run_address>
         <size>0x2f1</size>
         <input_file_ref idref="fl-dd"/>
      </object_component>
      <object_component id="oc-378">
         <name>.debug_info</name>
         <load_address>0xbc03</load_address>
         <run_address>0xbc03</run_address>
         <size>0x20d</size>
         <input_file_ref idref="fl-dd"/>
      </object_component>
      <object_component id="oc-404">
         <name>.debug_info</name>
         <load_address>0xbe10</load_address>
         <run_address>0xbe10</run_address>
         <size>0x2f2</size>
         <input_file_ref idref="fl-de"/>
      </object_component>
      <object_component id="oc-36f">
         <name>.debug_info</name>
         <load_address>0xc102</load_address>
         <run_address>0xc102</run_address>
         <size>0x230</size>
         <input_file_ref idref="fl-de"/>
      </object_component>
      <object_component id="oc-46d">
         <name>.debug_info</name>
         <load_address>0xc332</load_address>
         <run_address>0xc332</run_address>
         <size>0x316</size>
         <input_file_ref idref="fl-df"/>
      </object_component>
      <object_component id="oc-415">
         <name>.debug_info</name>
         <load_address>0xc648</load_address>
         <run_address>0xc648</run_address>
         <size>0x1c6</size>
         <input_file_ref idref="fl-df"/>
      </object_component>
      <object_component id="oc-46e">
         <name>.debug_info</name>
         <load_address>0xc80e</load_address>
         <run_address>0xc80e</run_address>
         <size>0x2c</size>
         <input_file_ref idref="fl-df"/>
      </object_component>
      <object_component id="oc-467">
         <name>.debug_info</name>
         <load_address>0xc83a</load_address>
         <run_address>0xc83a</run_address>
         <size>0x156</size>
         <input_file_ref idref="fl-e0"/>
      </object_component>
      <object_component id="oc-408">
         <name>.debug_info</name>
         <load_address>0xc990</load_address>
         <run_address>0xc990</run_address>
         <size>0x144</size>
         <input_file_ref idref="fl-e1"/>
      </object_component>
      <object_component id="oc-40e">
         <name>.debug_info</name>
         <load_address>0xcad4</load_address>
         <run_address>0xcad4</run_address>
         <size>0x120</size>
         <input_file_ref idref="fl-e2"/>
      </object_component>
      <object_component id="oc-381">
         <name>.debug_info</name>
         <load_address>0xcbf4</load_address>
         <run_address>0xcbf4</run_address>
         <size>0x136</size>
         <input_file_ref idref="fl-e3"/>
      </object_component>
      <object_component id="oc-3f7">
         <name>.debug_info</name>
         <load_address>0xcd2a</load_address>
         <run_address>0xcd2a</run_address>
         <size>0x11a</size>
         <input_file_ref idref="fl-e4"/>
      </object_component>
      <object_component id="oc-3fe">
         <name>.debug_info</name>
         <load_address>0xce44</load_address>
         <run_address>0xce44</run_address>
         <size>0x17d</size>
         <input_file_ref idref="fl-e5"/>
      </object_component>
      <object_component id="oc-401">
         <name>.debug_info</name>
         <load_address>0xcfc1</load_address>
         <run_address>0xcfc1</run_address>
         <size>0xf3</size>
         <input_file_ref idref="fl-e6"/>
      </object_component>
      <object_component id="oc-28d">
         <name>.debug_info</name>
         <load_address>0xd0b4</load_address>
         <run_address>0xd0b4</run_address>
         <size>0x36c</size>
         <input_file_ref idref="fl-e7"/>
      </object_component>
      <object_component id="oc-2e8">
         <name>.debug_info</name>
         <load_address>0xd420</load_address>
         <run_address>0xd420</run_address>
         <size>0x10d</size>
         <input_file_ref idref="fl-e7"/>
      </object_component>
      <object_component id="oc-b6">
         <name>.debug_info</name>
         <load_address>0xd52d</load_address>
         <run_address>0xd52d</run_address>
         <size>0x1ef</size>
         <input_file_ref idref="fl-e7"/>
      </object_component>
      <object_component id="oc-2d9">
         <name>.debug_info</name>
         <load_address>0xd71c</load_address>
         <run_address>0xd71c</run_address>
         <size>0x246</size>
         <input_file_ref idref="fl-e7"/>
      </object_component>
      <object_component id="oc-145">
         <name>.debug_info</name>
         <load_address>0xd962</load_address>
         <run_address>0xd962</run_address>
         <size>0x37c</size>
         <input_file_ref idref="fl-e7"/>
      </object_component>
      <object_component id="oc-2d3">
         <name>.debug_info</name>
         <load_address>0xdcde</load_address>
         <run_address>0xdcde</run_address>
         <size>0x247</size>
         <input_file_ref idref="fl-e7"/>
      </object_component>
      <object_component id="oc-13e">
         <name>.debug_info</name>
         <load_address>0xdf25</load_address>
         <run_address>0xdf25</run_address>
         <size>0x351</size>
         <input_file_ref idref="fl-e7"/>
      </object_component>
      <object_component id="oc-b0">
         <name>.debug_info</name>
         <load_address>0xe276</load_address>
         <run_address>0xe276</run_address>
         <size>0x1f5</size>
         <input_file_ref idref="fl-e7"/>
      </object_component>
      <object_component id="oc-168">
         <name>.debug_info</name>
         <load_address>0xe46b</load_address>
         <run_address>0xe46b</run_address>
         <size>0x1f3</size>
         <input_file_ref idref="fl-e7"/>
      </object_component>
      <object_component id="oc-bc">
         <name>.debug_info</name>
         <load_address>0xe65e</load_address>
         <run_address>0xe65e</run_address>
         <size>0x1ef</size>
         <input_file_ref idref="fl-e7"/>
      </object_component>
      <object_component id="oc-15c">
         <name>.debug_info</name>
         <load_address>0xe84d</load_address>
         <run_address>0xe84d</run_address>
         <size>0x1d5</size>
         <input_file_ref idref="fl-e7"/>
      </object_component>
      <object_component id="oc-16e">
         <name>.debug_info</name>
         <load_address>0xea22</load_address>
         <run_address>0xea22</run_address>
         <size>0x1ab</size>
         <input_file_ref idref="fl-e7"/>
      </object_component>
      <object_component id="oc-162">
         <name>.debug_info</name>
         <load_address>0xebcd</load_address>
         <run_address>0xebcd</run_address>
         <size>0x2c9</size>
         <input_file_ref idref="fl-e7"/>
      </object_component>
      <object_component id="oc-ec">
         <name>.debug_info</name>
         <load_address>0xee96</load_address>
         <run_address>0xee96</run_address>
         <size>0x18e</size>
         <input_file_ref idref="fl-e8"/>
      </object_component>
      <object_component id="oc-f2">
         <name>.debug_info</name>
         <load_address>0xf024</load_address>
         <run_address>0xf024</run_address>
         <size>0x176</size>
         <input_file_ref idref="fl-e8"/>
      </object_component>
      <object_component id="oc-285">
         <name>.debug_info</name>
         <load_address>0xf19a</load_address>
         <run_address>0xf19a</run_address>
         <size>0x375</size>
         <input_file_ref idref="fl-e9"/>
      </object_component>
      <object_component id="oc-3c0">
         <name>.debug_info</name>
         <load_address>0xf50f</load_address>
         <run_address>0xf50f</run_address>
         <size>0x11e</size>
         <input_file_ref idref="fl-e9"/>
      </object_component>
      <object_component id="oc-3c3">
         <name>.debug_info</name>
         <load_address>0xf62d</load_address>
         <run_address>0xf62d</run_address>
         <size>0x120</size>
         <input_file_ref idref="fl-e9"/>
      </object_component>
      <object_component id="oc-2e2">
         <name>.debug_info</name>
         <load_address>0xf74d</load_address>
         <run_address>0xf74d</run_address>
         <size>0x112</size>
         <input_file_ref idref="fl-e9"/>
      </object_component>
      <object_component id="oc-ca">
         <name>.debug_info</name>
         <load_address>0xf85f</load_address>
         <run_address>0xf85f</run_address>
         <size>0x20c</size>
         <input_file_ref idref="fl-e9"/>
      </object_component>
      <object_component id="oc-2bb">
         <name>.debug_info</name>
         <load_address>0xfa6b</load_address>
         <run_address>0xfa6b</run_address>
         <size>0x21c</size>
         <input_file_ref idref="fl-e9"/>
      </object_component>
      <object_component id="oc-11c">
         <name>.debug_info</name>
         <load_address>0xfc87</load_address>
         <run_address>0xfc87</run_address>
         <size>0x27f</size>
         <input_file_ref idref="fl-e9"/>
      </object_component>
      <object_component id="oc-227">
         <name>.debug_info</name>
         <load_address>0xff06</load_address>
         <run_address>0xff06</run_address>
         <size>0x1fb</size>
         <input_file_ref idref="fl-e9"/>
      </object_component>
      <object_component id="oc-1c0">
         <name>.debug_info</name>
         <load_address>0x10101</load_address>
         <run_address>0x10101</run_address>
         <size>0x1f9</size>
         <input_file_ref idref="fl-e9"/>
      </object_component>
      <object_component id="oc-1fd">
         <name>.debug_info</name>
         <load_address>0x102fa</load_address>
         <run_address>0x102fa</run_address>
         <size>0x1f9</size>
         <input_file_ref idref="fl-e9"/>
      </object_component>
      <object_component id="oc-134">
         <name>.debug_info</name>
         <load_address>0x104f3</load_address>
         <run_address>0x104f3</run_address>
         <size>0x220</size>
         <input_file_ref idref="fl-e9"/>
      </object_component>
      <object_component id="oc-116">
         <name>.debug_info</name>
         <load_address>0x10713</load_address>
         <run_address>0x10713</run_address>
         <size>0x205</size>
         <input_file_ref idref="fl-e9"/>
      </object_component>
      <object_component id="oc-158">
         <name>.debug_info</name>
         <load_address>0x10918</load_address>
         <run_address>0x10918</run_address>
         <size>0x1f9</size>
         <input_file_ref idref="fl-e9"/>
      </object_component>
      <object_component id="oc-153">
         <name>.debug_info</name>
         <load_address>0x10b11</load_address>
         <run_address>0x10b11</run_address>
         <size>0x1e9</size>
         <input_file_ref idref="fl-e9"/>
      </object_component>
      <object_component id="oc-2c5">
         <name>.debug_info</name>
         <load_address>0x10cfa</load_address>
         <run_address>0x10cfa</run_address>
         <size>0x1e7</size>
         <input_file_ref idref="fl-e9"/>
      </object_component>
      <object_component id="oc-123">
         <name>.debug_info</name>
         <load_address>0x10ee1</load_address>
         <run_address>0x10ee1</run_address>
         <size>0x224</size>
         <input_file_ref idref="fl-e9"/>
      </object_component>
      <object_component id="oc-a7">
         <name>.debug_info</name>
         <load_address>0x11105</load_address>
         <run_address>0x11105</run_address>
         <size>0x1e8</size>
         <input_file_ref idref="fl-e9"/>
      </object_component>
      <object_component id="oc-129">
         <name>.debug_info</name>
         <load_address>0x112ed</load_address>
         <run_address>0x112ed</run_address>
         <size>0x238</size>
         <input_file_ref idref="fl-e9"/>
      </object_component>
      <object_component id="oc-12f">
         <name>.debug_info</name>
         <load_address>0x11525</load_address>
         <run_address>0x11525</run_address>
         <size>0x1f8</size>
         <input_file_ref idref="fl-e9"/>
      </object_component>
      <object_component id="oc-13b">
         <name>.debug_info</name>
         <load_address>0x1171d</load_address>
         <run_address>0x1171d</run_address>
         <size>0x1fa</size>
         <input_file_ref idref="fl-e9"/>
      </object_component>
      <object_component id="oc-ad">
         <name>.debug_info</name>
[...]
         <object_component_ref idref="oc-1a7"/>
      </symbol>
      <symbol id="sm-2ad">
         <name>__aeabi_d2iz</name>
         <value>0x3d21</value>
         <object_component_ref idref="oc-1ac"/>
      </symbol>
      <symbol id="sm-2b7">
         <name>__aeabi_d2uiz</name>
         <value>0x3df5</value>
         <object_component_ref idref="oc-1e0"/>
      </symbol>
      <symbol id="sm-2c2">
         <name>__aeabi_f2d</name>
         <value>0x3fdd</value>
         <object_component_ref idref="oc-19d"/>
      </symbol>
      <symbol id="sm-2cc">
         <name>__aeabi_ui2d</name>
         <value>0x417d</value>
         <object_component_ref idref="oc-1db"/>
      </symbol>
      <symbol id="sm-2db">
         <name>__aeabi_uidivmod</name>
         <value>0x3eb9</value>
         <object_component_ref idref="oc-9e"/>
      </symbol>
      <symbol id="sm-2dc">
         <name>__aeabi_uidiv</name>
         <value>0x3eb9</value>
         <object_component_ref idref="oc-9e"/>
      </symbol>
      <symbol id="sm-2f5">
         <name>__TI_zero_init_nomemset</name>
         <value>0x4329</value>
         <object_component_ref idref="oc-4a"/>
      </symbol>
      <symbol id="sm-30c">
         <name>__TI_decompress_none</name>
         <value>0x43d3</value>
         <object_component_ref idref="oc-18"/>
      </symbol>
      <symbol id="sm-32a">
         <name>__TI_decompress_lzss</name>
         <value>0x3b69</value>
         <object_component_ref idref="oc-12"/>
      </symbol>
      <symbol id="sm-334">
         <name>__aeabi_idiv0</name>
         <value>0x2b77</value>
         <object_component_ref idref="oc-27d"/>
      </symbol>
      <symbol id="sm-356">
         <name>sscanf</name>
         <value>0x37cf</value>
         <object_component_ref idref="oc-df"/>
      </symbol>
      <symbol id="sm-357">
         <name>vsscanf</name>
         <value>0x37bd</value>
         <object_component_ref idref="oc-df"/>
      </symbol>
      <symbol id="sm-36a">
         <name>__stack</name>
         <value>0x20000270</value>
         <object_component_ref idref="oc-21"/>
      </symbol>
      <symbol id="sm-36b">
         <name>_c_int00_noargs</name>
         <value>0x3fa5</value>
         <object_component_ref idref="oc-5c"/>
      </symbol>
      <symbol id="sm-386">
         <name>memcpy</name>
         <value>0x3889</value>
         <object_component_ref idref="oc-3e"/>
      </symbol>
      <symbol id="sm-387">
         <name>__aeabi_memcpy</name>
         <value>0x3889</value>
         <object_component_ref idref="oc-3e"/>
      </symbol>
      <symbol id="sm-388">
         <name>__aeabi_memcpy8</name>
         <value>0x3889</value>
         <object_component_ref idref="oc-3e"/>
      </symbol>
      <symbol id="sm-389">
         <name>__aeabi_memcpy4</name>
         <value>0x3889</value>
         <object_component_ref idref="oc-3e"/>
      </symbol>
      <symbol id="sm-398">
         <name>__aeabi_memset</name>
         <value>0x39ad</value>
         <object_component_ref idref="oc-251"/>
      </symbol>
      <symbol id="sm-399">
         <name>memset</name>
         <value>0x39b3</value>
         <object_component_ref idref="oc-251"/>
      </symbol>
      <symbol id="sm-39a">
         <name>__aeabi_memset8</name>
         <value>0x39ad</value>
         <object_component_ref idref="oc-251"/>
      </symbol>
      <symbol id="sm-39b">
         <name>__aeabi_memset4</name>
         <value>0x39ad</value>
         <object_component_ref idref="oc-251"/>
      </symbol>
      <symbol id="sm-39c">
         <name>__aeabi_memclr8</name>
         <value>0x39ab</value>
         <object_component_ref idref="oc-251"/>
      </symbol>
      <symbol id="sm-39d">
         <name>__aeabi_memclr4</name>
         <value>0x39ab</value>
         <object_component_ref idref="oc-251"/>
      </symbol>
      <symbol id="sm-39e">
         <name>__aeabi_memclr</name>
         <value>0x39ab</value>
         <object_component_ref idref="oc-251"/>
      </symbol>
      <symbol id="sm-3c1">
         <name>__TI_auto_init_nobinit_nopinit</name>
         <value>0x3db1</value>
         <object_component_ref idref="oc-326"/>
      </symbol>
      <symbol id="sm-3cb">
         <name>_system_pre_init</name>
         <value>0x44a9</value>
         <object_component_ref idref="oc-257"/>
      </symbol>
      <symbol id="sm-3d7">
         <name>C$$EXIT</name>
         <value>0x44a5</value>
         <object_component_ref idref="oc-31a"/>
      </symbol>
      <symbol id="sm-3d8">
         <name>abort</name>
         <value>0x44a5</value>
         <object_component_ref idref="oc-31a"/>
      </symbol>
      <symbol id="sm-47d">
         <name>__TI_scanfi</name>
         <value>0x177d</value>
         <object_component_ref idref="oc-296"/>
      </symbol>
      <symbol id="sm-494">
         <name>atoi</name>
         <value>0x3cd5</value>
         <object_component_ref idref="oc-39d"/>
      </symbol>
      <symbol id="sm-49f">
         <name>_ctypes_</name>
         <value>0x44b0</value>
         <object_component_ref idref="oc-29c"/>
      </symbol>
      <symbol id="sm-4af">
         <name>strchr</name>
         <value>0x4289</value>
         <object_component_ref idref="oc-3a3"/>
      </symbol>
      <symbol id="sm-4bd">
         <name>strcpy</name>
         <value>0x42dd</value>
         <object_component_ref idref="oc-391"/>
      </symbol>
      <symbol id="sm-4cb">
         <name>strlen</name>
         <value>0x42f1</value>
         <object_component_ref idref="oc-397"/>
      </symbol>
      <symbol id="sm-4da">
         <name>strrchr</name>
         <value>0x4203</value>
         <object_component_ref idref="oc-368"/>
      </symbol>
      <symbol id="sm-53a">
         <name>strtold</name>
         <value>0x2195</value>
         <object_component_ref idref="oc-37a"/>
      </symbol>
      <symbol id="sm-53b">
         <name>strtod</name>
         <value>0x2195</value>
         <object_component_ref idref="oc-37a"/>
      </symbol>
      <symbol id="sm-560">
         <name>strtol</name>
         <value>0x2e0d</value>
         <object_component_ref idref="oc-385"/>
      </symbol>
      <symbol id="sm-587">
         <name>strtoll</name>
         <value>0x27e5</value>
         <object_component_ref idref="oc-38b"/>
      </symbol>
      <symbol id="sm-5a8">
         <name>strtoul</name>
         <value>0x31a5</value>
         <object_component_ref idref="oc-374"/>
      </symbol>
      <symbol id="sm-5cc">
         <name>strtoull</name>
         <value>0x2b79</value>
         <object_component_ref idref="oc-36e"/>
      </symbol>
      <symbol id="sm-5ee">
         <name>scalbn</name>
         <value>0x36c9</value>
         <object_component_ref idref="oc-411"/>
      </symbol>
      <symbol id="sm-5ef">
         <name>scalbnl</name>
         <value>0x36c9</value>
         <object_component_ref idref="oc-411"/>
      </symbol>
      <symbol id="sm-5f0">
         <name>ldexpl</name>
         <value>0x36c9</value>
         <object_component_ref idref="oc-411"/>
      </symbol>
      <symbol id="sm-5f1">
         <name>ldexp</name>
         <value>0x36c9</value>
         <object_component_ref idref="oc-411"/>
      </symbol>
      <symbol id="sm-5fb">
         <name>copysign</name>
         <value>0x42c9</value>
         <object_component_ref idref="oc-466"/>
      </symbol>
      <symbol id="sm-5fc">
         <name>copysignl</name>
         <value>0x42c9</value>
         <object_component_ref idref="oc-466"/>
      </symbol>
      <symbol id="sm-613">
         <name>__aeabi_dsub</name>
         <value>0x29c1</value>
         <object_component_ref idref="oc-407"/>
      </symbol>
      <symbol id="sm-614">
         <name>__aeabi_dadd</name>
         <value>0x29cb</value>
         <object_component_ref idref="oc-407"/>
      </symbol>
      <symbol id="sm-626">
         <name>__aeabi_cdcmpeq</name>
         <value>0x3925</value>
         <object_component_ref idref="oc-40c"/>
      </symbol>
      <symbol id="sm-627">
         <name>__aeabi_cdcmple</name>
         <value>0x3925</value>
         <object_component_ref idref="oc-40c"/>
      </symbol>
      <symbol id="sm-633">
         <name>__aeabi_d2f</name>
         <value>0x3a25</value>
         <object_component_ref idref="oc-380"/>
      </symbol>
      <symbol id="sm-63c">
         <name>__aeabi_lmul</name>
         <value>0x41eb</value>
         <object_component_ref idref="oc-3f6"/>
      </symbol>
      <symbol id="sm-658">
         <name>__aeabi_uldivmod</name>
         <value>0x25f1</value>
         <object_component_ref idref="oc-3fb"/>
      </symbol>
      <symbol id="sm-660">
         <name>errno</name>
         <value>0x20000948</value>
         <object_component_ref idref="oc-400"/>
      </symbol>
      <symbol id="sm-6fd">
         <name>CANMessageGet</name>
         <value>0x33c9</value>
         <object_component_ref idref="oc-13d"/>
      </symbol>
      <symbol id="sm-6fe">
         <name>CANBitRateSet</name>
         <value>0x3a95</value>
         <object_component_ref idref="oc-161"/>
      </symbol>
      <symbol id="sm-6ff">
         <name>CANEnable</name>
         <value>0x4411</value>
         <object_component_ref idref="oc-16d"/>
      </symbol>
      <symbol id="sm-700">
         <name>CANStatusGet</name>
         <value>0x3e39</value>
         <object_component_ref idref="oc-b5"/>
      </symbol>
      <symbol id="sm-701">
         <name>CANMessageSet</name>
         <value>0x3073</value>
         <object_component_ref idref="oc-143"/>
      </symbol>
      <symbol id="sm-702">
         <name>CANIntClear</name>
         <value>0x40f7</value>
         <object_component_ref idref="oc-bb"/>
      </symbol>
      <symbol id="sm-703">
         <name>CANIntStatus</name>
         <value>0x413b</value>
         <object_component_ref idref="oc-af"/>
      </symbol>
      <symbol id="sm-704">
         <name>CANInit</name>
         <value>0x3ef9</value>
         <object_component_ref idref="oc-15b"/>
      </symbol>
      <symbol id="sm-705">
         <name>CANIntEnable</name>
         <value>0x4461</value>
         <object_component_ref idref="oc-167"/>
      </symbol>
      <symbol id="sm-71b">
         <name>FPULazyStackingEnable</name>
         <value>0x434d</value>
         <object_component_ref idref="oc-eb"/>
      </symbol>
      <symbol id="sm-71c">
         <name>FPUEnable</name>
         <value>0x433d</value>
         <object_component_ref idref="oc-f1"/>
      </symbol>
      <symbol id="sm-7ce">
         <name>GPIOPinTypePWM</name>
         <value>0x4247</value>
         <object_component_ref idref="oc-1fa"/>
      </symbol>
      <symbol id="sm-7cf">
         <name>GPIOIntRegister</name>
         <value>0x41bb</value>
         <object_component_ref idref="oc-125"/>
      </symbol>
      <symbol id="sm-7d0">
         <name>GPIOPinConfigure</name>
         <value>0x3c89</value>
         <object_component_ref idref="oc-14f"/>
      </symbol>
      <symbol id="sm-7d1">
         <name>GPIOIntDisable</name>
         <value>0x438d</value>
         <object_component_ref idref="oc-137"/>
      </symbol>
      <symbol id="sm-7d2">
         <name>GPIOIntEnable</name>
         <value>0x43ed</value>
         <object_component_ref idref="oc-12b"/>
      </symbol>
      <symbol id="sm-7d3">
         <name>GPIOIntTypeSet</name>
         <value>0x3c31</value>
         <object_component_ref idref="oc-11f"/>
      </symbol>
      <symbol id="sm-7d4">
         <name>GPIOPinTypeGPIOInput</name>
         <value>0x4231</value>
         <object_component_ref idref="oc-113"/>
      </symbol>
      <symbol id="sm-7d5">
         <name>GPIOIntClear</name>
         <value>0x4479</value>
         <object_component_ref idref="oc-a9"/>
      </symbol>
      <symbol id="sm-7d6">
         <name>GPIOPinTypeUART</name>
         <value>0x4273</value>
         <object_component_ref idref="oc-224"/>
      </symbol>
      <symbol id="sm-7d7">
         <name>GPIOIntStatus</name>
         <value>0x439b</value>
         <object_component_ref idref="oc-a3"/>
      </symbol>
      <symbol id="sm-7d8">
         <name>GPIOPinTypeGPIOOutput</name>
         <value>0x41d3</value>
         <object_component_ref idref="oc-131"/>
      </symbol>
      <symbol id="sm-7d9">
         <name>GPIODirModeSet</name>
         <value>0x407d</value>
         <object_component_ref idref="oc-2b8"/>
      </symbol>
      <symbol id="sm-7da">
         <name>GPIOPinTypeQEI</name>
         <value>0x425d</value>
         <object_component_ref idref="oc-1bd"/>
      </symbol>
      <symbol id="sm-7db">
         <name>GPIOPinWrite</name>
         <value>0x447f</value>
         <object_component_ref idref="oc-c7"/>
      </symbol>
      <symbol id="sm-7dc">
         <name>GPIOPadConfigSet</name>
         <value>0x2f41</value>
         <object_component_ref idref="oc-119"/>
      </symbol>
      <symbol id="sm-7dd">
         <name>GPIOPinTypeCAN</name>
         <value>0x421b</value>
         <object_component_ref idref="oc-155"/>
      </symbol>
      <symbol id="sm-817">
         <name>IntEnable</name>
         <value>0x3b01</value>
         <object_component_ref idref="oc-fd"/>
      </symbol>
      <symbol id="sm-818">
         <name>IntRegister</name>
         <value>0x4015</value>
         <object_component_ref idref="oc-2c7"/>
      </symbol>
      <symbol id="sm-819">
         <name>g_pfnRAMVectors</name>
         <value>0x20000000</value>
         <object_component_ref idref="oc-3c6"/>
      </symbol>
      <symbol id="sm-81a">
         <name>IntMasterEnable</name>
         <value>0x435d</value>
         <object_component_ref idref="oc-f7"/>
      </symbol>
      <symbol id="sm-847">
         <name>PWMGenPeriodSet</name>
         <value>0x436d</value>
         <object_component_ref idref="oc-206"/>
      </symbol>
      <symbol id="sm-848">
         <name>PWMPulseWidthSet</name>
         <value>0x419d</value>
         <object_component_ref idref="oc-197"/>
      </symbol>
      <symbol id="sm-849">
         <name>PWMOutputState</name>
         <value>0x4305</value>
         <object_component_ref idref="oc-212"/>
      </symbol>
      <symbol id="sm-84a">
         <name>PWMGenEnable</name>
         <value>0x43f9</value>
         <object_component_ref idref="oc-20c"/>
      </symbol>
      <symbol id="sm-84b">
         <name>PWMGenConfigure</name>
         <value>0x4119</value>
         <object_component_ref idref="oc-200"/>
      </symbol>
      <symbol id="sm-898">
         <name>QEIPositionGet</name>
         <value>0x4491</value>
         <object_component_ref idref="oc-1b1"/>
      </symbol>
      <symbol id="sm-899">
         <name>QEIVelocityGet</name>
         <value>0x4499</value>
         <object_component_ref idref="oc-175"/>
      </symbol>
      <symbol id="sm-89a">
         <name>QEIVelocityConfigure</name>
         <value>0x437d</value>
         <object_component_ref idref="oc-1e5"/>
      </symbol>
      <symbol id="sm-89b">
         <name>QEIIntDisable</name>
         <value>0x442f</value>
         <object_component_ref idref="oc-1c9"/>
      </symbol>
      <symbol id="sm-89c">
         <name>QEIDisable</name>
         <value>0x441b</value>
         <object_component_ref idref="oc-1c3"/>
      </symbol>
      <symbol id="sm-89d">
         <name>QEIEnable</name>
         <value>0x4425</value>
         <object_component_ref idref="oc-1d5"/>
      </symbol>
      <symbol id="sm-89e">
         <name>QEIPositionSet</name>
         <value>0x4495</value>
         <object_component_ref idref="oc-1b7"/>
      </symbol>
      <symbol id="sm-89f">
         <name>QEIVelocityEnable</name>
         <value>0x4439</value>
         <object_component_ref idref="oc-1eb"/>
      </symbol>
      <symbol id="sm-8a0">
         <name>QEIConfigure</name>
         <value>0x43a9</value>
         <object_component_ref idref="oc-1cf"/>
      </symbol>
      <symbol id="sm-911">
         <name>SysCtlPeripheralPresent</name>
         <value>0x3f35</value>
         <object_component_ref idref="oc-71"/>
      </symbol>
      <symbol id="sm-912">
         <name>SysCtlClockSet</name>
         <value>0x35d5</value>
         <object_component_ref idref="oc-e5"/>
      </symbol>
      <symbol id="sm-913">
         <name>SysCtlDelay</name>
         <value>0x4485</value>
         <object_component_ref idref="oc-10f"/>
      </symbol>
      <symbol id="sm-914">
         <name>SysCtlPeripheralEnable</name>
         <value>0x4049</value>
         <object_component_ref idref="oc-77"/>
      </symbol>
      <symbol id="sm-915">
         <name>SysCtlClockGet</name>
         <value>0x32b9</value>
         <object_component_ref idref="oc-109"/>
      </symbol>
      <symbol id="sm-916">
         <name>SysCtlPWMClockSet</name>
         <value>0x42a1</value>
         <object_component_ref idref="oc-1f4"/>
      </symbol>
      <symbol id="sm-917">
         <name>SysCtlPeripheralReady</name>
         <value>0x3f6d</value>
         <object_component_ref idref="oc-218"/>
      </symbol>
      <symbol id="sm-94b">
         <name>TimerLoadSet</name>
         <value>0x4317</value>
         <object_component_ref idref="oc-183"/>
      </symbol>
      <symbol id="sm-94c">
         <name>TimerEnable</name>
         <value>0x43b7</value>
         <object_component_ref idref="oc-18f"/>
      </symbol>
      <symbol id="sm-94d">
         <name>TimerIntEnable</name>
         <value>0x4469</value>
         <object_component_ref idref="oc-189"/>
      </symbol>
      <symbol id="sm-94e">
         <name>TimerConfigure</name>
         <value>0x3bd1</value>
         <object_component_ref idref="oc-17d"/>
      </symbol>
      <symbol id="sm-94f">
         <name>TimerIntClear</name>
         <value>0x449d</value>
         <object_component_ref idref="oc-c1"/>
      </symbol>
      <symbol id="sm-9aa">
         <name>UARTConfigSetExpClk</name>
         <value>0x3d69</value>
         <object_component_ref idref="oc-7d"/>
      </symbol>
      <symbol id="sm-9ab">
         <name>UARTDisable</name>
         <value>0x415d</value>
         <object_component_ref idref="oc-26c"/>
      </symbol>
      <symbol id="sm-9ac">
         <name>UARTIntEnable</name>
         <value>0x4471</value>
         <object_component_ref idref="oc-103"/>
      </symbol>
      <symbol id="sm-9ad">
         <name>UARTCharsAvail</name>
         <value>0x43c5</value>
         <object_component_ref idref="oc-d9"/>
      </symbol>
      <symbol id="sm-9ae">
         <name>UARTClockSourceSet</name>
         <value>0x448b</value>
         <object_component_ref idref="oc-21e"/>
      </symbol>
      <symbol id="sm-9af">
         <name>UARTCharPut</name>
         <value>0x444d</value>
         <object_component_ref idref="oc-89"/>
      </symbol>
      <symbol id="sm-9b0">
         <name>UARTEnable</name>
         <value>0x42b5</value>
         <object_component_ref idref="oc-83"/>
      </symbol>
      <symbol id="sm-9b1">
         <name>UARTIntClear</name>
         <value>0x44a1</value>
         <object_component_ref idref="oc-d3"/>
      </symbol>
      <symbol id="sm-9b2">
         <name>UARTIntStatus</name>
         <value>0x4457</value>
         <object_component_ref idref="oc-cd"/>
      </symbol>
      <symbol id="sm-9b3">
         <name>UARTCharGet</name>
         <value>0x4443</value>
         <object_component_ref idref="oc-8f"/>
      </symbol>
      <symbol id="sm-9bd">
         <name>CPUcpsie</name>
         <value>0x43e1</value>
         <object_component_ref idref="oc-2a4"/>
      </symbol>
      <symbol id="sm-9be">
         <name>__TI_static_base__</name>
         <value>0x0</value>
      </symbol>
      <symbol id="sm-9c1">
         <name>__mpu_init</name>
         <value>0x0</value>
      </symbol>
      <symbol id="sm-9c2">
         <name>_system_post_cinit</name>
         <value>0x0</value>
      </symbol>
   </symbol_table>
   <title>Link successful</title>
</link_info>
